Archive member included to satisfy reference by file (symbol)

C:/ST/STM32CubeIDE_1.14.0/STM32CubeIDE/plugins/com.st.stm32cube.ide.mcu.externaltools.gnu-tools-for-stm32.12.3.rel1.win32_1.1.0.202410251130/tools/bin/../lib/gcc/arm-none-eabi/12.3.1/../../../../arm-none-eabi/lib/thumb/v8-m.main+fp/hard\libc_nano.a(libc_a-exit.o)
                              C:/ST/STM32CubeIDE_1.14.0/STM32CubeIDE/plugins/com.st.stm32cube.ide.mcu.externaltools.gnu-tools-for-stm32.12.3.rel1.win32_1.1.0.202410251130/tools/bin/../lib/gcc/arm-none-eabi/12.3.1/../../../../arm-none-eabi/lib/thumb/v8-m.main+fp/hard/crt0.o (exit)
C:/ST/STM32CubeIDE_1.14.0/STM32CubeIDE/plugins/com.st.stm32cube.ide.mcu.externaltools.gnu-tools-for-stm32.12.3.rel1.win32_1.1.0.202410251130/tools/bin/../lib/gcc/arm-none-eabi/12.3.1/../../../../arm-none-eabi/lib/thumb/v8-m.main+fp/hard\libc_nano.a(libc_a-findfp.o)
                              C:/ST/STM32CubeIDE_1.14.0/STM32CubeIDE/plugins/com.st.stm32cube.ide.mcu.externaltools.gnu-tools-for-stm32.12.3.rel1.win32_1.1.0.202410251130/tools/bin/../lib/gcc/arm-none-eabi/12.3.1/../../../../arm-none-eabi/lib/thumb/v8-m.main+fp/hard\libc_nano.a(libc_a-exit.o) (__stdio_exit_handler)
C:/ST/STM32CubeIDE_1.14.0/STM32CubeIDE/plugins/com.st.stm32cube.ide.mcu.externaltools.gnu-tools-for-stm32.12.3.rel1.win32_1.1.0.202410251130/tools/bin/../lib/gcc/arm-none-eabi/12.3.1/../../../../arm-none-eabi/lib/thumb/v8-m.main+fp/hard\libc_nano.a(libc_a-fwalk.o)
                              C:/ST/STM32CubeIDE_1.14.0/STM32CubeIDE/plugins/com.st.stm32cube.ide.mcu.externaltools.gnu-tools-for-stm32.12.3.rel1.win32_1.1.0.202410251130/tools/bin/../lib/gcc/arm-none-eabi/12.3.1/../../../../arm-none-eabi/lib/thumb/v8-m.main+fp/hard\libc_nano.a(libc_a-findfp.o) (_fwalk_sglue)
C:/ST/STM32CubeIDE_1.14.0/STM32CubeIDE/plugins/com.st.stm32cube.ide.mcu.externaltools.gnu-tools-for-stm32.12.3.rel1.win32_1.1.0.202410251130/tools/bin/../lib/gcc/arm-none-eabi/12.3.1/../../../../arm-none-eabi/lib/thumb/v8-m.main+fp/hard\libc_nano.a(libc_a-stdio.o)
                              C:/ST/STM32CubeIDE_1.14.0/STM32CubeIDE/plugins/com.st.stm32cube.ide.mcu.externaltools.gnu-tools-for-stm32.12.3.rel1.win32_1.1.0.202410251130/tools/bin/../lib/gcc/arm-none-eabi/12.3.1/../../../../arm-none-eabi/lib/thumb/v8-m.main+fp/hard\libc_nano.a(libc_a-findfp.o) (__sread)
C:/ST/STM32CubeIDE_1.14.0/STM32CubeIDE/plugins/com.st.stm32cube.ide.mcu.externaltools.gnu-tools-for-stm32.12.3.rel1.win32_1.1.0.202410251130/tools/bin/../lib/gcc/arm-none-eabi/12.3.1/../../../../arm-none-eabi/lib/thumb/v8-m.main+fp/hard\libc_nano.a(libc_a-memset.o)
                              C:/ST/STM32CubeIDE_1.14.0/STM32CubeIDE/plugins/com.st.stm32cube.ide.mcu.externaltools.gnu-tools-for-stm32.12.3.rel1.win32_1.1.0.202410251130/tools/bin/../lib/gcc/arm-none-eabi/12.3.1/../../../../arm-none-eabi/lib/thumb/v8-m.main+fp/hard/crt0.o (memset)
C:/ST/STM32CubeIDE_1.14.0/STM32CubeIDE/plugins/com.st.stm32cube.ide.mcu.externaltools.gnu-tools-for-stm32.12.3.rel1.win32_1.1.0.202410251130/tools/bin/../lib/gcc/arm-none-eabi/12.3.1/../../../../arm-none-eabi/lib/thumb/v8-m.main+fp/hard\libc_nano.a(libc_a-closer.o)
                              C:/ST/STM32CubeIDE_1.14.0/STM32CubeIDE/plugins/com.st.stm32cube.ide.mcu.externaltools.gnu-tools-for-stm32.12.3.rel1.win32_1.1.0.202410251130/tools/bin/../lib/gcc/arm-none-eabi/12.3.1/../../../../arm-none-eabi/lib/thumb/v8-m.main+fp/hard\libc_nano.a(libc_a-stdio.o) (_close_r)
C:/ST/STM32CubeIDE_1.14.0/STM32CubeIDE/plugins/com.st.stm32cube.ide.mcu.externaltools.gnu-tools-for-stm32.12.3.rel1.win32_1.1.0.202410251130/tools/bin/../lib/gcc/arm-none-eabi/12.3.1/../../../../arm-none-eabi/lib/thumb/v8-m.main+fp/hard\libc_nano.a(libc_a-reent.o)
                              C:/ST/STM32CubeIDE_1.14.0/STM32CubeIDE/plugins/com.st.stm32cube.ide.mcu.externaltools.gnu-tools-for-stm32.12.3.rel1.win32_1.1.0.202410251130/tools/bin/../lib/gcc/arm-none-eabi/12.3.1/../../../../arm-none-eabi/lib/thumb/v8-m.main+fp/hard\libc_nano.a(libc_a-closer.o) (errno)
C:/ST/STM32CubeIDE_1.14.0/STM32CubeIDE/plugins/com.st.stm32cube.ide.mcu.externaltools.gnu-tools-for-stm32.12.3.rel1.win32_1.1.0.202410251130/tools/bin/../lib/gcc/arm-none-eabi/12.3.1/../../../../arm-none-eabi/lib/thumb/v8-m.main+fp/hard\libc_nano.a(libc_a-impure.o)
                              C:/ST/STM32CubeIDE_1.14.0/STM32CubeIDE/plugins/com.st.stm32cube.ide.mcu.externaltools.gnu-tools-for-stm32.12.3.rel1.win32_1.1.0.202410251130/tools/bin/../lib/gcc/arm-none-eabi/12.3.1/../../../../arm-none-eabi/lib/thumb/v8-m.main+fp/hard\libc_nano.a(libc_a-reent.o) (_impure_ptr)
C:/ST/STM32CubeIDE_1.14.0/STM32CubeIDE/plugins/com.st.stm32cube.ide.mcu.externaltools.gnu-tools-for-stm32.12.3.rel1.win32_1.1.0.202410251130/tools/bin/../lib/gcc/arm-none-eabi/12.3.1/../../../../arm-none-eabi/lib/thumb/v8-m.main+fp/hard\libc_nano.a(libc_a-lseekr.o)
[...]
Memory Configuration

Name             Origin             Length             Attributes
RAM              0x20000000         0x002f0000         xrw
FLASH            0x08000000         0x00400000         xr
*default*        0x00000000         0xffffffff

Linker script and memory map

LOAD C:/ST/STM32CubeIDE_1.14.0/STM32CubeIDE/plugins/com.st.stm32cube.ide.mcu.externaltools.gnu-tools-for-stm32.12.3.rel1.win32_1.1.0.202410251130/tools/bin/../lib/gcc/arm-none-eabi/12.3.1/thumb/v8-m.main+fp/hard/crti.o
LOAD C:/ST/STM32CubeIDE_1.14.0/STM32CubeIDE/plugins/com.st.stm32cube.ide.mcu.externaltools.gnu-tools-for-stm32.12.3.rel1.win32_1.1.0.202410251130/tools/bin/../lib/gcc/arm-none-eabi/12.3.1/thumb/v8-m.main+fp/hard/crtbegin.o
LOAD C:/ST/STM32CubeIDE_1.14.0/STM32CubeIDE/plugins/com.st.stm32cube.ide.mcu.externaltools.gnu-tools-for-stm32.12.3.rel1.win32_1.1.0.202410251130/tools/bin/../lib/gcc/arm-none-eabi/12.3.1/../../../../arm-none-eabi/lib/thumb/v8-m.main+fp/hard/crt0.o
LOAD ./Core/Src/main.o
LOAD ./Core/Src/stm32u5xx_hal_msp.o
LOAD ./Core/Src/stm32u5xx_hal_timebase_tim.o
LOAD ./Core/Src/stm32u5xx_it.o
LOAD ./Core/Src/syscalls.o
LOAD ./Core/Src/sysmem.o
LOAD ./Core/Src/system_stm32u5xx.o
LOAD ./Core/Startup/startup_stm32u5g9zjtxq.o
LOAD ./Drivers/STM32U5xx_HAL_Driver/Src/stm32u5xx_hal.o
LOAD ./Drivers/STM32U5xx_HAL_Driver/Src/stm32u5xx_hal_cortex.o
LOAD ./Drivers/STM32U5xx_HAL_Driver/Src/stm32u5xx_hal_dma.o
LOAD ./Drivers/STM32U5xx_HAL_Driver/Src/stm32u5xx_hal_dma_ex.o
LOAD ./Drivers/STM32U5xx_HAL_Driver/Src/stm32u5xx_hal_exti.o
LOAD ./Drivers/STM32U5xx_HAL_Driver/Src/stm32u5xx_hal_flash.o
LOAD ./Drivers/STM32U5xx_HAL_Driver/Src/stm32u5xx_hal_flash_ex.o
LOAD ./Drivers/STM32U5xx_HAL_Driver/Src/stm32u5xx_hal_gpio.o
LOAD ./Drivers/STM32U5xx_HAL_Driver/Src/stm32u5xx_hal_gtzc.o
LOAD ./Drivers/STM32U5xx_HAL_Driver/Src/stm32u5xx_hal_i2c.o
LOAD ./Drivers/STM32U5xx_HAL_Driver/Src/stm32u5xx_hal_i2c_ex.o
LOAD ./Drivers/STM32U5xx_HAL_Driver/Src/stm32u5xx_hal_icache.o
LOAD ./Drivers/STM32U5xx_HAL_Driver/Src/stm32u5xx_hal_pcd.o
LOAD ./Drivers/STM32U5xx_HAL_Driver/Src/stm32u5xx_hal_pcd_ex.o
LOAD ./Drivers/STM32U5xx_HAL_Driver/Src/stm32u5xx_hal_pwr.o
LOAD ./Drivers/STM32U5xx_HAL_Driver/Src/stm32u5xx_hal_pwr_ex.o
LOAD ./Drivers/STM32U5xx_HAL_Driver/Src/stm32u5xx_hal_rcc.o
LOAD ./Drivers/STM32U5xx_HAL_Driver/Src/stm32u5xx_hal_rcc_ex.o
LOAD ./Drivers/STM32U5xx_HAL_Driver/Src/stm32u5xx_hal_tim.o
LOAD ./Drivers/STM32U5xx_HAL_Driver/Src/stm32u5xx_hal_tim_ex.o
LOAD ./Drivers/STM32U5xx_HAL_Driver/Src/stm32u5xx_ll_usb.o
LOAD ./LEG_USB/Middlewares/ST/STM32_USB_Device_Library/Class/CDC/Src/usbd_cdc.o
LOAD ./LEG_USB/Middlewares/ST/STM32_USB_Device_Library/Core/Src/usbd_core.o
LOAD ./LEG_USB/Middlewares/ST/STM32_USB_Device_Library/Core/Src/usbd_ctlreq.o
LOAD ./LEG_USB/Middlewares/ST/STM32_USB_Device_Library/Core/Src/usbd_ioreq.o
LOAD ./LEG_USB/USB_DEVICE/App/usb_device.o
LOAD ./LEG_USB/USB_DEVICE/App/usbd_cdc_if.o
LOAD ./LEG_USB/USB_DEVICE/App/usbd_desc.o
LOAD ./LEG_USB/USB_DEVICE/Target/usbd_conf.o
START GROUP
LOAD C:/ST/STM32CubeIDE_1.14.0/STM32CubeIDE/plugins/com.st.stm32cube.ide.mcu.externaltools.gnu-tools-for-stm32.12.3.rel1.win32_1.1.0.202410251130/tools/bin/../lib/gcc/arm-none-eabi/12.3.1/../../../../arm-none-eabi/lib/thumb/v8-m.main+fp/hard\libc_nano.a
LOAD C:/ST/STM32CubeIDE_1.14.0/STM32CubeIDE/plugins/com.st.stm32cube.ide.mcu.externaltools.gnu-tools-for-stm32.12.3.rel1.win32_1.1.0.202410251130/tools/bin/../lib/gcc/arm-none-eabi/12.3.1/../../../../arm-none-eabi/lib/thumb/v8-m.main+fp/hard\libm.a
END GROUP
START GROUP
LOAD C:/ST/STM32CubeIDE_1.14.0/STM32CubeIDE/plugins/com.st.stm32cube.ide.mcu.externaltools.gnu-tools-for-stm32.12.3.rel1.win32_1.1.0.202410251130/tools/bin/../lib/gcc/arm-none-eabi/12.3.1/thumb/v8-m.main+fp/hard\libgcc.a
LOAD C:/ST/STM32CubeIDE_1.14.0/STM32CubeIDE/plugins/com.st.stm32cube.ide.mcu.externaltools.gnu-tools-for-stm32.12.3.rel1.win32_1.1.0.202410251130/tools/bin/../lib/gcc/arm-none-eabi/12.3.1/../../../../arm-none-eabi/lib/thumb/v8-m.main+fp/hard\libc_nano.a
END GROUP
START GROUP
LOAD C:/ST/STM32CubeIDE_1.14.0/STM32CubeIDE/plugins/com.st.stm32cube.ide.mcu.externaltools.gnu-tools-for-stm32.12.3.rel1.win32_1.1.0.202410251130/tools/bin/../lib/gcc/arm-none-eabi/12.3.1/thumb/v8-m.main+fp/hard\libgcc.a
LOAD C:/ST/STM32CubeIDE_1.14.0/STM32CubeIDE/plugins/com.st.stm32cube.ide.mcu.externaltools.gnu-tools-for-stm32.12.3.rel1.win32_1.1.0.202410251130/tools/bin/../lib/gcc/arm-none-eabi/12.3.1/../../../../arm-none-eabi/lib/thumb/v8-m.main+fp/hard\libc_nano.a
LOAD C:/ST/STM32CubeIDE_1.14.0/STM32CubeIDE/plugins/com.st.stm32cube.ide.mcu.externaltools.gnu-tools-for-stm32.12.3.rel1.win32_1.1.0.202410251130/tools/bin/../lib/gcc/arm-none-eabi/12.3.1/../../../../arm-none-eabi/lib/thumb/v8-m.main+fp/hard\libnosys.a
END GROUP
START GROUP
LOAD C:/ST/STM32CubeIDE_1.14.0/STM32CubeIDE/plugins/com.st.stm32cube.ide.mcu.externaltools.gnu-tools-for-stm32.12.3.rel1.win32_1.1.0.202410251130/tools/bin/../lib/gcc/arm-none-eabi/12.3.1/thumb/v8-m.main+fp/hard\libgcc.a
LOAD C:/ST/STM32CubeIDE_1.14.0/STM32CubeIDE/plugins/com.st.stm32cube.ide.mcu.externaltools.gnu-tools-for-stm32.12.3.rel1.win32_1.1.0.202410251130/tools/bin/../lib/gcc/arm-none-eabi/12.3.1/../../../../arm-none-eabi/lib/thumb/v8-m.main+fp/hard\libc_nano.a
LOAD C:/ST/STM32CubeIDE_1.14.0/STM32CubeIDE/plugins/com.st.stm32cube.ide.mcu.externaltools.gnu-tools-for-stm32.12.3.rel1.win32_1.1.0.202410251130/tools/bin/../lib/gcc/arm-none-eabi/12.3.1/../../../../arm-none-eabi/lib/thumb/v8-m.main+fp/hard\libnosys.a
END GROUP
LOAD C:/ST/STM32CubeIDE_1.14.0/STM32CubeIDE/plugins/com.st.stm32cube.ide.mcu.externaltools.gnu-tools-for-stm32.12.3.rel1.win32_1.1.0.202410251130/tools/bin/../lib/gcc/arm-none-eabi/12.3.1/thumb/v8-m.main+fp/hard/crtend.o
LOAD C:/ST/STM32CubeIDE_1.14.0/STM32CubeIDE/plugins/com.st.stm32cube.ide.mcu.externaltools.gnu-tools-for-stm32.12.3.rel1.win32_1.1.0.202410251130/tools/bin/../lib/gcc/arm-none-eabi/12.3.1/thumb/v8-m.main+fp/hard/crtn.o
                0x202f0000                        _estack = (ORIGIN (RAM) + LENGTH (RAM))
                0x00000200                        _Min_Heap_Size = 0x200
                0x00000400                        _Min_Stack_Size = 0x400

.isr_vector     0x08000000      0x274
                0x08000000                        . = ALIGN (0x4)
 *(.isr_vector)
 .isr_vector    0x08000000      0x274 ./Core/Startup/startup_stm32u5g9zjtxq.o
                0x08000000                g_pfnVectors
                0x08000274                        . = ALIGN (0x4)

.text           0x08000274     0x9338
                0x08000274                        . = ALIGN (0x4)
 *(.text)
 .text          0x08000274       0x40 C:/ST/STM32CubeIDE_1.14.0/STM32CubeIDE/plugins/com.st.stm32cube.ide.mcu.externaltools.gnu-tools-for-stm32.12.3.rel1.win32_1.1.0.202410251130/tools/bin/../lib/gcc/arm-none-eabi/12.3.1/thumb/v8-m.main+fp/hard/crtbegin.o
 *(.text*)
 .text.Fill_Buffer
                0x080002b4       0x18 ./Core/Src/main.o
                0x080002b4                Fill_Buffer
 .text.main     0x080002cc       0x48 ./Core/Src/main.o
                0x080002cc                main
 .text.SystemClock_Config
                0x08000314       0xb0 ./Core/Src/main.o
                0x08000314                SystemClock_Config
 .text.MX_ICACHE_Init
                0x080003c4       0x26 ./Core/Src/main.o
 *fill*         0x080003ea        0x2 
 .text.MX_USB_OTG_HS_PCD_Init
                0x080003ec       0x5c ./Core/Src/main.o
                0x080003ec                MX_USB_OTG_HS_PCD_Init
 .text.MX_GPIO_Init
                0x08000448      0x110 ./Core/Src/main.o
 .text.HAL_TIM_PeriodElapsedCallback
                0x08000558       0x24 ./Core/Src/main.o
                0x08000558                HAL_TIM_PeriodElapsedCallback
 .text.Error_Handler
                0x0800057c        0xc ./Core/Src/main.o
                0x0800057c                Error_Handler
 .text.HAL_MspInit
                0x08000588       0x38 ./Core/Src/stm32u5xx_hal_msp.o
                0x08000588                HAL_MspInit
 .text.HAL_PCD_MspInit
                0x080005c0      0x11c ./Core/Src/stm32u5xx_hal_msp.o
                0x080005c0                HAL_PCD_MspInit
 .text.HAL_InitTick
                0x080006dc       0xe0 ./Core/Src/stm32u5xx_hal_timebase_tim.o
                0x080006dc                HAL_InitTick
 .text.NMI_Handler
                0x080007bc        0x8 ./Core/Src/stm32u5xx_it.o
                0x080007bc                NMI_Handler
 .text.HardFault_Handler
                0x080007c4        0x8 ./Core/Src/stm32u5xx_it.o
                0x080007c4                HardFault_Handler
 .text.MemManage_Handler
                0x080007cc        0x8 ./Core/Src/stm32u5xx_it.o
                0x080007cc                MemManage_Handler
 .text.BusFault_Handler
                0x080007d4        0x8 ./Core/Src/stm32u5xx_it.o
                0x080007d4                BusFault_Handler
 .text.UsageFault_Handler
                0x080007dc        0x8 ./Core/Src/stm32u5xx_it.o
                0x080007dc                UsageFault_Handler
 .text.SVC_Handler
                0x080007e4        0xe ./Core/Src/stm32u5xx_it.o
                0x080007e4                SVC_Handler
 .text.DebugMon_Handler
                0x080007f2        0xe ./Core/Src/stm32u5xx_it.o
                0x080007f2                DebugMon_Handler
 .text.PendSV_Handler
                0x08000800        0xe ./Core/Src/stm32u5xx_it.o
                0x08000800                PendSV_Handler
 .text.SysTick_Handler
                0x0800080e        0xe ./Core/Src/stm32u5xx_it.o
                0x0800080e                SysTick_Handler
 .text.TIM6_IRQHandler
                0x0800081c       0x14 ./Core/Src/stm32u5xx_it.o
                0x0800081c                TIM6_IRQHandler
 .text.OTG_HS_IRQHandler
                0x08000830       0x14 ./Core/Src/stm32u5xx_it.o
                0x08000830                OTG_HS_IRQHandler
 .text.SystemInit
                0x08000844       0x70 ./Core/Src/system_stm32u5xx.o
                0x08000844                SystemInit
 .text.Reset_Handler
                0x080008b4       0x50 ./Core/Startup/startup_stm32u5g9zjtxq.o
                0x080008b4                Reset_Handler
 .text.Default_Handler
                0x08000904        0x2 ./Core/Startup/startup_stm32u5g9zjtxq.o
                0x08000904                EXTI2_IRQHandler
                0x08000904                TIM8_TRG_COM_IRQHandler
                0x08000904                TIM8_CC_IRQHandler
                0x08000904                EXTI5_IRQHandler
                0x08000904                FLASH_S_IRQHandler
                0x08000904                EXTI13_IRQHandler
                0x08000904                DCACHE2_IRQHandler
                0x08000904                TIM1_CC_IRQHandler
                0x08000904                TSC_IRQHandler
                0x08000904                JPEG_IRQHandler
                0x08000904                TAMP_IRQHandler
                0x08000904                EXTI12_IRQHandler
                0x08000904                CORDIC_IRQHandler
                0x08000904                GFXTIM_IRQHandler
                0x08000904                EXTI3_IRQHandler
                0x08000904                LPTIM4_IRQHandler
                0x08000904                GPDMA1_Channel5_IRQHandler
                0x08000904                EXTI8_IRQHandler
                0x08000904                LPTIM2_IRQHandler
                0x08000904                GFXMMU_IRQHandler
                0x08000904                I2C3_ER_IRQHandler
                0x08000904                I2C5_EV_IRQHandler
                0x08000904                PWR_S3WU_IRQHandler
                0x08000904                MDF1_FLT2_IRQHandler
                0x08000904                LPDMA1_Channel3_IRQHandler
                0x08000904                LPTIM3_IRQHandler
                0x08000904                EXTI0_IRQHandler
                0x08000904                I2C2_EV_IRQHandler
                0x08000904                GPU2D_IRQHandler
                0x08000904                FPU_IRQHandler
                0x08000904                GPDMA1_Channel3_IRQHandler
                0x08000904                GPDMA1_Channel7_IRQHandler
                0x08000904                MDF1_FLT4_IRQHandler
                0x08000904                FDCAN1_IT1_IRQHandler
                0x08000904                RAMCFG_IRQHandler
                0x08000904                LTDC_ER_IRQHandler
                0x08000904                ADC1_2_IRQHandler
                0x08000904                GPDMA1_Channel9_IRQHandler
                0x08000904                DCACHE1_IRQHandler
                0x08000904                SPI1_IRQHandler
                0x08000904                OCTOSPI1_IRQHandler
                0x08000904                GPDMA1_Channel2_IRQHandler
                0x08000904                TIM8_UP_IRQHandler
                0x08000904                RCC_S_IRQHandler
                0x08000904                OCTOSPI2_IRQHandler
                0x08000904                SAI2_IRQHandler
                0x08000904                MDF1_FLT1_IRQHandler
                0x08000904                PKA_IRQHandler
                0x08000904                USART6_IRQHandler
                0x08000904                MDF1_FLT5_IRQHandler
                0x08000904                EXTI15_IRQHandler
                0x08000904                TIM17_IRQHandler
                0x08000904                USART3_IRQHandler
                0x08000904                RTC_IRQHandler
                0x08000904                EXTI9_IRQHandler
                0x08000904                HSPI1_IRQHandler
                0x08000904                UART5_IRQHandler
                0x08000904                TIM4_IRQHandler
                0x08000904                I2C1_EV_IRQHandler
                0x08000904                GPDMA1_Channel12_IRQHandler
                0x08000904                GPDMA1_Channel1_IRQHandler
                0x08000904                TIM16_IRQHandler
                0x08000904                GPDMA1_Channel15_IRQHandler
                0x08000904                UART4_IRQHandler
                0x08000904                SecureFault_Handler
                0x08000904                TIM3_IRQHandler
                0x08000904                RCC_IRQHandler
                0x08000904                TIM1_TRG_COM_IRQHandler
                0x08000904                Default_Handler
                0x08000904                GPDMA1_Channel8_IRQHandler
                0x08000904                FMAC_IRQHandler
                0x08000904                I2C5_ER_IRQHandler
                0x08000904                OTFDEC1_IRQHandler
                0x08000904                GPDMA1_Channel11_IRQHandler
                0x08000904                GPU2D_ER_IRQHandler
                0x08000904                TIM7_IRQHandler
                0x08000904                SDMMC1_IRQHandler
                0x08000904                SAES_IRQHandler
                0x08000904                TIM5_IRQHandler
                0x08000904                UCPD1_IRQHandler
                0x08000904                GPDMA1_Channel0_IRQHandler
                0x08000904                TIM15_IRQHandler
                0x08000904                I2C3_EV_IRQHandler
                0x08000904                LPDMA1_Channel0_IRQHandler
                0x08000904                LTDC_IRQHandler
                0x08000904                PVD_PVM_IRQHandler
                0x08000904                SPI2_IRQHandler
                0x08000904                LPDMA1_Channel1_IRQHandler
                0x08000904                EXTI14_IRQHandler
                0x08000904                EXTI11_IRQHandler
                0x08000904                OTFDEC2_IRQHandler
                0x08000904                CRS_IRQHandler
                0x08000904                GPDMA1_Channel14_IRQHandler
                0x08000904                LSECSSD_IRQHandler
                0x08000904                EXTI4_IRQHandler
                0x08000904                RTC_S_IRQHandler
                0x08000904                GPDMA1_Channel13_IRQHandler
                0x08000904                RNG_IRQHandler
                0x08000904                COMP_IRQHandler
                0x08000904                DSI_IRQHandler
                0x08000904                TIM1_UP_IRQHandler
                0x08000904                ADC4_IRQHandler
                0x08000904                WWDG_IRQHandler
                0x08000904                I2C4_EV_IRQHandler
                0x08000904                ADF1_IRQHandler
                0x08000904                IWDG_IRQHandler
                0x08000904                I2C6_ER_IRQHandler
                0x08000904                LPUART1_IRQHandler
                0x08000904                MDF1_FLT0_IRQHandler
                0x08000904                FDCAN1_IT0_IRQHandler
                0x08000904                TIM2_IRQHandler
                0x08000904                GPDMA1_Channel4_IRQHandler
                0x08000904                EXTI7_IRQHandler
                0x08000904                DMA2D_IRQHandler
                0x08000904                TIM1_BRK_IRQHandler
                0x08000904                EXTI1_IRQHandler
                0x08000904                SDMMC2_IRQHandler
                0x08000904                AES_IRQHandler
                0x08000904                DAC1_IRQHandler
                0x08000904                GTZC_IRQHandler
                0x08000904                MDF1_FLT3_IRQHandler
                0x08000904                USART2_IRQHandler
                0x08000904                I2C6_EV_IRQHandler
                0x08000904                GPDMA1_Channel6_IRQHandler
                0x08000904                I2C2_ER_IRQHandler
                0x08000904                TIM8_BRK_IRQHandler
                0x08000904                FLASH_IRQHandler
                0x08000904                USART1_IRQHandler
                0x08000904                EXTI10_IRQHandler
                0x08000904                SPI3_IRQHandler
                0x08000904                LPDMA1_Channel2_IRQHandler
                0x08000904                I2C1_ER_IRQHandler
                0x08000904                FMC_IRQHandler
                0x08000904                EXTI6_IRQHandler
                0x08000904                LPTIM1_IRQHandler
                0x08000904                DCMI_PSSI_IRQHandler
                0x08000904                I2C4_ER_IRQHandler
                0x08000904                GPDMA1_Channel10_IRQHandler
                0x08000904                ICACHE_IRQHandler
                0x08000904                SAI1_IRQHandler
                0x08000904                HASH_IRQHandler
 *fill*         0x08000906        0x2 
 .text.HAL_Init
                0x08000908       0x60 ./Drivers/STM32U5xx_HAL_Driver/Src/stm32u5xx_hal.o
                0x08000908                HAL_Init
 .text.HAL_IncTick
                0x08000968       0x28 ./Drivers/STM32U5xx_HAL_Driver/Src/stm32u5xx_hal.o
                0x08000968                HAL_IncTick
 .text.HAL_GetTick
                0x08000990       0x18 ./Drivers/STM32U5xx_HAL_Driver/Src/stm32u5xx_hal.o
                0x08000990                HAL_GetTick
 .text.HAL_Delay
                0x080009a8       0x48 ./Drivers/STM32U5xx_HAL_Driver/Src/stm32u5xx_hal.o
                0x080009a8                HAL_Delay
 .text.HAL_SYSCFG_EnableOTGPHY
                0x080009f0       0x28 ./Drivers/STM32U5xx_HAL_Driver/Src/stm32u5xx_hal.o
                0x080009f0                HAL_SYSCFG_EnableOTGPHY
 .text.HAL_SYSCFG_SetOTGPHYReferenceClockSelection
                0x08000a18       0x28 ./Drivers/STM32U5xx_HAL_Driver/Src/stm32u5xx_hal.o
                0x08000a18                HAL_SYSCFG_SetOTGPHYReferenceClockSelection
 .text.__NVIC_SetPriorityGrouping
                0x08000a40       0x48 ./Drivers/STM32U5xx_HAL_Driver/Src/stm32u5xx_hal_cortex.o
 .text.__NVIC_GetPriorityGrouping
                0x08000a88       0x1c ./Drivers/STM32U5xx_HAL_Driver/Src/stm32u5xx_hal_cortex.o
 .text.__NVIC_EnableIRQ
                0x08000aa4       0x3c ./Drivers/STM32U5xx_HAL_Driver/Src/stm32u5xx_hal_cortex.o
 .text.__NVIC_SetPriority
                0x08000ae0       0x54 ./Drivers/STM32U5xx_HAL_Driver/Src/stm32u5xx_hal_cortex.o
 .text.NVIC_EncodePriority
                0x08000b34       0x66 ./Drivers/STM32U5xx_HAL_Driver/Src/stm32u5xx_hal_cortex.o
 .text.HAL_NVIC_SetPriorityGrouping
                0x08000b9a       0x16 ./Drivers/STM32U5xx_HAL_Driver/Src/stm32u5xx_hal_cortex.o
                0x08000b9a                HAL_NVIC_SetPriorityGrouping
 .text.HAL_NVIC_SetPriority
                0x08000bb0       0x34 ./Drivers/STM32U5xx_HAL_Driver/Src/stm32u5xx_hal_cortex.o
                0x08000bb0                HAL_NVIC_SetPriority
 .text.HAL_NVIC_EnableIRQ
                0x08000be4       0x1c ./Drivers/STM32U5xx_HAL_Driver/Src/stm32u5xx_hal_cortex.o
                0x08000be4                HAL_NVIC_EnableIRQ
 .text.HAL_SYSTICK_CLKSourceConfig
                0x08000c00       0xb0 ./Drivers/STM32U5xx_HAL_Driver/Src/stm32u5xx_hal_cortex.o
                0x08000c00                HAL_SYSTICK_CLKSourceConfig
 .text.HAL_GPIO_Init
                0x08000cb0      0x3b0 ./Drivers/STM32U5xx_HAL_Driver/Src/stm32u5xx_hal_gpio.o
                0x08000cb0                HAL_GPIO_Init
 .text.HAL_GPIO_WritePin
                0x08001060       0x30 ./Drivers/STM32U5xx_HAL_Driver/Src/stm32u5xx_hal_gpio.o
                0x08001060                HAL_GPIO_WritePin
 .text.HAL_ICACHE_ConfigAssociativityMode
                0x08001090       0x40 ./Drivers/STM32U5xx_HAL_Driver/Src/stm32u5xx_hal_icache.o
                0x08001090                HAL_ICACHE_ConfigAssociativityMode
 .text.HAL_ICACHE_Enable
                0x080010d0       0x20 ./Drivers/STM32U5xx_HAL_Driver/Src/stm32u5xx_hal_icache.o
                0x080010d0                HAL_ICACHE_Enable
 .text.HAL_PCD_Init
                0x080010f0      0x218 ./Drivers/STM32U5xx_HAL_Driver/Src/stm32u5xx_hal_pcd.o
                0x080010f0                HAL_PCD_Init
 .text.HAL_PCD_Start
                0x08001308       0x44 ./Drivers/STM32U5xx_HAL_Driver/Src/stm32u5xx_hal_pcd.o
                0x08001308                HAL_PCD_Start
 .text.HAL_PCD_IRQHandler
                0x0800134c      0x99c ./Drivers/STM32U5xx_HAL_Driver/Src/stm32u5xx_hal_pcd.o
                0x0800134c                HAL_PCD_IRQHandler
 .text.HAL_PCD_SetAddress
                0x08001ce8       0x48 ./Drivers/STM32U5xx_HAL_Driver/Src/stm32u5xx_hal_pcd.o
                0x08001ce8                HAL_PCD_SetAddress
 .text.HAL_PCD_EP_Open
                0x08001d30       0xd4 ./Drivers/STM32U5xx_HAL_Driver/Src/stm32u5xx_hal_pcd.o
                0x08001d30                HAL_PCD_EP_Open
 .text.HAL_PCD_EP_Close
                0x08001e04       0x94 ./Drivers/STM32U5xx_HAL_Driver/Src/stm32u5xx_hal_pcd.o
                0x08001e04                HAL_PCD_EP_Close
 .text.HAL_PCD_EP_Receive
                0x08001e98       0x76 ./Drivers/STM32U5xx_HAL_Driver/Src/stm32u5xx_hal_pcd.o
                0x08001e98                HAL_PCD_EP_Receive
 .text.HAL_PCD_EP_GetRxCount
                0x08001f0e       0x30 ./Drivers/STM32U5xx_HAL_Driver/Src/stm32u5xx_hal_pcd.o
                0x08001f0e                HAL_PCD_EP_GetRxCount
 .text.HAL_PCD_EP_Transmit
                0x08001f3e       0x74 ./Drivers/STM32U5xx_HAL_Driver/Src/stm32u5xx_hal_pcd.o
                0x08001f3e                HAL_PCD_EP_Transmit
 .text.HAL_PCD_EP_SetStall
                0x08001fb2       0xc6 ./Drivers/STM32U5xx_HAL_Driver/Src/stm32u5xx_hal_pcd.o
                0x08001fb2                HAL_PCD_EP_SetStall
 .text.HAL_PCD_EP_ClrStall
                0x08002078       0xac ./Drivers/STM32U5xx_HAL_Driver/Src/stm32u5xx_hal_pcd.o
                0x08002078                HAL_PCD_EP_ClrStall
 .text.HAL_PCD_EP_Abort
                0x08002124       0x62 ./Drivers/STM32U5xx_HAL_Driver/Src/stm32u5xx_hal_pcd.o
                0x08002124                HAL_PCD_EP_Abort
 .text.PCD_WriteEmptyTxFifo
                0x08002186      0x118 ./Drivers/STM32U5xx_HAL_Driver/Src/stm32u5xx_hal_pcd.o
 *fill*         0x0800229e        0x2 
 .text.PCD_EP_OutXfrComplete_int
                0x080022a0      0x1d0 ./Drivers/STM32U5xx_HAL_Driver/Src/stm32u5xx_hal_pcd.o
 .text.PCD_EP_OutSetupPacket_int
                0x08002470       0x8c ./Drivers/STM32U5xx_HAL_Driver/Src/stm32u5xx_hal_pcd.o
 .text.HAL_PCDEx_SetTxFiFo
                0x080024fc       0x8e ./Drivers/STM32U5xx_HAL_Driver/Src/stm32u5xx_hal_pcd_ex.o
                0x080024fc                HAL_PCDEx_SetTxFiFo
 .text.HAL_PCDEx_SetRxFiFo
                0x0800258a       0x22 ./Drivers/STM32U5xx_HAL_Driver/Src/stm32u5xx_hal_pcd_ex.o
                0x0800258a                HAL_PCDEx_SetRxFiFo
 .text.HAL_PCDEx_ActivateLPM
                0x080025ac       0x48 ./Drivers/STM32U5xx_HAL_Driver/Src/stm32u5xx_hal_pcd_ex.o
                0x080025ac                HAL_PCDEx_ActivateLPM
 .text.HAL_PCDEx_LPM_Callback
                0x080025f4       0x18 ./Drivers/STM32U5xx_HAL_Driver/Src/stm32u5xx_hal_pcd_ex.o
                0x080025f4                HAL_PCDEx_LPM_Callback
 .text.HAL_PWREx_ControlVoltageScaling
                0x0800260c       0xfc ./Drivers/STM32U5xx_HAL_Driver/Src/stm32u5xx_hal_pwr_ex.o
                0x0800260c                HAL_PWREx_ControlVoltageScaling
 .text.HAL_PWREx_GetVoltageRange
                0x08002708       0x1c ./Drivers/STM32U5xx_HAL_Driver/Src/stm32u5xx_hal_pwr_ex.o
                0x08002708                HAL_PWREx_GetVoltageRange
 .text.HAL_PWREx_EnableVddUSB
                0x08002724       0x20 ./Drivers/STM32U5xx_HAL_Driver/Src/stm32u5xx_hal_pwr_ex.o
                0x08002724                HAL_PWREx_EnableVddUSB
 .text.HAL_PWREx_EnableVddIO2
                0x08002744       0x20 ./Drivers/STM32U5xx_HAL_Driver/Src/stm32u5xx_hal_pwr_ex.o
                0x08002744                HAL_PWREx_EnableVddIO2
 .text.HAL_PWREx_EnableUSBHSTranceiverSupply
                0x08002764       0x3c ./Drivers/STM32U5xx_HAL_Driver/Src/stm32u5xx_hal_pwr_ex.o
                0x08002764                HAL_PWREx_EnableUSBHSTranceiverSupply
 .text.HAL_RCC_OscConfig
                0x080027a0      0xdb8 ./Drivers/STM32U5xx_HAL_Driver/Src/stm32u5xx_hal_rcc.o
                0x080027a0                HAL_RCC_OscConfig
 .text.HAL_RCC_ClockConfig
                0x08003558      0x3e4 ./Drivers/STM32U5xx_HAL_Driver/Src/stm32u5xx_hal_rcc.o
                0x08003558                HAL_RCC_ClockConfig
 .text.HAL_RCC_GetSysClockFreq
                0x0800393c      0x204 ./Drivers/STM32U5xx_HAL_Driver/Src/stm32u5xx_hal_rcc.o
                0x0800393c                HAL_RCC_GetSysClockFreq
 .text.HAL_RCC_GetHCLKFreq
                0x08003b40       0x34 ./Drivers/STM32U5xx_HAL_Driver/Src/stm32u5xx_hal_rcc.o
                0x08003b40                HAL_RCC_GetHCLKFreq
 .text.HAL_RCC_GetPCLK1Freq
                0x08003b74       0x28 ./Drivers/STM32U5xx_HAL_Driver/Src/stm32u5xx_hal_rcc.o
                0x08003b74                HAL_RCC_GetPCLK1Freq
 .text.HAL_RCC_GetClockConfig
                0x08003b9c       0x70 ./Drivers/STM32U5xx_HAL_Driver/Src/stm32u5xx_hal_rcc.o
                0x08003b9c                HAL_RCC_GetClockConfig
 .text.RCC_SetFlashLatencyFromMSIRange
                0x08003c0c      0x10c ./Drivers/STM32U5xx_HAL_Driver/Src/stm32u5xx_hal_rcc.o
 .text.HAL_RCCEx_PeriphCLKConfig
                0x08003d18      0xe70 ./Drivers/STM32U5xx_HAL_Driver/Src/stm32u5xx_hal_rcc_ex.o
                0x08003d18                HAL_RCCEx_PeriphCLKConfig
 .text.RCCEx_PLL2_Config
                0x08004b88      0x130 ./Drivers/STM32U5xx_HAL_Driver/Src/stm32u5xx_hal_rcc_ex.o
 .text.RCCEx_PLL3_Config
                0x08004cb8      0x130 ./Drivers/STM32U5xx_HAL_Driver/Src/stm32u5xx_hal_rcc_ex.o
 .text.HAL_TIM_Base_Init
                0x08004de8       0xae ./Drivers/STM32U5xx_HAL_Driver/Src/stm32u5xx_hal_tim.o
                0x08004de8                HAL_TIM_Base_Init
 .text.HAL_TIM_Base_MspInit
                0x08004e96       0x14 ./Drivers/STM32U5xx_HAL_Driver/Src/stm32u5xx_hal_tim.o
                0x08004e96                HAL_TIM_Base_MspInit
 *fill*         0x08004eaa        0x2 
 .text.HAL_TIM_Base_Start_IT
                0x08004eac      0x140 ./Drivers/STM32U5xx_HAL_Driver/Src/stm32u5xx_hal_tim.o
                0x08004eac                HAL_TIM_Base_Start_IT
 .text.HAL_TIM_IRQHandler
                0x08004fec      0x29e ./Drivers/STM32U5xx_HAL_Driver/Src/stm32u5xx_hal_tim.o
                0x08004fec                HAL_TIM_IRQHandler
 .text.HAL_TIM_OC_DelayElapsedCallback
                0x0800528a       0x14 ./Drivers/STM32U5xx_HAL_Driver/Src/stm32u5xx_hal_tim.o
                0x0800528a                HAL_TIM_OC_DelayElapsedCallback
 .text.HAL_TIM_IC_CaptureCallback
                0x0800529e       0x14 ./Drivers/STM32U5xx_HAL_Driver/Src/stm32u5xx_hal_tim.o
                0x0800529e                HAL_TIM_IC_CaptureCallback
 .text.HAL_TIM_PWM_PulseFinishedCallback
                0x080052b2       0x14 ./Drivers/STM32U5xx_HAL_Driver/Src/stm32u5xx_hal_tim.o
                0x080052b2                HAL_TIM_PWM_PulseFinishedCallback
 .text.HAL_TIM_TriggerCallback
                0x080052c6       0x14 ./Drivers/STM32U5xx_HAL_Driver/Src/stm32u5xx_hal_tim.o
                0x080052c6                HAL_TIM_TriggerCallback
 *fill*         0x080052da        0x2 
 .text.TIM_Base_SetConfig
                0x080052dc      0x200 ./Drivers/STM32U5xx_HAL_Driver/Src/stm32u5xx_hal_tim.o
                0x080052dc                TIM_Base_SetConfig
 .text.HAL_TIMEx_CommutCallback
                0x080054dc       0x14 ./Drivers/STM32U5xx_HAL_Driver/Src/stm32u5xx_hal_tim_ex.o
                0x080054dc                HAL_TIMEx_CommutCallback
 .text.HAL_TIMEx_BreakCallback
                0x080054f0       0x14 ./Drivers/STM32U5xx_HAL_Driver/Src/stm32u5xx_hal_tim_ex.o
                0x080054f0                HAL_TIMEx_BreakCallback
 .text.HAL_TIMEx_Break2Callback
                0x08005504       0x14 ./Drivers/STM32U5xx_HAL_Driver/Src/stm32u5xx_hal_tim_ex.o
                0x08005504                HAL_TIMEx_Break2Callback
 .text.HAL_TIMEx_EncoderIndexCallback
                0x08005518       0x14 ./Drivers/STM32U5xx_HAL_Driver/Src/stm32u5xx_hal_tim_ex.o
                0x08005518                HAL_TIMEx_EncoderIndexCallback
 .text.HAL_TIMEx_DirectionChangeCallback
                0x0800552c       0x14 ./Drivers/STM32U5xx_HAL_Driver/Src/stm32u5xx_hal_tim_ex.o
                0x0800552c                HAL_TIMEx_DirectionChangeCallback
 .text.HAL_TIMEx_IndexErrorCallback
                0x08005540       0x14 ./Drivers/STM32U5xx_HAL_Driver/Src/stm32u5xx_hal_tim_ex.o
                0x08005540                HAL_TIMEx_IndexErrorCallback
 .text.HAL_TIMEx_TransitionErrorCallback
                0x08005554       0x14 ./Drivers/STM32U5xx_HAL_Driver/Src/stm32u5xx_hal_tim_ex.o
                0x08005554                HAL_TIMEx_TransitionErrorCallback
 .text.USB_CoreInit
                0x08005568       0x5e ./Drivers/STM32U5xx_HAL_Driver/Src/stm32u5xx_ll_usb.o
                0x08005568                USB_CoreInit
 *fill*         0x080055c6        0x2 
 .text.USB_SetTurnaroundTime
                0x080055c8      0x144 ./Drivers/STM32U5xx_HAL_Driver/Src/stm32u5xx_ll_usb.o
                0x080055c8                USB_SetTurnaroundTime
 .text.USB_EnableGlobalInt
                0x0800570c       0x22 ./Drivers/STM32U5xx_HAL_Driver/Src/stm32u5xx_ll_usb.o
                0x0800570c                USB_EnableGlobalInt
 .text.USB_DisableGlobalInt
                0x0800572e       0x22 ./Drivers/STM32U5xx_HAL_Driver/Src/stm32u5xx_ll_usb.o
                0x0800572e                USB_DisableGlobalInt
 .text.USB_SetCurrentMode
                0x08005750       0x98 ./Drivers/STM32U5xx_HAL_Driver/Src/stm32u5xx_ll_usb.o
                0x08005750                USB_SetCurrentMode
 .text.USB_DevInit
                0x080057e8      0x2e0 ./Drivers/STM32U5xx_HAL_Driver/Src/stm32u5xx_ll_usb.o
                0x080057e8                USB_DevInit
 .text.USB_FlushTxFifo
                0x08005ac8       0x64 ./Drivers/STM32U5xx_HAL_Driver/Src/stm32u5xx_ll_usb.o
                0x08005ac8                USB_FlushTxFifo
 .text.USB_FlushRxFifo
                0x08005b2c       0x5c ./Drivers/STM32U5xx_HAL_Driver/Src/stm32u5xx_ll_usb.o
                0x08005b2c                USB_FlushRxFifo
 .text.USB_SetDevSpeed
                0x08005b88       0x32 ./Drivers/STM32U5xx_HAL_Driver/Src/stm32u5xx_ll_usb.o
                0x08005b88                USB_SetDevSpeed
 .text.USB_GetDevSpeed
                0x08005bba       0x4a ./Drivers/STM32U5xx_HAL_Driver/Src/stm32u5xx_ll_usb.o
                0x08005bba                USB_GetDevSpeed
 .text.USB_ActivateEndpoint
                0x08005c04      0x10e ./Drivers/STM32U5xx_HAL_Driver/Src/stm32u5xx_ll_usb.o
                0x08005c04                USB_ActivateEndpoint
 *fill*         0x08005d12        0x2 
 .text.USB_DeactivateEndpoint
                0x08005d14      0x1b8 ./Drivers/STM32U5xx_HAL_Driver/Src/stm32u5xx_ll_usb.o
                0x08005d14                USB_DeactivateEndpoint
 .text.USB_EPStartXfer
                0x08005ecc      0x53c ./Drivers/STM32U5xx_HAL_Driver/Src/stm32u5xx_ll_usb.o
                0x08005ecc                USB_EPStartXfer
 .text.USB_EPStopXfer
                0x08006408      0x154 ./Drivers/STM32U5xx_HAL_Driver/Src/stm32u5xx_ll_usb.o
                0x08006408                USB_EPStopXfer
 .text.USB_WritePacket
                0x0800655c       0x7c ./Drivers/STM32U5xx_HAL_Driver/Src/stm32u5xx_ll_usb.o
                0x0800655c                USB_WritePacket
 .text.USB_ReadPacket
                0x080065d8       0xb0 ./Drivers/STM32U5xx_HAL_Driver/Src/stm32u5xx_ll_usb.o
                0x080065d8                USB_ReadPacket
 .text.USB_EPSetStall
                0x08006688       0xdc ./Drivers/STM32U5xx_HAL_Driver/Src/stm32u5xx_ll_usb.o
                0x08006688                USB_EPSetStall
 .text.USB_EPClearStall
                0x08006764       0xcc ./Drivers/STM32U5xx_HAL_Driver/Src/stm32u5xx_ll_usb.o
                0x08006764                USB_EPClearStall
 .text.USB_SetDevAddress
                0x08006830       0x4c ./Drivers/STM32U5xx_HAL_Driver/Src/stm32u5xx_ll_usb.o
                0x08006830                USB_SetDevAddress
 .text.USB_DevConnect
                0x0800687c       0x42 ./Drivers/STM32U5xx_HAL_Driver/Src/stm32u5xx_ll_usb.o
                0x0800687c                USB_DevConnect
 .text.USB_DevDisconnect
                0x080068be       0x42 ./Drivers/STM32U5xx_HAL_Driver/Src/stm32u5xx_ll_usb.o
                0x080068be                USB_DevDisconnect
 .text.USB_ReadInterrupts
                0x08006900       0x26 ./Drivers/STM32U5xx_HAL_Driver/Src/stm32u5xx_ll_usb.o
                0x08006900                USB_ReadInterrupts
 .text.USB_ReadDevAllOutEpInterrupt
                0x08006926       0x34 ./Drivers/STM32U5xx_HAL_Driver/Src/stm32u5xx_ll_usb.o
                0x08006926                USB_ReadDevAllOutEpInterrupt
 .text.USB_ReadDevAllInEpInterrupt
                0x0800695a       0x34 ./Drivers/STM32U5xx_HAL_Driver/Src/stm32u5xx_ll_usb.o
                0x0800695a                USB_ReadDevAllInEpInterrupt
 .text.USB_ReadDevOutEPInterrupt
                0x0800698e       0x3c ./Drivers/STM32U5xx_HAL_Driver/Src/stm32u5xx_ll_usb.o
                0x0800698e                USB_ReadDevOutEPInterrupt
 .text.USB_ReadDevInEPInterrupt
                0x080069ca       0x5c ./Drivers/STM32U5xx_HAL_Driver/Src/stm32u5xx_ll_usb.o
                0x080069ca                USB_ReadDevInEPInterrupt
 .text.USB_GetMode
                0x08006a26       0x1c ./Drivers/STM32U5xx_HAL_Driver/Src/stm32u5xx_ll_usb.o
                0x08006a26                USB_GetMode
 .text.USB_ActivateSetup
                0x08006a42       0x46 ./Drivers/STM32U5xx_HAL_Driver/Src/stm32u5xx_ll_usb.o
                0x08006a42                USB_ActivateSetup
 .text.USB_EP0_OutStart
                0x08006a88       0xbc ./Drivers/STM32U5xx_HAL_Driver/Src/stm32u5xx_ll_usb.o
                0x08006a88                USB_EP0_OutStart
 .text.USB_CoreReset
                0x08006b44       0x62 ./Drivers/STM32U5xx_HAL_Driver/Src/stm32u5xx_ll_usb.o
 *fill*         0x08006ba6        0x2 
 .text.USBD_CDC_Init
                0x08006ba8      0x1f0 ./LEG_USB/Middlewares/ST/STM32_USB_Device_Library/Class/CDC/Src/usbd_cdc.o
 .text.USBD_CDC_DeInit
                0x08006d98      0x104 ./LEG_USB/Middlewares/ST/STM32_USB_Device_Library/Class/CDC/Src/usbd_cdc.o
 .text.USBD_CDC_Setup
                0x08006e9c      0x1b8 ./LEG_USB/Middlewares/ST/STM32_USB_Device_Library/Class/CDC/Src/usbd_cdc.o
 .text.USBD_CDC_DataIn
                0x08007054       0xfe ./LEG_USB/Middlewares/ST/STM32_USB_Device_Library/Class/CDC/Src/usbd_cdc.o
 .text.USBD_CDC_DataOut
                0x08007152       0x70 ./LEG_USB/Middlewares/ST/STM32_USB_Device_Library/Class/CDC/Src/usbd_cdc.o
 .text.USBD_CDC_EP0_RxReady
                0x080071c2       0x74 ./LEG_USB/Middlewares/ST/STM32_USB_Device_Library/Class/CDC/Src/usbd_cdc.o
 *fill*         0x08007236        0x2 
 .text.USBD_CDC_GetFSCfgDesc
                0x08007238       0x70 ./LEG_USB/Middlewares/ST/STM32_USB_Device_Library/Class/CDC/Src/usbd_cdc.o
 .text.USBD_CDC_GetHSCfgDesc
                0x080072a8       0x70 ./LEG_USB/Middlewares/ST/STM32_USB_Device_Library/Class/CDC/Src/usbd_cdc.o
 .text.USBD_CDC_GetOtherSpeedCfgDesc
                0x08007318       0x70 ./LEG_USB/Middlewares/ST/STM32_USB_Device_Library/Class/CDC/Src/usbd_cdc.o
 .text.USBD_CDC_GetDeviceQualifierDescriptor
                0x08007388       0x20 ./LEG_USB/Middlewares/ST/STM32_USB_Device_Library/Class/CDC/Src/usbd_cdc.o
                0x08007388                USBD_CDC_GetDeviceQualifierDescriptor
 .text.USBD_CDC_RegisterInterface
                0x080073a8       0x34 ./LEG_USB/Middlewares/ST/STM32_USB_Device_Library/Class/CDC/Src/usbd_cdc.o
                0x080073a8                USBD_CDC_RegisterInterface
 .text.USBD_CDC_SetTxBuffer
                0x080073dc       0x44 ./LEG_USB/Middlewares/ST/STM32_USB_Device_Library/Class/CDC/Src/usbd_cdc.o
                0x080073dc                USBD_CDC_SetTxBuffer
 .text.USBD_CDC_SetRxBuffer
                0x08007420       0x3a ./LEG_USB/Middlewares/ST/STM32_USB_Device_Library/Class/CDC/Src/usbd_cdc.o
                0x08007420                USBD_CDC_SetRxBuffer
 *fill*         0x0800745a        0x2 
 .text.USBD_CDC_TransmitPacket
                0x0800745c       0x80 ./LEG_USB/Middlewares/ST/STM32_USB_Device_Library/Class/CDC/Src/usbd_cdc.o
                0x0800745c                USBD_CDC_TransmitPacket
 .text.USBD_CDC_ReceivePacket
                0x080074dc       0x6c ./LEG_USB/Middlewares/ST/STM32_USB_Device_Library/Class/CDC/Src/usbd_cdc.o
                0x080074dc                USBD_CDC_ReceivePacket
 .text.USBD_Init
                0x08007548       0x60 ./LEG_USB/Middlewares/ST/STM32_USB_Device_Library/Core/Src/usbd_core.o
                0x08007548                USBD_Init
 .text.USBD_RegisterClass
                0x080075a8       0x6c ./LEG_USB/Middlewares/ST/STM32_USB_Device_Library/Core/Src/usbd_core.o
                0x080075a8                USBD_RegisterClass
 .text.USBD_Start
                0x08007614       0x18 ./LEG_USB/Middlewares/ST/STM32_USB_Device_Library/Core/Src/usbd_core.o
                0x08007614                USBD_Start
 .text.USBD_RunTestMode
                0x0800762c       0x16 ./LEG_USB/Middlewares/ST/STM32_USB_Device_Library/Core/Src/usbd_core.o
                0x0800762c                USBD_RunTestMode
 .text.USBD_SetClassConfig
                0x08007642       0x38 ./LEG_USB/Middlewares/ST/STM32_USB_Device_Library/Core/Src/usbd_core.o
                0x08007642                USBD_SetClassConfig
 .text.USBD_ClrClassConfig
                0x0800767a       0x34 ./LEG_USB/Middlewares/ST/STM32_USB_Device_Library/Core/Src/usbd_core.o
                0x0800767a                USBD_ClrClassConfig
 .text.USBD_LL_SetupStage
                0x080076ae       0xaa ./LEG_USB/Middlewares/ST/STM32_USB_Device_Library/Core/Src/usbd_core.o
                0x080076ae                USBD_LL_SetupStage
 .text.USBD_LL_DataOutStage
                0x08007758      0x166 ./LEG_USB/Middlewares/ST/STM32_USB_Device_Library/Core/Src/usbd_core.o
                0x08007758                USBD_LL_DataOutStage
 .text.USBD_LL_DataInStage
                0x080078be      0x164 ./LEG_USB/Middlewares/ST/STM32_USB_Device_Library/Core/Src/usbd_core.o
                0x080078be                USBD_LL_DataInStage
 .text.USBD_LL_Reset
                0x08007a22       0xa4 ./LEG_USB/Middlewares/ST/STM32_USB_Device_Library/Core/Src/usbd_core.o
                0x08007a22                USBD_LL_Reset
 .text.USBD_LL_SetSpeed
                0x08007ac6       0x20 ./LEG_USB/Middlewares/ST/STM32_USB_Device_Library/Core/Src/usbd_core.o
                0x08007ac6                USBD_LL_SetSpeed
 .text.USBD_LL_Suspend
                0x08007ae6       0x38 ./LEG_USB/Middlewares/ST/STM32_USB_Device_Library/Core/Src/usbd_core.o
                0x08007ae6                USBD_LL_Suspend
 .text.USBD_LL_Resume
                0x08007b1e       0x30 ./LEG_USB/Middlewares/ST/STM32_USB_Device_Library/Core/Src/usbd_core.o
                0x08007b1e                USBD_LL_Resume
 .text.USBD_LL_SOF
                0x08007b4e       0x40 ./LEG_USB/Middlewares/ST/STM32_USB_Device_Library/Core/Src/usbd_core.o
                0x08007b4e                USBD_LL_SOF
 .text.USBD_LL_IsoINIncomplete
                0x08007b8e       0x64 ./LEG_USB/Middlewares/ST/STM32_USB_Device_Library/Core/Src/usbd_core.o
                0x08007b8e                USBD_LL_IsoINIncomplete
 .text.USBD_LL_IsoOUTIncomplete
                0x08007bf2       0x64 ./LEG_USB/Middlewares/ST/STM32_USB_Device_Library/Core/Src/usbd_core.o
                0x08007bf2                USBD_LL_IsoOUTIncomplete
 .text.USBD_LL_DevConnected
                0x08007c56       0x16 ./LEG_USB/Middlewares/ST/STM32_USB_Device_Library/Core/Src/usbd_core.o
                0x08007c56                USBD_LL_DevConnected
 .text.USBD_LL_DevDisconnected
                0x08007c6c       0x46 ./LEG_USB/Middlewares/ST/STM32_USB_Device_Library/Core/Src/usbd_core.o
                0x08007c6c                USBD_LL_DevDisconnected
 .text.USBD_CoreFindIF
                0x08007cb2       0x1a ./LEG_USB/Middlewares/ST/STM32_USB_Device_Library/Core/Src/usbd_core.o
                0x08007cb2                USBD_CoreFindIF
 .text.USBD_CoreFindEP
                0x08007ccc       0x1a ./LEG_USB/Middlewares/ST/STM32_USB_Device_Library/Core/Src/usbd_core.o
                0x08007ccc                USBD_CoreFindEP
 .text.USBD_GetEpDesc
                0x08007ce6       0x70 ./LEG_USB/Middlewares/ST/STM32_USB_Device_Library/Core/Src/usbd_core.o
                0x08007ce6                USBD_GetEpDesc
 .text.USBD_GetNextDesc
                0x08007d56       0x38 ./LEG_USB/Middlewares/ST/STM32_USB_Device_Library/Core/Src/usbd_core.o
                0x08007d56                USBD_GetNextDesc
 .text.SWAPBYTE
                0x08007d8e       0x3c ./LEG_USB/Middlewares/ST/STM32_USB_Device_Library/Core/Src/usbd_ctlreq.o
 *fill*         0x08007dca        0x2 
 .text.USBD_StdDevReq
                0x08007dcc       0xe4 ./LEG_USB/Middlewares/ST/STM32_USB_Device_Library/Core/Src/usbd_ctlreq.o
                0x08007dcc                USBD_StdDevReq
 .text.USBD_StdItfReq
                0x08007eb0       0xd8 ./LEG_USB/Middlewares/ST/STM32_USB_Device_Library/Core/Src/usbd_ctlreq.o
                0x08007eb0                USBD_StdItfReq
 .text.USBD_StdEPReq
                0x08007f88      0x33a ./LEG_USB/Middlewares/ST/STM32_USB_Device_Library/Core/Src/usbd_ctlreq.o
                0x08007f88                USBD_StdEPReq
 *fill*         0x080082c2        0x2 
 .text.USBD_GetDescriptor
                0x080082c4      0x328 ./LEG_USB/Middlewares/ST/STM32_USB_Device_Library/Core/Src/usbd_ctlreq.o
 .text.USBD_SetAddress
                0x080085ec       0x88 ./LEG_USB/Middlewares/ST/STM32_USB_Device_Library/Core/Src/usbd_ctlreq.o
 .text.USBD_SetConfig
                0x08008674      0x154 ./LEG_USB/Middlewares/ST/STM32_USB_Device_Library/Core/Src/usbd_ctlreq.o
 .text.USBD_GetConfig
                0x080087c8       0x6c ./LEG_USB/Middlewares/ST/STM32_USB_Device_Library/Core/Src/usbd_ctlreq.o
 .text.USBD_GetStatus
                0x08008834       0x68 ./LEG_USB/Middlewares/ST/STM32_USB_Device_Library/Core/Src/usbd_ctlreq.o
 .text.USBD_SetFeature
                0x0800889c       0x52 ./LEG_USB/Middlewares/ST/STM32_USB_Device_Library/Core/Src/usbd_ctlreq.o
 .text.USBD_ClrFeature
                0x080088ee       0x44 ./LEG_USB/Middlewares/ST/STM32_USB_Device_Library/Core/Src/usbd_ctlreq.o
 .text.USBD_ParseSetupRequest
                0x08008932       0x74 ./LEG_USB/Middlewares/ST/STM32_USB_Device_Library/Core/Src/usbd_ctlreq.o
                0x08008932                USBD_ParseSetupRequest
 .text.USBD_CtlError
                0x080089a6       0x22 ./LEG_USB/Middlewares/ST/STM32_USB_Device_Library/Core/Src/usbd_ctlreq.o
                0x080089a6                USBD_CtlError
 .text.USBD_GetString
                0x080089c8       0xa4 ./LEG_USB/Middlewares/ST/STM32_USB_Device_Library/Core/Src/usbd_ctlreq.o
                0x080089c8                USBD_GetString
 .text.USBD_GetLen
                0x08008a6c       0x34 ./LEG_USB/Middlewares/ST/STM32_USB_Device_Library/Core/Src/usbd_ctlreq.o
 .text.USBD_CtlSendData
                0x08008aa0       0x36 ./LEG_USB/Middlewares/ST/STM32_USB_Device_Library/Core/Src/usbd_ioreq.o
                0x08008aa0                USBD_CtlSendData
 .text.USBD_CtlContinueSendData
                0x08008ad6       0x22 ./LEG_USB/Middlewares/ST/STM32_USB_Device_Library/Core/Src/usbd_ioreq.o
                0x08008ad6                USBD_CtlContinueSendData
 .text.USBD_CtlPrepareRx
                0x08008af8       0x3a ./LEG_USB/Middlewares/ST/STM32_USB_Device_Library/Core/Src/usbd_ioreq.o
                0x08008af8                USBD_CtlPrepareRx
 .text.USBD_CtlContinueRx
                0x08008b32       0x22 ./LEG_USB/Middlewares/ST/STM32_USB_Device_Library/Core/Src/usbd_ioreq.o
                0x08008b32                USBD_CtlContinueRx
 .text.USBD_CtlSendStatus
                0x08008b54       0x26 ./LEG_USB/Middlewares/ST/STM32_USB_Device_Library/Core/Src/usbd_ioreq.o
                0x08008b54                USBD_CtlSendStatus
 .text.USBD_CtlReceiveStatus
                0x08008b7a       0x26 ./LEG_USB/Middlewares/ST/STM32_USB_Device_Library/Core/Src/usbd_ioreq.o
                0x08008b7a                USBD_CtlReceiveStatus
 .text.MX_USB_DEVICE_Init
                0x08008ba0       0x60 ./LEG_USB/USB_DEVICE/App/usb_device.o
                0x08008ba0                MX_USB_DEVICE_Init
 .text.CDC_Init_HS
                0x08008c00       0x28 ./LEG_USB/USB_DEVICE/App/usbd_cdc_if.o
 .text.CDC_DeInit_HS
                0x08008c28       0x10 ./LEG_USB/USB_DEVICE/App/usbd_cdc_if.o
 .text.CDC_Control_HS
                0x08008c38       0xbc ./LEG_USB/USB_DEVICE/App/usbd_cdc_if.o
 .text.CDC_Receive_HS
                0x08008cf4       0x28 ./LEG_USB/USB_DEVICE/App/usbd_cdc_if.o
 .text.CDC_Transmit_HS
                0x08008d1c       0x54 ./LEG_USB/USB_DEVICE/App/usbd_cdc_if.o
                0x08008d1c                CDC_Transmit_HS
 .text.CDC_TransmitCplt_HS
                0x08008d70       0x22 ./LEG_USB/USB_DEVICE/App/usbd_cdc_if.o
 *fill*         0x08008d92        0x2 
 .text.USBD_HS_DeviceDescriptor
                0x08008d94       0x24 ./LEG_USB/USB_DEVICE/App/usbd_desc.o
                0x08008d94                USBD_HS_DeviceDescriptor
 .text.USBD_HS_LangIDStrDescriptor
                0x08008db8       0x24 ./LEG_USB/USB_DEVICE/App/usbd_desc.o
                0x08008db8                USBD_HS_LangIDStrDescriptor
 .text.USBD_HS_ProductStrDescriptor
                0x08008ddc       0x3c ./LEG_USB/USB_DEVICE/App/usbd_desc.o
                0x08008ddc                USBD_HS_ProductStrDescriptor
 .text.USBD_HS_ManufacturerStrDescriptor
                0x08008e18       0x28 ./LEG_USB/USB_DEVICE/App/usbd_desc.o
                0x08008e18                USBD_HS_ManufacturerStrDescriptor
 .text.USBD_HS_SerialStrDescriptor
                0x08008e40       0x24 ./LEG_USB/USB_DEVICE/App/usbd_desc.o
                0x08008e40                USBD_HS_SerialStrDescriptor
 .text.USBD_HS_ConfigStrDescriptor
                0x08008e64       0x3c ./LEG_USB/USB_DEVICE/App/usbd_desc.o
                0x08008e64                USBD_HS_ConfigStrDescriptor
 .text.USBD_HS_InterfaceStrDescriptor
                0x08008ea0       0x3c ./LEG_USB/USB_DEVICE/App/usbd_desc.o
                0x08008ea0                USBD_HS_InterfaceStrDescriptor
 .text.Get_SerialNum
                0x08008edc       0x58 ./LEG_USB/USB_DEVICE/App/usbd_desc.o
 .text.IntToUnicode
                0x08008f34       0x7e ./LEG_USB/USB_DEVICE/App/usbd_desc.o
 .text.HAL_PCD_SetupStageCallback
                0x08008fb2       0x24 ./LEG_USB/USB_DEVICE/Target/usbd_conf.o
                0x08008fb2                HAL_PCD_SetupStageCallback
 .text.HAL_PCD_DataOutStageCallback
                0x08008fd6       0x36 ./LEG_USB/USB_DEVICE/Target/usbd_conf.o
                0x08008fd6                HAL_PCD_DataOutStageCallback
 .text.HAL_PCD_DataInStageCallback
                0x0800900c       0x34 ./LEG_USB/USB_DEVICE/Target/usbd_conf.o
                0x0800900c                HAL_PCD_DataInStageCallback
 .text.HAL_PCD_SOFCallback
                0x08009040       0x1c ./LEG_USB/USB_DEVICE/Target/usbd_conf.o
                0x08009040                HAL_PCD_SOFCallback
 .text.HAL_PCD_ResetCallback
                0x0800905c       0x50 ./LEG_USB/USB_DEVICE/Target/usbd_conf.o
                0x0800905c                HAL_PCD_ResetCallback
 .text.HAL_PCD_SuspendCallback
                0x080090ac       0x4c ./LEG_USB/USB_DEVICE/Target/usbd_conf.o
                0x080090ac                HAL_PCD_SuspendCallback
 .text.HAL_PCD_ResumeCallback
                0x080090f8       0x1c ./LEG_USB/USB_DEVICE/Target/usbd_conf.o
                0x080090f8                HAL_PCD_ResumeCallback
 .text.HAL_PCD_ISOOUTIncompleteCallback
                0x08009114       0x24 ./LEG_USB/USB_DEVICE/Target/usbd_conf.o
                0x08009114                HAL_PCD_ISOOUTIncompleteCallback
 .text.HAL_PCD_ISOINIncompleteCallback
                0x08009138       0x24 ./LEG_USB/USB_DEVICE/Target/usbd_conf.o
                0x08009138                HAL_PCD_ISOINIncompleteCallback
 .text.HAL_PCD_ConnectCallback
                0x0800915c       0x1c ./LEG_USB/USB_DEVICE/Target/usbd_conf.o
                0x0800915c                HAL_PCD_ConnectCallback
 .text.HAL_PCD_DisconnectCallback
                0x08009178       0x1c ./LEG_USB/USB_DEVICE/Target/usbd_conf.o
                0x08009178                HAL_PCD_DisconnectCallback
 .text.USBD_LL_Init
                0x08009194       0xa4 ./LEG_USB/USB_DEVICE/Target/usbd_conf.o
                0x08009194                USBD_LL_Init
 .text.USBD_LL_Start
                0x08009238       0x36 ./LEG_USB/USB_DEVICE/Target/usbd_conf.o
                0x08009238                USBD_LL_Start
 .text.USBD_LL_OpenEP
                0x0800926e       0x4c ./LEG_USB/USB_DEVICE/Target/usbd_conf.o
                0x0800926e                USBD_LL_OpenEP
 .text.USBD_LL_CloseEP
                0x080092ba       0x3e ./LEG_USB/USB_DEVICE/Target/usbd_conf.o
                0x080092ba                USBD_LL_CloseEP
 .text.USBD_LL_StallEP
                0x080092f8       0x3e ./LEG_USB/USB_DEVICE/Target/usbd_conf.o
                0x080092f8                USBD_LL_StallEP
 .text.USBD_LL_ClearStallEP
                0x08009336       0x3e ./LEG_USB/USB_DEVICE/Target/usbd_conf.o
                0x08009336                USBD_LL_ClearStallEP
 .text.USBD_LL_IsStallEP
                0x08009374       0x58 ./LEG_USB/USB_DEVICE/Target/usbd_conf.o
                0x08009374                USBD_LL_IsStallEP
 .text.USBD_LL_SetUSBAddress
                0x080093cc       0x3e ./LEG_USB/USB_DEVICE/Target/usbd_conf.o
                0x080093cc                USBD_LL_SetUSBAddress
 .text.USBD_LL_Transmit
                0x0800940a       0x42 ./LEG_USB/USB_DEVICE/Target/usbd_conf.o
                0x0800940a                USBD_LL_Transmit
 .text.USBD_LL_PrepareReceive
                0x0800944c       0x42 ./LEG_USB/USB_DEVICE/Target/usbd_conf.o
                0x0800944c                USBD_LL_PrepareReceive
 .text.USBD_LL_GetRxDataSize
                0x0800948e       0x26 ./LEG_USB/USB_DEVICE/Target/usbd_conf.o
                0x0800948e                USBD_LL_GetRxDataSize
 .text.USBD_static_malloc
                0x080094b4       0x1c ./LEG_USB/USB_DEVICE/Target/usbd_conf.o
                0x080094b4                USBD_static_malloc
 .text.USBD_static_free
                0x080094d0       0x14 ./LEG_USB/USB_DEVICE/Target/usbd_conf.o
                0x080094d0                USBD_static_free
 .text.USBD_Get_USB_Status
                0x080094e4       0x58 ./LEG_USB/USB_DEVICE/Target/usbd_conf.o
                0x080094e4                USBD_Get_USB_Status
 .text.memset   0x0800953c       0x10 C:/ST/STM32CubeIDE_1.14.0/STM32CubeIDE/plugins/com.st.stm32cube.ide.mcu.externaltools.gnu-tools-for-stm32.12.3.rel1.win32_1.1.0.202410251130/tools/bin/../lib/gcc/arm-none-eabi/12.3.1/../../../../arm-none-eabi/lib/thumb/v8-m.main+fp/hard\libc_nano.a(libc_a-memset.o)
                0x0800953c                memset
 .text.__libc_init_array
                0x0800954c       0x48 C:/ST/STM32CubeIDE_1.14.0/STM32CubeIDE/plugins/com.st.stm32cube.ide.mcu.externaltools.gnu-tools-for-stm32.12.3.rel1.win32_1.1.0.202410251130/tools/bin/../lib/gcc/arm-none-eabi/12.3.1/../../../../arm-none-eabi/lib/thumb/v8-m.main+fp/hard\libc_nano.a(libc_a-init.o)
                0x0800954c                __libc_init_array
 *(.glue_7)
 .glue_7        0x08009594        0x0 linker stubs
 *(.glue_7t)
 .glue_7t       0x08009594        0x0 linker stubs
 *(.eh_frame)
 .eh_frame      0x08009594        0x0 C:/ST/STM32CubeIDE_1.14.0/STM32CubeIDE/plugins/com.st.stm32cube.ide.mcu.externaltools.gnu-tools-for-stm32.12.3.rel1.win32_1.1.0.202410251130/tools/bin/../lib/gcc/arm-none-eabi/12.3.1/thumb/v8-m.main+fp/hard/crtbegin.o
 *(.init)
 .init          0x08009594        0x4 C:/ST/STM32CubeIDE_1.14.0/STM32CubeIDE/plugins/com.st.stm32cube.ide.mcu.externaltools.gnu-tools-for-stm32.12.3.rel1.win32_1.1.0.202410251130/tools/bin/../lib/gcc/arm-none-eabi/12.3.1/thumb/v8-m.main+fp/hard/crti.o
                0x08009594                _init
 .init          0x08009598        0x8 C:/ST/STM32CubeIDE_1.14.0/STM32CubeIDE/plugins/com.st.stm32cube.ide.mcu.externaltools.gnu-tools-for-stm32.12.3.rel1.win32_1.1.0.202410251130/tools/bin/../lib/gcc/arm-none-eabi/12.3.1/thumb/v8-m.main+fp/hard/crtn.o
 *(.fini)
 .fini          0x080095a0        0x4 C:/ST/STM32CubeIDE_1.14.0/STM32CubeIDE/plugins/com.st.stm32cube.ide.mcu.externaltools.gnu-tools-for-stm32.12.3.rel1.win32_1.1.0.202410251130/tools/bin/../lib/gcc/arm-none-eabi/12.3.1/thumb/v8-m.main+fp/hard/crti.o
                0x080095a0                _fini
 .fini          0x080095a4        0x8 C:/ST/STM32CubeIDE_1.14.0/STM32CubeIDE/plugins/com.st.stm32cube.ide.mcu.externaltools.gnu-tools-for-stm32.12.3.rel1.win32_1.1.0.202410251130/tools/bin/../lib/gcc/arm-none-eabi/12.3.1/thumb/v8-m.main+fp/hard/crtn.o
                0x080095ac                        . = ALIGN (0x4)
                0x080095ac                        _etext = .

.vfp11_veneer   0x080095ac        0x0
 .vfp11_veneer  0x080095ac        0x0 linker stubs

.v4_bx          0x080095ac        0x0
 .v4_bx         0x080095ac        0x0 linker stubs

.iplt           0x080095ac        0x0
 .iplt          0x080095ac        0x0 C:/ST/STM32CubeIDE_1.14.0/STM32CubeIDE/plugins/com.st.stm32cube.ide.mcu.externaltools.gnu-tools-for-stm32.12.3.rel1.win32_1.1.0.202410251130/tools/bin/../lib/gcc/arm-none-eabi/12.3.1/thumb/v8-m.main+fp/hard/crtbegin.o

.rodata         0x080095ac      0x134
                0x080095ac                        . = ALIGN (0x4)
 *(.rodata)
 .rodata        0x080095ac       0x12 ./Core/Src/main.o
 *fill*         0x080095be        0x2 
 .rodata        0x080095c0       0x46 ./LEG_USB/USB_DEVICE/App/usbd_desc.o
 *(.rodata*)
 *fill*         0x08009606        0x2 
 .rodata.AHBPrescTable
                0x08009608       0x10 ./Core/Src/system_stm32u5xx.o
                0x08009608                AHBPrescTable
 .rodata.APBPrescTable
                0x08009618        0x8 ./Core/Src/system_stm32u5xx.o
                0x08009618                APBPrescTable
 .rodata.MSIRangeTable
                0x08009620       0x40 ./Core/Src/system_stm32u5xx.o
                0x08009620                MSIRangeTable
 .rodata.LPGPIO_Map
                0x08009660       0x80 ./Drivers/STM32U5xx_HAL_Driver/Src/stm32u5xx_hal_gpio.o
                0x080096e0                        . = ALIGN (0x4)

.ARM.extab      0x080096e0        0x0
                0x080096e0                        . = ALIGN (0x4)
 *(.ARM.extab* .gnu.linkonce.armextab.*)
                0x080096e0                        . = ALIGN (0x4)

.ARM            0x080096e0        0x0
                0x080096e0                        . = ALIGN (0x4)
                0x080096e0                        __exidx_start = .
 *(.ARM.exidx*)
                0x080096e0                        __exidx_end = .
                0x080096e0                        . = ALIGN (0x4)

.preinit_array  0x080096e0        0x0
                0x080096e0                        . = ALIGN (0x4)
                0x080096e0                        PROVIDE (__preinit_array_start = .)
 *(.preinit_array*)
                0x080096e0                        PROVIDE (__preinit_array_end = .)
                0x080096e0                        . = ALIGN (0x4)

.init_array     0x080096e0        0x4
                0x080096e0                        . = ALIGN (0x4)
                0x080096e0                        PROVIDE (__init_array_start = .)
 *(SORT_BY_NAME(.init_array.*))
 *(.init_array*)
 .init_array    0x080096e0        0x4 C:/ST/STM32CubeIDE_1.14.0/STM32CubeIDE/plugins/com.st.stm32cube.ide.mcu.externaltools.gnu-tools-for-stm32.12.3.rel1.win32_1.1.0.202410251130/tools/bin/../lib/gcc/arm-none-eabi/12.3.1/thumb/v8-m.main+fp/hard/crtbegin.o
                0x080096e4                        PROVIDE (__init_array_end = .)
                0x080096e4                        . = ALIGN (0x4)

.fini_array     0x080096e4        0x4
                0x080096e4                        . = ALIGN (0x4)
                [!provide]                        PROVIDE (__fini_array_start = .)
 *(SORT_BY_NAME(.fini_array.*))
 *(.fini_array*)
 .fini_array    0x080096e4        0x4 C:/ST/STM32CubeIDE_1.14.0/STM32CubeIDE/plugins/com.st.stm32cube.ide.mcu.externaltools.gnu-tools-for-stm32.12.3.rel1.win32_1.1.0.202410251130/tools/bin/../lib/gcc/arm-none-eabi/12.3.1/thumb/v8-m.main+fp/hard/crtbegin.o
                [!provide]                        PROVIDE (__fini_array_end = .)
                0x080096e8                        . = ALIGN (0x4)
                0x080096e8                        _sidata = LOADADDR (.data)

.rel.dyn        0x080096e8        0x0
 .rel.iplt      0x080096e8        0x0 C:/ST/STM32CubeIDE_1.14.0/STM32CubeIDE/plugins/com.st.stm32cube.ide.mcu.externaltools.gnu-tools-for-stm32.12.3.rel1.win32_1.1.0.202410251130/tools/bin/../lib/gcc/arm-none-eabi/12.3.1/thumb/v8-m.main+fp/hard/crtbegin.o

.data           0x20000000      0x100 load address 0x080096e8
                0x20000000                        . = ALIGN (0x4)
                0x20000000                        _sdata = .
 *(.data)
 *(.data*)
 .data.SystemCoreClock
                0x20000000        0x4 ./Core/Src/system_stm32u5xx.o
                0x20000000                SystemCoreClock
 .data.uwTickPrio
                0x20000004        0x4 ./Drivers/STM32U5xx_HAL_Driver/Src/stm32u5xx_hal.o
                0x20000004                uwTickPrio
 .data.uwTickFreq
                0x20000008        0x1 ./Drivers/STM32U5xx_HAL_Driver/Src/stm32u5xx_hal.o
                0x20000008                uwTickFreq
 *fill*         0x20000009        0x3 
 .data.USBD_CDC_DeviceQualifierDesc
                0x2000000c        0xa ./LEG_USB/Middlewares/ST/STM32_USB_Device_Library/Class/CDC/Src/usbd_cdc.o
 *fill*         0x20000016        0x2 
 .data.USBD_CDC
                0x20000018       0x38 ./LEG_USB/Middlewares/ST/STM32_USB_Device_Library/Class/CDC/Src/usbd_cdc.o
                0x20000018                USBD_CDC
 .data.USBD_CDC_CfgDesc
                0x20000050       0x43 ./LEG_USB/Middlewares/ST/STM32_USB_Device_Library/Class/CDC/Src/usbd_cdc.o
 .data.CDCInEpAdd
                0x20000093        0x1 ./LEG_USB/Middlewares/ST/STM32_USB_Device_Library/Class/CDC/Src/usbd_cdc.o
 .data.CDCOutEpAdd
                0x20000094        0x1 ./LEG_USB/Middlewares/ST/STM32_USB_Device_Library/Class/CDC/Src/usbd_cdc.o
 .data.CDCCmdEpAdd
                0x20000095        0x1 ./LEG_USB/Middlewares/ST/STM32_USB_Device_Library/Class/CDC/Src/usbd_cdc.o
 *fill*         0x20000096        0x2 
 .data.USBD_Interface_fops_HS
                0x20000098       0x14 ./LEG_USB/USB_DEVICE/App/usbd_cdc_if.o
                0x20000098                USBD_Interface_fops_HS
 .data.HS_Desc  0x200000ac       0x20 ./LEG_USB/USB_DEVICE/App/usbd_desc.o
                0x200000ac                HS_Desc
 .data.USBD_HS_DeviceDesc
                0x200000cc       0x12 ./LEG_USB/USB_DEVICE/App/usbd_desc.o
                0x200000cc                USBD_HS_DeviceDesc
 *fill*         0x200000de        0x2 
 .data.USBD_LangIDDesc
                0x200000e0        0x4 ./LEG_USB/USB_DEVICE/App/usbd_desc.o
                0x200000e0                USBD_LangIDDesc
 .data.USBD_StringSerial
                0x200000e4       0x1a ./LEG_USB/USB_DEVICE/App/usbd_desc.o
                0x200000e4                USBD_StringSerial
 *(.RamFunc)
 *(.RamFunc*)
                0x20000100                        . = ALIGN (0x4)
 *fill*         0x200000fe        0x2 
                0x20000100                        _edata = .

.igot.plt       0x20000100        0x0 load address 0x080097e8
 .igot.plt      0x20000100        0x0 C:/ST/STM32CubeIDE_1.14.0/STM32CubeIDE/plugins/com.st.stm32cube.ide.mcu.externaltools.gnu-tools-for-stm32.12.3.rel1.win32_1.1.0.202410251130/tools/bin/../lib/gcc/arm-none-eabi/12.3.1/thumb/v8-m.main+fp/hard/crtbegin.o
                0x20000100                        . = ALIGN (0x4)

.bss            0x20000100     0x1d50 load address 0x080097e8
                0x20000100                        _sbss = .
                0x20000100                        __bss_start__ = _sbss
 *(.bss)
 .bss           0x20000100       0x1c C:/ST/STM32CubeIDE_1.14.0/STM32CubeIDE/plugins/com.st.stm32cube.ide.mcu.externaltools.gnu-tools-for-stm32.12.3.rel1.win32_1.1.0.202410251130/tools/bin/../lib/gcc/arm-none-eabi/12.3.1/thumb/v8-m.main+fp/hard/crtbegin.o
 *(.bss*)
 .bss.hpcd_USB_OTG_HS
                0x2000011c      0x4e4 ./Core/Src/main.o
                0x2000011c                hpcd_USB_OTG_HS
 .bss.buffer    0x20000600      0x100 ./Core/Src/main.o
                0x20000600                buffer
 .bss.htim6     0x20000700       0x4c ./Core/Src/stm32u5xx_hal_timebase_tim.o
                0x20000700                htim6
 .bss.uwTick    0x2000074c        0x4 ./Drivers/STM32U5xx_HAL_Driver/Src/stm32u5xx_hal.o
                0x2000074c                uwTick
 .bss.cfgidx.0  0x20000750        0x1 ./LEG_USB/Middlewares/ST/STM32_USB_Device_Library/Core/Src/usbd_ctlreq.o
 *fill*         0x20000751        0x3 
 .bss.hUsbDeviceHS
                0x20000754      0x2dc ./LEG_USB/USB_DEVICE/App/usb_device.o
                0x20000754                hUsbDeviceHS
 .bss.UserRxBufferHS
                0x20000a30      0x800 ./LEG_USB/USB_DEVICE/App/usbd_cdc_if.o
                0x20000a30                UserRxBufferHS
 .bss.UserTxBufferHS
                0x20001230      0x800 ./LEG_USB/USB_DEVICE/App/usbd_cdc_if.o
                0x20001230                UserTxBufferHS
 .bss.USBD_StrDesc
                0x20001a30      0x200 ./LEG_USB/USB_DEVICE/App/usbd_desc.o
                0x20001a30                USBD_StrDesc
 .bss.mem.0     0x20001c30      0x220 ./LEG_USB/USB_DEVICE/Target/usbd_conf.o
 *(COMMON)
                0x20001e50                        . = ALIGN (0x4)
                0x20001e50                        _ebss = .
                0x20001e50                        __bss_end__ = _ebss

._user_heap_stack
                0x20001e50      0x600 load address 0x080097e8
                0x20001e50                        . = ALIGN (0x8)
                [!provide]                        PROVIDE (end = .)
                0x20001e50                        PROVIDE (_end = .)
                0x20002050                        . = (. + _Min_Heap_Size)
 *fill*         0x20001e50      0x200 
                0x20002450                        . = (. + _Min_Stack_Size)
 *fill*         0x20002050      0x400 
                0x20002450                        . = ALIGN (0x8)

/DISCARD/
 libc.a(*)
 libm.a(*)
 libgcc.a(*)

.ARM.attributes
                0x00000000       0x36
 *(.ARM.attributes)
 .ARM.attributes
                0x00000000       0x26 C:/ST/STM32CubeIDE_1.14.0/STM32CubeIDE/plugins/com.st.stm32cube.ide.mcu.externaltools.gnu-tools-for-stm32.12.3.rel1.win32_1.1.0.202410251130/tools/bin/../lib/gcc/arm-none-eabi/12.3.1/thumb/v8-m.main+fp/hard/crti.o
 .ARM.attributes
                0x00000026       0x38 C:/ST/STM32CubeIDE_1.14.0/STM32CubeIDE/plugins/com.st.stm32cube.ide.mcu.externaltools.gnu-tools-for-stm32.12.3.rel1.win32_1.1.0.202410251130/tools/bin/../lib/gcc/arm-none-eabi/12.3.1/thumb/v8-m.main+fp/hard/crtbegin.o
 .ARM.attributes
                0x0000005e       0x3a ./Core/Src/main.o
 .ARM.attributes
                0x00000098       0x3a ./Core/Src/stm32u5xx_hal_msp.o
 .ARM.attributes
                0x000000d2       0x3a ./Core/Src/stm32u5xx_hal_timebase_tim.o
 .ARM.attributes
                0x0000010c       0x3a ./Core/Src/stm32u5xx_it.o
 .ARM.attributes
                0x00000146       0x3a ./Core/Src/system_stm32u5xx.o
 .ARM.attributes
                0x00000180       0x24 ./Core/Startup/startup_stm32u5g9zjtxq.o
 .ARM.attributes
                0x000001a4       0x3a ./Drivers/STM32U5xx_HAL_Driver/Src/stm32u5xx_hal.o
 .ARM.attributes
                0x000001de       0x3a ./Drivers/STM32U5xx_HAL_Driver/Src/stm32u5xx_hal_cortex.o
 .ARM.attributes
                0x00000218       0x3a ./Drivers/STM32U5xx_HAL_Driver/Src/stm32u5xx_hal_gpio.o
 .ARM.attributes
                0x00000252       0x3a ./Drivers/STM32U5xx_HAL_Driver/Src/stm32u5xx_hal_icache.o
 .ARM.attributes
                0x0000028c       0x3a ./Drivers/STM32U5xx_HAL_Driver/Src/stm32u5xx_hal_pcd.o
 .ARM.attributes
                0x000002c6       0x3a ./Drivers/STM32U5xx_HAL_Driver/Src/stm32u5xx_hal_pcd_ex.o
 .ARM.attributes
                0x00000300       0x3a ./Drivers/STM32U5xx_HAL_Driver/Src/stm32u5xx_hal_pwr_ex.o
 .ARM.attributes
                0x0000033a       0x3a ./Drivers/STM32U5xx_HAL_Driver/Src/stm32u5xx_hal_rcc.o
 .ARM.attributes
                0x00000374       0x3a ./Drivers/STM32U5xx_HAL_Driver/Src/stm32u5xx_hal_rcc_ex.o
 .ARM.attributes
                0x000003ae       0x3a ./Drivers/STM32U5xx_HAL_Driver/Src/stm32u5xx_hal_tim.o
 .ARM.attributes
                0x000003e8       0x3a ./Drivers/STM32U5xx_HAL_Driver/Src/stm32u5xx_hal_tim_ex.o
 .ARM.attributes
                0x00000422       0x3a ./Drivers/STM32U5xx_HAL_Driver/Src/stm32u5xx_ll_usb.o
 .ARM.attributes
                0x0000045c       0x3a ./LEG_USB/Middlewares/ST/STM32_USB_Device_Library/Class/CDC/Src/usbd_cdc.o
 .ARM.attributes
                0x00000496       0x3a ./LEG_USB/Middlewares/ST/STM32_USB_Device_Library/Core/Src/usbd_core.o
 .ARM.attributes
                0x000004d0       0x3a ./LEG_USB/Middlewares/ST/STM32_USB_Device_Library/Core/Src/usbd_ctlreq.o
 .ARM.attributes
                0x0000050a       0x3a ./LEG_USB/Middlewares/ST/STM32_USB_Device_Library/Core/Src/usbd_ioreq.o
 .ARM.attributes
                0x00000544       0x3a ./LEG_USB/USB_DEVICE/App/usb_device.o
 .ARM.attributes
                0x0000057e       0x3a ./LEG_USB/USB_DEVICE/App/usbd_cdc_if.o
 .ARM.attributes
                0x000005b8       0x3a ./LEG_USB/USB_DEVICE/App/usbd_desc.o
 .ARM.attributes
                0x000005f2       0x3a ./LEG_USB/USB_DEVICE/Target/usbd_conf.o
 .ARM.attributes
                0x0000062c       0x38 C:/ST/STM32CubeIDE_1.14.0/STM32CubeIDE/plugins/com.st.stm32cube.ide.mcu.externaltools.gnu-tools-for-stm32.12.3.rel1.win32_1.1.0.202410251130/tools/bin/../lib/gcc/arm-none-eabi/12.3.1/../../../../arm-none-eabi/lib/thumb/v8-m.main+fp/hard\libc_nano.a(libc_a-memset.o)
 .ARM.attributes
                0x00000664       0x38 C:/ST/STM32CubeIDE_1.14.0/STM32CubeIDE/plugins/com.st.stm32cube.ide.mcu.externaltools.gnu-tools-for-stm32.12.3.rel1.win32_1.1.0.202410251130/tools/bin/../lib/gcc/arm-none-eabi/12.3.1/../../../../arm-none-eabi/lib/thumb/v8-m.main+fp/hard\libc_nano.a(libc_a-init.o)
 .ARM.attributes
                0x0000069c       0x26 C:/ST/STM32CubeIDE_1.14.0/STM32CubeIDE/plugins/com.st.stm32cube.ide.mcu.externaltools.gnu-tools-for-stm32.12.3.rel1.win32_1.1.0.202410251130/tools/bin/../lib/gcc/arm-none-eabi/12.3.1/thumb/v8-m.main+fp/hard/crtn.o
OUTPUT(u5g9_sbstack.elf elf32-littlearm)
LOAD linker stubs
LOAD C:/ST/STM32CubeIDE_1.14.0/STM32CubeIDE/plugins/com.st.stm32cube.ide.mcu.externaltools.gnu-tools-for-stm32.12.3.rel1.win32_1.1.0.202410251130/tools/bin/../lib/gcc/arm-none-eabi/12.3.1/../../../../arm-none-eabi/lib/thumb/v8-m.main+fp/hard\libc.a
LOAD C:/ST/STM32CubeIDE_1.14.0/STM32CubeIDE/plugins/com.st.stm32cube.ide.mcu.externaltools.gnu-tools-for-stm32.12.3.rel1.win32_1.1.0.202410251130/tools/bin/../lib/gcc/arm-none-eabi/12.3.1/../../../../arm-none-eabi/lib/thumb/v8-m.main+fp/hard\libm.a
LOAD C:/ST/STM32CubeIDE_1.14.0/STM32CubeIDE/plugins/com.st.stm32cube.ide.mcu.externaltools.gnu-tools-for-stm32.12.3.rel1.win32_1.1.0.202410251130/tools/bin/../lib/gcc/arm-none-eabi/12.3.1/thumb/v8-m.main+fp/hard\libgcc.a

.debug_info     0x00000000    0x1aca4
 .debug_info    0x00000000     0x17fb ./Core/Src/main.o
 .debug_info    0x000017fb     0x1279 ./Core/Src/stm32u5xx_hal_msp.o
 .debug_info    0x00002a74     0x11ee ./Core/Src/stm32u5xx_hal_timebase_tim.o
 .debug_info    0x00003c62      0xedc ./Core/Src/stm32u5xx_it.o
 .debug_info    0x00004b3e      0x929 ./Core/Src/system_stm32u5xx.o
 .debug_info    0x00005467       0x30 ./Core/Startup/startup_stm32u5g9zjtxq.o
 .debug_info    0x00005497     0x14a3 ./Drivers/STM32U5xx_HAL_Driver/Src/stm32u5xx_hal.o
 .debug_info    0x0000693a     0x16b2 ./Drivers/STM32U5xx_HAL_Driver/Src/stm32u5xx_hal_cortex.o
 .debug_info    0x00007fec      0x859 ./Drivers/STM32U5xx_HAL_Driver/Src/stm32u5xx_hal_gpio.o
 .debug_info    0x00008845      0x4d6 ./Drivers/STM32U5xx_HAL_Driver/Src/stm32u5xx_hal_icache.o
 .debug_info    0x00008d1b     0x153b ./Drivers/STM32U5xx_HAL_Driver/Src/stm32u5xx_hal_pcd.o
 .debug_info    0x0000a256      0x8bd ./Drivers/STM32U5xx_HAL_Driver/Src/stm32u5xx_hal_pcd_ex.o
 .debug_info    0x0000ab13      0xf1a ./Drivers/STM32U5xx_HAL_Driver/Src/stm32u5xx_hal_pwr_ex.o
 .debug_info    0x0000ba2d     0x12bc ./Drivers/STM32U5xx_HAL_Driver/Src/stm32u5xx_hal_rcc.o
 .debug_info    0x0000cce9     0x1639 ./Drivers/STM32U5xx_HAL_Driver/Src/stm32u5xx_hal_rcc_ex.o
 .debug_info    0x0000e322     0x2e54 ./Drivers/STM32U5xx_HAL_Driver/Src/stm32u5xx_hal_tim.o
 .debug_info    0x00011176     0x1efe ./Drivers/STM32U5xx_HAL_Driver/Src/stm32u5xx_hal_tim_ex.o
 .debug_info    0x00013074     0x1aa2 ./Drivers/STM32U5xx_HAL_Driver/Src/stm32u5xx_ll_usb.o
 .debug_info    0x00014b16     0x1350 ./LEG_USB/Middlewares/ST/STM32_USB_Device_Library/Class/CDC/Src/usbd_cdc.o
 .debug_info    0x00015e66      0xe20 ./LEG_USB/Middlewares/ST/STM32_USB_Device_Library/Core/Src/usbd_core.o
 .debug_info    0x00016c86      0xaf9 ./LEG_USB/Middlewares/ST/STM32_USB_Device_Library/Core/Src/usbd_ctlreq.o
 .debug_info    0x0001777f      0x770 ./LEG_USB/Middlewares/ST/STM32_USB_Device_Library/Core/Src/usbd_ioreq.o
 .debug_info    0x00017eef      0x71c ./LEG_USB/USB_DEVICE/App/usb_device.o
 .debug_info    0x0001860b      0x915 ./LEG_USB/USB_DEVICE/App/usbd_cdc_if.o
 .debug_info    0x00018f20      0x4c5 ./LEG_USB/USB_DEVICE/App/usbd_desc.o
 .debug_info    0x000193e5     0x18bf ./LEG_USB/USB_DEVICE/Target/usbd_conf.o

.debug_abbrev   0x00000000     0x3c6b
 .debug_abbrev  0x00000000      0x39c ./Core/Src/main.o
 .debug_abbrev  0x0000039c      0x21b ./Core/Src/stm32u5xx_hal_msp.o
 .debug_abbrev  0x000005b7      0x229 ./Core/Src/stm32u5xx_hal_timebase_tim.o
 .debug_abbrev  0x000007e0      0x1e9 ./Core/Src/stm32u5xx_it.o
 .debug_abbrev  0x000009c9      0x129 ./Core/Src/system_stm32u5xx.o
 .debug_abbrev  0x00000af2       0x24 ./Core/Startup/startup_stm32u5g9zjtxq.o
 .debug_abbrev  0x00000b16      0x2a4 ./Drivers/STM32U5xx_HAL_Driver/Src/stm32u5xx_hal.o
 .debug_abbrev  0x00000dba      0x311 ./Drivers/STM32U5xx_HAL_Driver/Src/stm32u5xx_hal_cortex.o
 .debug_abbrev  0x000010cb      0x25a ./Drivers/STM32U5xx_HAL_Driver/Src/stm32u5xx_hal_gpio.o
 .debug_abbrev  0x00001325      0x228 ./Drivers/STM32U5xx_HAL_Driver/Src/stm32u5xx_hal_icache.o
 .debug_abbrev  0x0000154d      0x2bc ./Drivers/STM32U5xx_HAL_Driver/Src/stm32u5xx_hal_pcd.o
 .debug_abbrev  0x00001809      0x25a ./Drivers/STM32U5xx_HAL_Driver/Src/stm32u5xx_hal_pcd_ex.o
 .debug_abbrev  0x00001a63      0x243 ./Drivers/STM32U5xx_HAL_Driver/Src/stm32u5xx_hal_pwr_ex.o
 .debug_abbrev  0x00001ca6      0x2cb ./Drivers/STM32U5xx_HAL_Driver/Src/stm32u5xx_hal_rcc.o
 .debug_abbrev  0x00001f71      0x23d ./Drivers/STM32U5xx_HAL_Driver/Src/stm32u5xx_hal_rcc_ex.o
 .debug_abbrev  0x000021ae      0x2bd ./Drivers/STM32U5xx_HAL_Driver/Src/stm32u5xx_hal_tim.o
 .debug_abbrev  0x0000246b      0x2c7 ./Drivers/STM32U5xx_HAL_Driver/Src/stm32u5xx_hal_tim_ex.o
 .debug_abbrev  0x00002732      0x2b0 ./Drivers/STM32U5xx_HAL_Driver/Src/stm32u5xx_ll_usb.o
 .debug_abbrev  0x000029e2      0x2d1 ./LEG_USB/Middlewares/ST/STM32_USB_Device_Library/Class/CDC/Src/usbd_cdc.o
 .debug_abbrev  0x00002cb3      0x27c ./LEG_USB/Middlewares/ST/STM32_USB_Device_Library/Core/Src/usbd_core.o
 .debug_abbrev  0x00002f2f      0x26f ./LEG_USB/Middlewares/ST/STM32_USB_Device_Library/Core/Src/usbd_ctlreq.o
 .debug_abbrev  0x0000319e      0x19a ./LEG_USB/Middlewares/ST/STM32_USB_Device_Library/Core/Src/usbd_ioreq.o
 .debug_abbrev  0x00003338      0x195 ./LEG_USB/USB_DEVICE/App/usb_device.o
 .debug_abbrev  0x000034cd      0x29d ./LEG_USB/USB_DEVICE/App/usbd_cdc_if.o
 .debug_abbrev  0x0000376a      0x1f5 ./LEG_USB/USB_DEVICE/App/usbd_desc.o
 .debug_abbrev  0x0000395f      0x30c ./LEG_USB/USB_DEVICE/Target/usbd_conf.o

.debug_aranges  0x00000000     0x1748
 .debug_aranges
                0x00000000       0x58 ./Core/Src/main.o
 .debug_aranges
                0x00000058       0x30 ./Core/Src/stm32u5xx_hal_msp.o
 .debug_aranges
                0x00000088       0x30 ./Core/Src/stm32u5xx_hal_timebase_tim.o
 .debug_aranges
                0x000000b8       0x70 ./Core/Src/stm32u5xx_it.o
 .debug_aranges
                0x00000128       0x28 ./Core/Src/system_stm32u5xx.o
 .debug_aranges
                0x00000150       0x28 ./Core/Startup/startup_stm32u5g9zjtxq.o
 .debug_aranges
                0x00000178      0x1a8 ./Drivers/STM32U5xx_HAL_Driver/Src/stm32u5xx_hal.o
 .debug_aranges
                0x00000320      0x140 ./Drivers/STM32U5xx_HAL_Driver/Src/stm32u5xx_hal_cortex.o
 .debug_aranges
                0x00000460       0x78 ./Drivers/STM32U5xx_HAL_Driver/Src/stm32u5xx_hal_gpio.o
 .debug_aranges
                0x000004d8       0xa8 ./Drivers/STM32U5xx_HAL_Driver/Src/stm32u5xx_hal_icache.o
 .debug_aranges
                0x00000580      0x140 ./Drivers/STM32U5xx_HAL_Driver/Src/stm32u5xx_hal_pcd.o
 .debug_aranges
                0x000006c0       0x60 ./Drivers/STM32U5xx_HAL_Driver/Src/stm32u5xx_hal_pcd_ex.o
 .debug_aranges
                0x00000720      0x230 ./Drivers/STM32U5xx_HAL_Driver/Src/stm32u5xx_hal_pwr_ex.o
 .debug_aranges
                0x00000950       0xa8 ./Drivers/STM32U5xx_HAL_Driver/Src/stm32u5xx_hal_rcc.o
 .debug_aranges
                0x000009f8      0x160 ./Drivers/STM32U5xx_HAL_Driver/Src/stm32u5xx_hal_rcc_ex.o
 .debug_aranges
                0x00000b58      0x3e8 ./Drivers/STM32U5xx_HAL_Driver/Src/stm32u5xx_hal_tim.o
 .debug_aranges
                0x00000f40      0x250 ./Drivers/STM32U5xx_HAL_Driver/Src/stm32u5xx_hal_tim_ex.o
 .debug_aranges
                0x00001190      0x1a0 ./Drivers/STM32U5xx_HAL_Driver/Src/stm32u5xx_ll_usb.o
 .debug_aranges
                0x00001330       0x90 ./LEG_USB/Middlewares/ST/STM32_USB_Device_Library/Class/CDC/Src/usbd_cdc.o
 .debug_aranges
                0x000013c0       0xd8 ./LEG_USB/Middlewares/ST/STM32_USB_Device_Library/Core/Src/usbd_core.o
 .debug_aranges
                0x00001498       0x90 ./LEG_USB/Middlewares/ST/STM32_USB_Device_Library/Core/Src/usbd_ctlreq.o
 .debug_aranges
                0x00001528       0x50 ./LEG_USB/Middlewares/ST/STM32_USB_Device_Library/Core/Src/usbd_ioreq.o
 .debug_aranges
                0x00001578       0x20 ./LEG_USB/USB_DEVICE/App/usb_device.o
 .debug_aranges
                0x00001598       0x48 ./LEG_USB/USB_DEVICE/App/usbd_cdc_if.o
 .debug_aranges
                0x000015e0       0x68 ./LEG_USB/USB_DEVICE/App/usbd_desc.o
 .debug_aranges
                0x00001648      0x100 ./LEG_USB/USB_DEVICE/Target/usbd_conf.o

.debug_rnglists
                0x00000000     0x11b8
 .debug_rnglists
                0x00000000       0x3f ./Core/Src/main.o
 .debug_rnglists
                0x0000003f       0x20 ./Core/Src/stm32u5xx_hal_msp.o
 .debug_rnglists
                0x0000005f       0x20 ./Core/Src/stm32u5xx_hal_timebase_tim.o
 .debug_rnglists
                0x0000007f       0x4f ./Core/Src/stm32u5xx_it.o
 .debug_rnglists
                0x000000ce       0x1a ./Core/Src/system_stm32u5xx.o
 .debug_rnglists
                0x000000e8       0x19 ./Core/Startup/startup_stm32u5g9zjtxq.o
 .debug_rnglists
                0x00000101      0x13b ./Drivers/STM32U5xx_HAL_Driver/Src/stm32u5xx_hal.o
 .debug_rnglists
                0x0000023c       0xec ./Drivers/STM32U5xx_HAL_Driver/Src/stm32u5xx_hal_cortex.o
 .debug_rnglists
                0x00000328       0x5a ./Drivers/STM32U5xx_HAL_Driver/Src/stm32u5xx_hal_gpio.o
 .debug_rnglists
                0x00000382       0x7a ./Drivers/STM32U5xx_HAL_Driver/Src/stm32u5xx_hal_icache.o
 .debug_rnglists
                0x000003fc       0xf4 ./Drivers/STM32U5xx_HAL_Driver/Src/stm32u5xx_hal_pcd.o
 .debug_rnglists
                0x000004f0       0x45 ./Drivers/STM32U5xx_HAL_Driver/Src/stm32u5xx_hal_pcd_ex.o
 .debug_rnglists
                0x00000535      0x1aa ./Drivers/STM32U5xx_HAL_Driver/Src/stm32u5xx_hal_pwr_ex.o
 .debug_rnglists
                0x000006df       0x7f ./Drivers/STM32U5xx_HAL_Driver/Src/stm32u5xx_hal_rcc.o
 .debug_rnglists
                0x0000075e      0x113 ./Drivers/STM32U5xx_HAL_Driver/Src/stm32u5xx_hal_rcc_ex.o
 .debug_rnglists
                0x00000871      0x32e ./Drivers/STM32U5xx_HAL_Driver/Src/stm32u5xx_hal_tim.o
 .debug_rnglists
                0x00000b9f      0x1d7 ./Drivers/STM32U5xx_HAL_Driver/Src/stm32u5xx_hal_tim_ex.o
 .debug_rnglists
                0x00000d76      0x146 ./Drivers/STM32U5xx_HAL_Driver/Src/stm32u5xx_ll_usb.o
 .debug_rnglists
                0x00000ebc       0x6c ./LEG_USB/Middlewares/ST/STM32_USB_Device_Library/Class/CDC/Src/usbd_cdc.o
 .debug_rnglists
                0x00000f28       0xa1 ./LEG_USB/Middlewares/ST/STM32_USB_Device_Library/Core/Src/usbd_core.o
 .debug_rnglists
                0x00000fc9       0x6e ./LEG_USB/Middlewares/ST/STM32_USB_Device_Library/Core/Src/usbd_ctlreq.o
 .debug_rnglists
                0x00001037       0x37 ./LEG_USB/Middlewares/ST/STM32_USB_Device_Library/Core/Src/usbd_ioreq.o
 .debug_rnglists
                0x0000106e       0x13 ./LEG_USB/USB_DEVICE/App/usb_device.o
 .debug_rnglists
                0x00001081       0x32 ./LEG_USB/USB_DEVICE/App/usbd_cdc_if.o
 .debug_rnglists
                0x000010b3       0x49 ./LEG_USB/USB_DEVICE/App/usbd_desc.o
 .debug_rnglists
                0x000010fc       0xbc ./LEG_USB/USB_DEVICE/Target/usbd_conf.o

.debug_macro    0x00000000    0x40b1f
 .debug_macro   0x00000000      0x362 ./Core/Src/main.o
 .debug_macro   0x00000362      0xaba ./Core/Src/main.o
 .debug_macro   0x00000e1c      0x201 ./Core/Src/main.o
 .debug_macro   0x0000101d       0x2e ./Core/Src/main.o
 .debug_macro   0x0000104b       0x42 ./Core/Src/main.o
 .debug_macro   0x0000108d       0x22 ./Core/Src/main.o
 .debug_macro   0x000010af       0x8e ./Core/Src/main.o
 .debug_macro   0x0000113d       0x51 ./Core/Src/main.o
 .debug_macro   0x0000118e      0x103 ./Core/Src/main.o
 .debug_macro   0x00001291       0x6a ./Core/Src/main.o
 .debug_macro   0x000012fb      0x1df ./Core/Src/main.o
 .debug_macro   0x000014da       0x1c ./Core/Src/main.o
 .debug_macro   0x000014f6       0x29 ./Core/Src/main.o
 .debug_macro   0x0000151f       0xfb ./Core/Src/main.o
 .debug_macro   0x0000161a     0x1685 ./Core/Src/main.o
 .debug_macro   0x00002c9f       0x5e ./Core/Src/main.o
 .debug_macro   0x00002cfd    0x2e042 ./Core/Src/main.o
 .debug_macro   0x00030d3f       0x6d ./Core/Src/main.o
 .debug_macro   0x00030dac     0x393e ./Core/Src/main.o
 .debug_macro   0x000346ea      0x189 ./Core/Src/main.o
 .debug_macro   0x00034873       0x61 ./Core/Src/main.o
 .debug_macro   0x000348d4       0x2a ./Core/Src/main.o
 .debug_macro   0x000348fe       0x43 ./Core/Src/main.o
 .debug_macro   0x00034941       0x34 ./Core/Src/main.o
 .debug_macro   0x00034975       0x16 ./Core/Src/main.o
 .debug_macro   0x0003498b       0x43 ./Core/Src/main.o
 .debug_macro   0x000349ce       0x34 ./Core/Src/main.o
 .debug_macro   0x00034a02       0x10 ./Core/Src/main.o
 .debug_macro   0x00034a12       0x58 ./Core/Src/main.o
 .debug_macro   0x00034a6a       0x8e ./Core/Src/main.o
 .debug_macro   0x00034af8       0x1c ./Core/Src/main.o
 .debug_macro   0x00034b14      0x177 ./Core/Src/main.o
 .debug_macro   0x00034c8b      0x369 ./Core/Src/main.o
 .debug_macro   0x00034ff4      0x19b ./Core/Src/main.o
 .debug_macro   0x0003518f       0x5d ./Core/Src/main.o
 .debug_macro   0x000351ec     0x1ec7 ./Core/Src/main.o
 .debug_macro   0x000370b3      0x948 ./Core/Src/main.o
 .debug_macro   0x000379fb      0x166 ./Core/Src/main.o
 .debug_macro   0x00037b61      0x316 ./Core/Src/main.o
 .debug_macro   0x00037e77       0xc9 ./Core/Src/main.o
 .debug_macro   0x00037f40      0x5f9 ./Core/Src/main.o
 .debug_macro   0x00038539      0x4d3 ./Core/Src/main.o
 .debug_macro   0x00038a0c       0xd6 ./Core/Src/main.o
 .debug_macro   0x00038ae2      0x1cd ./Core/Src/main.o
 .debug_macro   0x00038caf      0x432 ./Core/Src/main.o
 .debug_macro   0x000390e1       0x95 ./Core/Src/main.o
 .debug_macro   0x00039176      0x11c ./Core/Src/main.o
 .debug_macro   0x00039292      0x52c ./Core/Src/main.o
 .debug_macro   0x000397be      0x63e ./Core/Src/main.o
 .debug_macro   0x00039dfc      0xbcc ./Core/Src/main.o
 .debug_macro   0x0003a9c8      0x5b3 ./Core/Src/main.o
 .debug_macro   0x0003af7b      0x293 ./Core/Src/main.o
 .debug_macro   0x0003b20e       0x82 ./Core/Src/main.o
 .debug_macro   0x0003b290      0x1d3 ./Core/Src/main.o
 .debug_macro   0x0003b463      0x448 ./Core/Src/main.o
 .debug_macro   0x0003b8ab       0x34 ./Core/Src/main.o
 .debug_macro   0x0003b8df       0x1c ./Core/Src/main.o
 .debug_macro   0x0003b8fb       0x35 ./Core/Src/main.o
 .debug_macro   0x0003b930       0x10 ./Core/Src/main.o
 .debug_macro   0x0003b940       0x1c ./Core/Src/main.o
 .debug_macro   0x0003b95c       0x16 ./Core/Src/main.o
 .debug_macro   0x0003b972      0x146 ./Core/Src/main.o
 .debug_macro   0x0003bab8       0x16 ./Core/Src/main.o
 .debug_macro   0x0003bace       0x16 ./Core/Src/main.o
 .debug_macro   0x0003bae4       0x29 ./Core/Src/main.o
 .debug_macro   0x0003bb0d       0x16 ./Core/Src/main.o
 .debug_macro   0x0003bb23       0x20 ./Core/Src/main.o
 .debug_macro   0x0003bb43       0x65 ./Core/Src/main.o
 .debug_macro   0x0003bba8      0x20f ./Core/Src/main.o
 .debug_macro   0x0003bdb7      0x296 ./Core/Src/stm32u5xx_hal_msp.o
 .debug_macro   0x0003c04d      0x287 ./Core/Src/stm32u5xx_hal_timebase_tim.o
 .debug_macro   0x0003c2d4      0x2a0 ./Core/Src/stm32u5xx_it.o
 .debug_macro   0x0003c574      0x28e ./Core/Src/system_stm32u5xx.o
 .debug_macro   0x0003c802      0x2ab ./Drivers/STM32U5xx_HAL_Driver/Src/stm32u5xx_hal.o
 .debug_macro   0x0003caad      0x287 ./Drivers/STM32U5xx_HAL_Driver/Src/stm32u5xx_hal_cortex.o
 .debug_macro   0x0003cd34      0x2bc ./Drivers/STM32U5xx_HAL_Driver/Src/stm32u5xx_hal_gpio.o
 .debug_macro   0x0003cff0      0x2b9 ./Drivers/STM32U5xx_HAL_Driver/Src/stm32u5xx_hal_icache.o
 .debug_macro   0x0003d2a9      0x293 ./Drivers/STM32U5xx_HAL_Driver/Src/stm32u5xx_hal_pcd.o
 .debug_macro   0x0003d53c      0x287 ./Drivers/STM32U5xx_HAL_Driver/Src/stm32u5xx_hal_pcd_ex.o
 .debug_macro   0x0003d7c3      0x2b9 ./Drivers/STM32U5xx_HAL_Driver/Src/stm32u5xx_hal_pwr_ex.o
 .debug_macro   0x0003da7c      0x38d ./Drivers/STM32U5xx_HAL_Driver/Src/stm32u5xx_hal_rcc.o
 .debug_macro   0x0003de09      0x3e8 ./Drivers/STM32U5xx_HAL_Driver/Src/stm32u5xx_hal_rcc_ex.o
 .debug_macro   0x0003e1f1      0x28f ./Drivers/STM32U5xx_HAL_Driver/Src/stm32u5xx_hal_tim.o
 .debug_macro   0x0003e480      0x28d ./Drivers/STM32U5xx_HAL_Driver/Src/stm32u5xx_hal_tim_ex.o
 .debug_macro   0x0003e70d      0x287 ./Drivers/STM32U5xx_HAL_Driver/Src/stm32u5xx_ll_usb.o
 .debug_macro   0x0003e994      0x38d ./LEG_USB/Middlewares/ST/STM32_USB_Device_Library/Class/CDC/Src/usbd_cdc.o
 .debug_macro   0x0003ed21       0x16 ./LEG_USB/Middlewares/ST/STM32_USB_Device_Library/Class/CDC/Src/usbd_cdc.o
 .debug_macro   0x0003ed37       0x9e ./LEG_USB/Middlewares/ST/STM32_USB_Device_Library/Class/CDC/Src/usbd_cdc.o
 .debug_macro   0x0003edd5      0x10b ./LEG_USB/Middlewares/ST/STM32_USB_Device_Library/Class/CDC/Src/usbd_cdc.o
 .debug_macro   0x0003eee0       0x16 ./LEG_USB/Middlewares/ST/STM32_USB_Device_Library/Class/CDC/Src/usbd_cdc.o
 .debug_macro   0x0003eef6       0x95 ./LEG_USB/Middlewares/ST/STM32_USB_Device_Library/Class/CDC/Src/usbd_cdc.o
 .debug_macro   0x0003ef8b      0x374 ./LEG_USB/Middlewares/ST/STM32_USB_Device_Library/Core/Src/usbd_core.o
 .debug_macro   0x0003f2ff      0x215 ./LEG_USB/Middlewares/ST/STM32_USB_Device_Library/Core/Src/usbd_core.o
 .debug_macro   0x0003f514      0x37e ./LEG_USB/Middlewares/ST/STM32_USB_Device_Library/Core/Src/usbd_ctlreq.o
 .debug_macro   0x0003f892      0x37a ./LEG_USB/Middlewares/ST/STM32_USB_Device_Library/Core/Src/usbd_ioreq.o
 .debug_macro   0x0003fc0c      0x3a1 ./LEG_USB/USB_DEVICE/App/usb_device.o
 .debug_macro   0x0003ffad       0x3a ./LEG_USB/USB_DEVICE/App/usb_device.o
 .debug_macro   0x0003ffe7       0x22 ./LEG_USB/USB_DEVICE/App/usb_device.o
 .debug_macro   0x00040009       0x16 ./LEG_USB/USB_DEVICE/App/usb_device.o
 .debug_macro   0x0004001f      0x398 ./LEG_USB/USB_DEVICE/App/usbd_cdc_if.o
 .debug_macro   0x000403b7       0x10 ./LEG_USB/USB_DEVICE/App/usbd_cdc_if.o
 .debug_macro   0x000403c7      0x3b7 ./LEG_USB/USB_DEVICE/App/usbd_desc.o
 .debug_macro   0x0004077e       0x1c ./LEG_USB/USB_DEVICE/App/usbd_desc.o
 .debug_macro   0x0004079a      0x385 ./LEG_USB/USB_DEVICE/Target/usbd_conf.o

.debug_line     0x00000000    0x1cd41
 .debug_line    0x00000000      0xbad ./Core/Src/main.o
 .debug_line    0x00000bad      0x909 ./Core/Src/stm32u5xx_hal_msp.o
 .debug_line    0x000014b6      0x913 ./Core/Src/stm32u5xx_hal_timebase_tim.o
 .debug_line    0x00001dc9      0x996 ./Core/Src/stm32u5xx_it.o
 .debug_line    0x0000275f      0x9aa ./Core/Src/system_stm32u5xx.o
 .debug_line    0x00003109       0x79 ./Core/Startup/startup_stm32u5g9zjtxq.o
 .debug_line    0x00003182      0xe4a ./Drivers/STM32U5xx_HAL_Driver/Src/stm32u5xx_hal.o
 .debug_line    0x00003fcc      0xf19 ./Drivers/STM32U5xx_HAL_Driver/Src/stm32u5xx_hal_cortex.o
 .debug_line    0x00004ee5      0xe38 ./Drivers/STM32U5xx_HAL_Driver/Src/stm32u5xx_hal_gpio.o
 .debug_line    0x00005d1d      0xb8e ./Drivers/STM32U5xx_HAL_Driver/Src/stm32u5xx_hal_icache.o
 .debug_line    0x000068ab     0x1603 ./Drivers/STM32U5xx_HAL_Driver/Src/stm32u5xx_hal_pcd.o
 .debug_line    0x00007eae      0xa9c ./Drivers/STM32U5xx_HAL_Driver/Src/stm32u5xx_hal_pcd_ex.o
 .debug_line    0x0000894a     0x135f ./Drivers/STM32U5xx_HAL_Driver/Src/stm32u5xx_hal_pwr_ex.o
 .debug_line    0x00009ca9     0x15d4 ./Drivers/STM32U5xx_HAL_Driver/Src/stm32u5xx_hal_rcc.o
 .debug_line    0x0000b27d     0x25f6 ./Drivers/STM32U5xx_HAL_Driver/Src/stm32u5xx_hal_rcc_ex.o
 .debug_line    0x0000d873     0x461c ./Drivers/STM32U5xx_HAL_Driver/Src/stm32u5xx_hal_tim.o
 .debug_line    0x00011e8f     0x23b8 ./Drivers/STM32U5xx_HAL_Driver/Src/stm32u5xx_hal_tim_ex.o
 .debug_line    0x00014247     0x1f5a ./Drivers/STM32U5xx_HAL_Driver/Src/stm32u5xx_ll_usb.o
 .debug_line    0x000161a1      0xf5a ./LEG_USB/Middlewares/ST/STM32_USB_Device_Library/Class/CDC/Src/usbd_cdc.o
 .debug_line    0x000170fb      0xfcc ./LEG_USB/Middlewares/ST/STM32_USB_Device_Library/Core/Src/usbd_core.o
 .debug_line    0x000180c7     0x11f9 ./LEG_USB/Middlewares/ST/STM32_USB_Device_Library/Core/Src/usbd_ctlreq.o
 .debug_line    0x000192c0      0xae6 ./LEG_USB/Middlewares/ST/STM32_USB_Device_Library/Core/Src/usbd_ioreq.o
 .debug_line    0x00019da6      0xaaa ./LEG_USB/USB_DEVICE/App/usb_device.o
 .debug_line    0x0001a850      0xb13 ./LEG_USB/USB_DEVICE/App/usbd_cdc_if.o
 .debug_line    0x0001b363      0xb86 ./LEG_USB/USB_DEVICE/App/usbd_desc.o
 .debug_line    0x0001bee9      0xe58 ./LEG_USB/USB_DEVICE/Target/usbd_conf.o

.debug_str      0x00000000   0x183852
 .debug_str     0x00000000   0x178ea4 ./Core/Src/main.o
                             0x179ac3 (size before relaxing)
 .debug_str     0x00178ea4      0xc81 ./Core/Src/stm32u5xx_hal_msp.o
                             0x178ba9 (size before relaxing)
 .debug_str     0x00179b25       0xf7 ./Core/Src/stm32u5xx_hal_timebase_tim.o
                             0x1789c8 (size before relaxing)
 .debug_str     0x00179c1c      0x105 ./Core/Src/stm32u5xx_it.o
                             0x1783c2 (size before relaxing)
 .debug_str     0x00179d21      0x1c9 ./Core/Src/system_stm32u5xx.o
                             0x177b3c (size before relaxing)
 .debug_str     0x00179eea       0x45 ./Core/Startup/startup_stm32u5g9zjtxq.o
                                 0x8b (size before relaxing)
 .debug_str     0x00179f2f      0x929 ./Drivers/STM32U5xx_HAL_Driver/Src/stm32u5xx_hal.o
                             0x178d67 (size before relaxing)
 .debug_str     0x0017a858      0x3db ./Drivers/STM32U5xx_HAL_Driver/Src/stm32u5xx_hal_cortex.o
                             0x17886c (size before relaxing)
 .debug_str     0x0017ac33      0x2fb ./Drivers/STM32U5xx_HAL_Driver/Src/stm32u5xx_hal_gpio.o
                             0x177b61 (size before relaxing)
 .debug_str     0x0017af2e      0x673 ./Drivers/STM32U5xx_HAL_Driver/Src/stm32u5xx_hal_icache.o
                             0x177e5e (size before relaxing)
 .debug_str     0x0017b5a1      0x806 ./Drivers/STM32U5xx_HAL_Driver/Src/stm32u5xx_hal_pcd.o
                             0x178425 (size before relaxing)
 .debug_str     0x0017bda7      0x174 ./Drivers/STM32U5xx_HAL_Driver/Src/stm32u5xx_hal_pcd_ex.o
                             0x177dc3 (size before relaxing)
 .debug_str     0x0017bf1b      0x91d ./Drivers/STM32U5xx_HAL_Driver/Src/stm32u5xx_hal_pwr_ex.o
                             0x178380 (size before relaxing)
 .debug_str     0x0017c838     0x12b7 ./Drivers/STM32U5xx_HAL_Driver/Src/stm32u5xx_hal_rcc.o
                             0x1792d5 (size before relaxing)
 .debug_str     0x0017daef     0x2b0e ./Drivers/STM32U5xx_HAL_Driver/Src/stm32u5xx_hal_rcc_ex.o
                             0x17aad6 (size before relaxing)
 .debug_str     0x001805fd      0xfcf ./Drivers/STM32U5xx_HAL_Driver/Src/stm32u5xx_hal_tim.o
                             0x178f7f (size before relaxing)
 .debug_str     0x001815cc      0x9cb ./Drivers/STM32U5xx_HAL_Driver/Src/stm32u5xx_hal_tim_ex.o
                             0x178bd6 (size before relaxing)
 .debug_str     0x00181f97      0x4b9 ./Drivers/STM32U5xx_HAL_Driver/Src/stm32u5xx_ll_usb.o
                             0x17831f (size before relaxing)
 .debug_str     0x00182450      0xa54 ./LEG_USB/Middlewares/ST/STM32_USB_Device_Library/Class/CDC/Src/usbd_cdc.o
                             0x17992b (size before relaxing)
 .debug_str     0x00182ea4      0x364 ./LEG_USB/Middlewares/ST/STM32_USB_Device_Library/Core/Src/usbd_core.o
                             0x179239 (size before relaxing)
 .debug_str     0x00183208      0x141 ./LEG_USB/Middlewares/ST/STM32_USB_Device_Library/Core/Src/usbd_ctlreq.o
                             0x179064 (size before relaxing)
 .debug_str     0x00183349       0x59 ./LEG_USB/Middlewares/ST/STM32_USB_Device_Library/Core/Src/usbd_ioreq.o
                             0x178f39 (size before relaxing)
 .debug_str     0x001833a2      0x10d ./LEG_USB/USB_DEVICE/App/usb_device.o
                             0x1792ec (size before relaxing)
 .debug_str     0x001834af       0x92 ./LEG_USB/USB_DEVICE/App/usbd_cdc_if.o
                             0x17932c (size before relaxing)
 .debug_str     0x00183541      0x2a0 ./LEG_USB/USB_DEVICE/App/usbd_desc.o
                             0x178e63 (size before relaxing)
 .debug_str     0x001837e1       0x71 ./LEG_USB/USB_DEVICE/Target/usbd_conf.o
                             0x179b63 (size before relaxing)

.comment        0x00000000       0x43
 .comment       0x00000000       0x43 ./Core/Src/main.o
                                 0x44 (size before relaxing)
 .comment       0x00000043       0x44 ./Core/Src/stm32u5xx_hal_msp.o
 .comment       0x00000043       0x44 ./Core/Src/stm32u5xx_hal_timebase_tim.o
 .comment       0x00000043       0x44 ./Core/Src/stm32u5xx_it.o
 .comment       0x00000043       0x44 ./Core/Src/system_stm32u5xx.o