Archive member included to satisfy reference by file (symbol)

C:/ST/STM32CubeIDE_1.14.0/STM32CubeIDE/plugins/com.st.stm32cube.ide.mcu.externaltools.gnu-tools-for-stm32.12.3.rel1.win32_1.1.0.202410251130/tools/bin/../lib/gcc/arm-none-eabi/12.3.1/../../../../arm-none-eabi/lib/thumb/v8-m.main+fp/hard\libc_nano.a(libc_a-exit.o)
                              C:/ST/STM32CubeIDE_1.14.0/STM32CubeIDE/plugins/com.st.stm32cube.ide.mcu.externaltools.gnu-tools-for-stm32.12.3.rel1.win32_1.1.0.202410251130/tools/bin/../lib/gcc/arm-none-eabi/12.3.1/../../../../arm-none-eabi/lib/thumb/v8-m.main+fp/hard/crt0.o (exit)
C:/ST/STM32CubeIDE_1.14.0/STM32CubeIDE/plugins/com.st.stm32cube.ide.mcu.externaltools.gnu-tools-for-stm32.12.3.rel1.win32_1.1.0.202410251130/tools/bin/../lib/gcc/arm-none-eabi/12.3.1/../../../../arm-none-eabi/lib/thumb/v8-m.main+fp/hard\libc_nano.a(libc_a-findfp.o)
                              C:/ST/STM32CubeIDE_1.14.0/STM32CubeIDE/plugins/com.st.stm32cube.ide.mcu.externaltools.gnu-tools-for-stm32.12.3.rel1.win32_1.1.0.202410251130/tools/bin/../lib/gcc/arm-none-eabi/12.3.1/../../../../arm-none-eabi/lib/thumb/v8-m.main+fp/hard\libc_nano.a(libc_a-exit.o) (__stdio_exit_handler)
C:/ST/STM32CubeIDE_1.14.0/STM32CubeIDE/plugins/com.st.stm32cube.ide.mcu.externaltools.gnu-tools-for-stm32.12.3.rel1.win32_1.1.0.202410251130/tools/bin/../lib/gcc/arm-none-eabi/12.3.1/../../../../arm-none-eabi/lib/thumb/v8-m.main+fp/hard\libc_nano.a(libc_a-fwalk.o)
                              C:/ST/STM32CubeIDE_1.14.0/STM32CubeIDE/plugins/com.st.stm32cube.ide.mcu.externaltools.gnu-tools-for-stm32.12.3.rel1.win32_1.1.0.202410251130/tools/bin/../lib/gcc/arm-none-eabi/12.3.1/../../../../arm-none-eabi/lib/thumb/v8-m.main+fp/hard\libc_nano.a(libc_a-findfp.o) (_fwalk_sglue)
C:/ST/STM32CubeIDE_1.14.0/STM32CubeIDE/plugins/com.st.stm32cube.ide.mcu.externaltools.gnu-tools-for-stm32.12.3.rel1.win32_1.1.0.202410251130/tools/bin/../lib/gcc/arm-none-eabi/12.3.1/../../../../arm-none-eabi/lib/thumb/v8-m.main+fp/hard\libc_nano.a(libc_a-stdio.o)
                              C:/ST/STM32CubeIDE_1.14.0/STM32CubeIDE/plugins/com.st.stm32cube.ide.mcu.externaltools.gnu-tools-for-stm32.12.3.rel1.win32_1.1.0.202410251130/tools/bin/../lib/gcc/arm-none-eabi/12.3.1/../../../../arm-none-eabi/lib/thumb/v8-m.main+fp/hard\libc_nano.a(libc_a-findfp.o) (__sread)
C:/ST/STM32CubeIDE_1.14.0/STM32CubeIDE/plugins/com.st.stm32cube.ide.mcu.externaltools.gnu-tools-for-stm32.12.3.rel1.win32_1.1.0.202410251130/tools/bin/../lib/gcc/arm-none-eabi/12.3.1/../../../../arm-none-eabi/lib/thumb/v8-m.main+fp/hard\libc_nano.a(libc_a-memset.o)
                              C:/ST/STM32CubeIDE_1.14.0/STM32CubeIDE/plugins/com.st.stm32cube.ide.mcu.externaltools.gnu-tools-for-stm32.12.3.rel1.win32_1.1.0.202410251130/tools/bin/../lib/gcc/arm-none-eabi/12.3.1/../../../../arm-none-eabi/lib/thumb/v8-m.main+fp/hard/crt0.o (memset)
C:/ST/STM32CubeIDE_1.14.0/STM32CubeIDE/plugins/com.st.stm32cube.ide.mcu.externaltools.gnu-tools-for-stm32.12.3.rel1.win32_1.1.0.202410251130/tools/bin/../lib/gcc/arm-none-eabi/12.3.1/../../../../arm-none-eabi/lib/thumb/v8-m.main+fp/hard\libc_nano.a(libc_a-closer.o)
                              C:/ST/STM32CubeIDE_1.14.0/STM32CubeIDE/plugins/com.st.stm32cube.ide.mcu.externaltools.gnu-tools-for-stm32.12.3.rel1.win32_1.1.0.202410251130/tools/bin/../lib/gcc/arm-none-eabi/12.3.1/../../../../arm-none-eabi/lib/thumb/v8-m.main+fp/hard\libc_nano.a(libc_a-stdio.o) (_close_r)
C:/ST/STM32CubeIDE_1.14.0/STM32CubeIDE/plugins/com.st.stm32cube.ide.mcu.externaltools.gnu-tools-for-stm32.12.3.rel1.win32_1.1.0.202410251130/tools/bin/../lib/gcc/arm-none-eabi/12.3.1/../../../../arm-none-eabi/lib/thumb/v8-m.main+fp/hard\libc_nano.a(libc_a-reent.o)
                              C:/ST/STM32CubeIDE_1.14.0/STM32CubeIDE/plugins/com.st.stm32cube.ide.mcu.externaltools.gnu-tools-for-stm32.12.3.rel1.win32_1.1.0.202410251130/tools/bin/../lib/gcc/arm-none-eabi/12.3.1/../../../../arm-none-eabi/lib/thumb/v8-m.main+fp/hard\libc_nano.a(libc_a-closer.o) (errno)
C:/ST/STM32CubeIDE_1.14.0/STM32CubeIDE/plugins/com.st.stm32cube.ide.mcu.externaltools.gnu-tools-for-stm32.12.3.rel1.win32_1.1.0.202410251130/tools/bin/../lib/gcc/arm-none-eabi/12.3.1/../../../../arm-none-eabi/lib/thumb/v8-m.main+fp/hard\libc_nano.a(libc_a-impure.o)
                              C:/ST/STM32CubeIDE_1.14.0/STM32CubeIDE/plugins/com.st.stm32cube.ide.mcu.externaltools.gnu-tools-for-stm32.12.3.rel1.win32_1.1.0.202410251130/tools/bin/../lib/gcc/arm-none-eabi/12.3.1/../../../../arm-none-eabi/lib/thumb/v8-m.main+fp/hard\libc_nano.a(libc_a-reent.o) (_impure_ptr)
C:/ST/STM32CubeIDE_1.14.0/STM32CubeIDE/plugins/com.st.stm32cube.ide.mcu.externaltools.gnu-tools-for-stm32.12.3.rel1.win32_1.1.0.202410251130/tools/bin/../lib/gcc/arm-none-eabi/12.3.1/../../../../arm-none-eabi/lib/thumb/v8-m.main+fp/hard\libc_nano.a(libc_a-lseekr.o)
[...]
Memory Configuration

Name             Origin             Length             Attributes
RAM              0x20000000         0x002f0000         xrw
FLASH            0x08000000         0x00400000         xr
*default*        0x00000000         0xffffffff

Linker script and memory map

LOAD C:/ST/STM32CubeIDE_1.14.0/STM32CubeIDE/plugins/com.st.stm32cube.ide.mcu.externaltools.gnu-tools-for-stm32.12.3.rel1.win32_1.1.0.202410251130/tools/bin/../lib/gcc/arm-none-eabi/12.3.1/thumb/v8-m.main+fp/hard/crti.o
LOAD C:/ST/STM32CubeIDE_1.14.0/STM32CubeIDE/plugins/com.st.stm32cube.ide.mcu.externaltools.gnu-tools-for-stm32.12.3.rel1.win32_1.1.0.202410251130/tools/bin/../lib/gcc/arm-none-eabi/12.3.1/thumb/v8-m.main+fp/hard/crtbegin.o
LOAD C:/ST/STM32CubeIDE_1.14.0/STM32CubeIDE/plugins/com.st.stm32cube.ide.mcu.externaltools.gnu-tools-for-stm32.12.3.rel1.win32_1.1.0.202410251130/tools/bin/../lib/gcc/arm-none-eabi/12.3.1/../../../../arm-none-eabi/lib/thumb/v8-m.main+fp/hard/crt0.o
LOAD ./Core/Src/main.o
LOAD ./Core/Src/stm32u5xx_hal_msp.o
LOAD ./Core/Src/stm32u5xx_hal_timebase_tim.o
LOAD ./Core/Src/stm32u5xx_it.o
LOAD ./Core/Src/syscalls.o
LOAD ./Core/Src/sysmem.o
LOAD ./Core/Src/system_stm32u5xx.o
LOAD ./Core/Startup/startup_stm32u5g9zjtxq.o
LOAD ./Drivers/STM32U5xx_HAL_Driver/Src/stm32u5xx_hal.o
LOAD ./Drivers/STM32U5xx_HAL_Driver/Src/stm32u5xx_hal_cortex.o
LOAD ./Drivers/STM32U5xx_HAL_Driver/Src/stm32u5xx_hal_dma.o
LOAD ./Drivers/STM32U5xx_HAL_Driver/Src/stm32u5xx_hal_dma_ex.o
LOAD ./Drivers/STM32U5xx_HAL_Driver/Src/stm32u5xx_hal_exti.o
LOAD ./Drivers/STM32U5xx_HAL_Driver/Src/stm32u5xx_hal_flash.o
LOAD ./Drivers/STM32U5xx_HAL_Driver/Src/stm32u5xx_hal_flash_ex.o
LOAD ./Drivers/STM32U5xx_HAL_Driver/Src/stm32u5xx_hal_gpio.o
LOAD ./Drivers/STM32U5xx_HAL_Driver/Src/stm32u5xx_hal_gtzc.o
LOAD ./Drivers/STM32U5xx_HAL_Driver/Src/stm32u5xx_hal_i2c.o
LOAD ./Drivers/STM32U5xx_HAL_Driver/Src/stm32u5xx_hal_i2c_ex.o
LOAD ./Drivers/STM32U5xx_HAL_Driver/Src/stm32u5xx_hal_icache.o
LOAD ./Drivers/STM32U5xx_HAL_Driver/Src/stm32u5xx_hal_pcd.o
LOAD ./Drivers/STM32U5xx_HAL_Driver/Src/stm32u5xx_hal_pcd_ex.o
LOAD ./Drivers/STM32U5xx_HAL_Driver/Src/stm32u5xx_hal_pwr.o
LOAD ./Drivers/STM32U5xx_HAL_Driver/Src/stm32u5xx_hal_pwr_ex.o
LOAD ./Drivers/STM32U5xx_HAL_Driver/Src/stm32u5xx_hal_rcc.o
LOAD ./Drivers/STM32U5xx_HAL_Driver/Src/stm32u5xx_hal_rcc_ex.o
LOAD ./Drivers/STM32U5xx_HAL_Driver/Src/stm32u5xx_hal_tim.o
LOAD ./Drivers/STM32U5xx_HAL_Driver/Src/stm32u5xx_hal_tim_ex.o
LOAD ./Drivers/STM32U5xx_HAL_Driver/Src/stm32u5xx_ll_usb.o
LOAD ./Middlewares/ST/STM32_USB_Device_Library/Class/CDC/Src/usbd_cdc.o
LOAD ./Middlewares/ST/STM32_USB_Device_Library/Core/Src/usbd_core.o
LOAD ./Middlewares/ST/STM32_USB_Device_Library/Core/Src/usbd_ctlreq.o
LOAD ./Middlewares/ST/STM32_USB_Device_Library/Core/Src/usbd_ioreq.o
LOAD ./USB_DEVICE/App/usb_device.o
LOAD ./USB_DEVICE/App/usbd_cdc_if.o
LOAD ./USB_DEVICE/App/usbd_desc.o
LOAD ./USB_DEVICE/Target/usbd_conf.o
START GROUP
LOAD C:/ST/STM32CubeIDE_1.14.0/STM32CubeIDE/plugins/com.st.stm32cube.ide.mcu.externaltools.gnu-tools-for-stm32.12.3.rel1.win32_1.1.0.202410251130/tools/bin/../lib/gcc/arm-none-eabi/12.3.1/../../../../arm-none-eabi/lib/thumb/v8-m.main+fp/hard\libc_nano.a
LOAD C:/ST/STM32CubeIDE_1.14.0/STM32CubeIDE/plugins/com.st.stm32cube.ide.mcu.externaltools.gnu-tools-for-stm32.12.3.rel1.win32_1.1.0.202410251130/tools/bin/../lib/gcc/arm-none-eabi/12.3.1/../../../../arm-none-eabi/lib/thumb/v8-m.main+fp/hard\libm.a
END GROUP
START GROUP
LOAD C:/ST/STM32CubeIDE_1.14.0/STM32CubeIDE/plugins/com.st.stm32cube.ide.mcu.externaltools.gnu-tools-for-stm32.12.3.rel1.win32_1.1.0.202410251130/tools/bin/../lib/gcc/arm-none-eabi/12.3.1/thumb/v8-m.main+fp/hard\libgcc.a
LOAD C:/ST/STM32CubeIDE_1.14.0/STM32CubeIDE/plugins/com.st.stm32cube.ide.mcu.externaltools.gnu-tools-for-stm32.12.3.rel1.win32_1.1.0.202410251130/tools/bin/../lib/gcc/arm-none-eabi/12.3.1/../../../../arm-none-eabi/lib/thumb/v8-m.main+fp/hard\libc_nano.a
END GROUP
START GROUP
LOAD C:/ST/STM32CubeIDE_1.14.0/STM32CubeIDE/plugins/com.st.stm32cube.ide.mcu.externaltools.gnu-tools-for-stm32.12.3.rel1.win32_1.1.0.202410251130/tools/bin/../lib/gcc/arm-none-eabi/12.3.1/thumb/v8-m.main+fp/hard\libgcc.a
LOAD C:/ST/STM32CubeIDE_1.14.0/STM32CubeIDE/plugins/com.st.stm32cube.ide.mcu.externaltools.gnu-tools-for-stm32.12.3.rel1.win32_1.1.0.202410251130/tools/bin/../lib/gcc/arm-none-eabi/12.3.1/../../../../arm-none-eabi/lib/thumb/v8-m.main+fp/hard\libc_nano.a
LOAD C:/ST/STM32CubeIDE_1.14.0/STM32CubeIDE/plugins/com.st.stm32cube.ide.mcu.externaltools.gnu-tools-for-stm32.12.3.rel1.win32_1.1.0.202410251130/tools/bin/../lib/gcc/arm-none-eabi/12.3.1/../../../../arm-none-eabi/lib/thumb/v8-m.main+fp/hard\libnosys.a
END GROUP
START GROUP
LOAD C:/ST/STM32CubeIDE_1.14.0/STM32CubeIDE/plugins/com.st.stm32cube.ide.mcu.externaltools.gnu-tools-for-stm32.12.3.rel1.win32_1.1.0.202410251130/tools/bin/../lib/gcc/arm-none-eabi/12.3.1/thumb/v8-m.main+fp/hard\libgcc.a
LOAD C:/ST/STM32CubeIDE_1.14.0/STM32CubeIDE/plugins/com.st.stm32cube.ide.mcu.externaltools.gnu-tools-for-stm32.12.3.rel1.win32_1.1.0.202410251130/tools/bin/../lib/gcc/arm-none-eabi/12.3.1/../../../../arm-none-eabi/lib/thumb/v8-m.main+fp/hard\libc_nano.a
LOAD C:/ST/STM32CubeIDE_1.14.0/STM32CubeIDE/plugins/com.st.stm32cube.ide.mcu.externaltools.gnu-tools-for-stm32.12.3.rel1.win32_1.1.0.202410251130/tools/bin/../lib/gcc/arm-none-eabi/12.3.1/../../../../arm-none-eabi/lib/thumb/v8-m.main+fp/hard\libnosys.a
END GROUP
LOAD C:/ST/STM32CubeIDE_1.14.0/STM32CubeIDE/plugins/com.st.stm32cube.ide.mcu.externaltools.gnu-tools-for-stm32.12.3.rel1.win32_1.1.0.202410251130/tools/bin/../lib/gcc/arm-none-eabi/12.3.1/thumb/v8-m.main+fp/hard/crtend.o
LOAD C:/ST/STM32CubeIDE_1.14.0/STM32CubeIDE/plugins/com.st.stm32cube.ide.mcu.externaltools.gnu-tools-for-stm32.12.3.rel1.win32_1.1.0.202410251130/tools/bin/../lib/gcc/arm-none-eabi/12.3.1/thumb/v8-m.main+fp/hard/crtn.o
                0x202f0000                        _estack = (ORIGIN (RAM) + LENGTH (RAM))
                0x00000200                        _Min_Heap_Size = 0x200
                0x00000400                        _Min_Stack_Size = 0x400

.isr_vector     0x08000000      0x274
                0x08000000                        . = ALIGN (0x4)
 *(.isr_vector)
 .isr_vector    0x08000000      0x274 ./Core/Startup/startup_stm32u5g9zjtxq.o
                0x08000000                g_pfnVectors
                0x08000274                        . = ALIGN (0x4)

.text           0x08000274     0x92d8
                0x08000274                        . = ALIGN (0x4)
 *(.text)
 .text          0x08000274       0x40 C:/ST/STM32CubeIDE_1.14.0/STM32CubeIDE/plugins/com.st.stm32cube.ide.mcu.externaltools.gnu-tools-for-stm32.12.3.rel1.win32_1.1.0.202410251130/tools/bin/../lib/gcc/arm-none-eabi/12.3.1/thumb/v8-m.main+fp/hard/crtbegin.o
 *(.text*)
 .text.main     0x080002b4       0x44 ./Core/Src/main.o
                0x080002b4                main
 .text.SystemClock_Config
                0x080002f8       0xb0 ./Core/Src/main.o
                0x080002f8                SystemClock_Config
 .text.MX_ICACHE_Init
                0x080003a8       0x26 ./Core/Src/main.o
 *fill*         0x080003ce        0x2 
 .text.MX_GPIO_Init
                0x080003d0      0x110 ./Core/Src/main.o
 .text.HAL_TIM_PeriodElapsedCallback
                0x080004e0       0x24 ./Core/Src/main.o
                0x080004e0                HAL_TIM_PeriodElapsedCallback
 .text.Error_Handler
                0x08000504        0xc ./Core/Src/main.o
                0x08000504                Error_Handler
 .text.HAL_MspInit
                0x08000510       0x38 ./Core/Src/stm32u5xx_hal_msp.o
                0x08000510                HAL_MspInit
 .text.HAL_PCD_MspInit
                0x08000548      0x11c ./Core/Src/stm32u5xx_hal_msp.o
                0x08000548                HAL_PCD_MspInit
 .text.HAL_InitTick
                0x08000664       0xe0 ./Core/Src/stm32u5xx_hal_timebase_tim.o
                0x08000664                HAL_InitTick
 .text.NMI_Handler
                0x08000744        0x8 ./Core/Src/stm32u5xx_it.o
                0x08000744                NMI_Handler
 .text.HardFault_Handler
                0x0800074c        0x8 ./Core/Src/stm32u5xx_it.o
                0x0800074c                HardFault_Handler
 .text.MemManage_Handler
                0x08000754        0x8 ./Core/Src/stm32u5xx_it.o
                0x08000754                MemManage_Handler
 .text.BusFault_Handler
                0x0800075c        0x8 ./Core/Src/stm32u5xx_it.o
                0x0800075c                BusFault_Handler
 .text.UsageFault_Handler
                0x08000764        0x8 ./Core/Src/stm32u5xx_it.o
                0x08000764                UsageFault_Handler
 .text.SVC_Handler
                0x0800076c        0xe ./Core/Src/stm32u5xx_it.o
                0x0800076c                SVC_Handler
 .text.DebugMon_Handler
                0x0800077a        0xe ./Core/Src/stm32u5xx_it.o
                0x0800077a                DebugMon_Handler
 .text.PendSV_Handler
                0x08000788        0xe ./Core/Src/stm32u5xx_it.o
                0x08000788                PendSV_Handler
 .text.SysTick_Handler
                0x08000796        0xe ./Core/Src/stm32u5xx_it.o
                0x08000796                SysTick_Handler
 .text.TIM6_IRQHandler
                0x080007a4       0x14 ./Core/Src/stm32u5xx_it.o
                0x080007a4                TIM6_IRQHandler
 .text.OTG_HS_IRQHandler
                0x080007b8       0x14 ./Core/Src/stm32u5xx_it.o
                0x080007b8                OTG_HS_IRQHandler
 .text.SystemInit
                0x080007cc       0x70 ./Core/Src/system_stm32u5xx.o
                0x080007cc                SystemInit
 .text.Reset_Handler
                0x0800083c       0x50 ./Core/Startup/startup_stm32u5g9zjtxq.o
                0x0800083c                Reset_Handler
 .text.Default_Handler
                0x0800088c        0x2 ./Core/Startup/startup_stm32u5g9zjtxq.o
                0x0800088c                EXTI2_IRQHandler
                0x0800088c                TIM8_TRG_COM_IRQHandler
                0x0800088c                TIM8_CC_IRQHandler
                0x0800088c                EXTI5_IRQHandler
                0x0800088c                FLASH_S_IRQHandler
                0x0800088c                EXTI13_IRQHandler
                0x0800088c                DCACHE2_IRQHandler
                0x0800088c                TIM1_CC_IRQHandler
                0x0800088c                TSC_IRQHandler
                0x0800088c                JPEG_IRQHandler
                0x0800088c                TAMP_IRQHandler
                0x0800088c                EXTI12_IRQHandler
                0x0800088c                CORDIC_IRQHandler
                0x0800088c                GFXTIM_IRQHandler
                0x0800088c                EXTI3_IRQHandler
                0x0800088c                LPTIM4_IRQHandler
                0x0800088c                GPDMA1_Channel5_IRQHandler
                0x0800088c                EXTI8_IRQHandler
                0x0800088c                LPTIM2_IRQHandler
                0x0800088c                GFXMMU_IRQHandler
                0x0800088c                I2C3_ER_IRQHandler
                0x0800088c                I2C5_EV_IRQHandler
                0x0800088c                PWR_S3WU_IRQHandler
                0x0800088c                MDF1_FLT2_IRQHandler
                0x0800088c                LPDMA1_Channel3_IRQHandler
                0x0800088c                LPTIM3_IRQHandler
                0x0800088c                EXTI0_IRQHandler
                0x0800088c                I2C2_EV_IRQHandler
                0x0800088c                GPU2D_IRQHandler
                0x0800088c                FPU_IRQHandler
                0x0800088c                GPDMA1_Channel3_IRQHandler
                0x0800088c                GPDMA1_Channel7_IRQHandler
                0x0800088c                MDF1_FLT4_IRQHandler
                0x0800088c                FDCAN1_IT1_IRQHandler
                0x0800088c                RAMCFG_IRQHandler
                0x0800088c                LTDC_ER_IRQHandler
                0x0800088c                ADC1_2_IRQHandler
                0x0800088c                GPDMA1_Channel9_IRQHandler
                0x0800088c                DCACHE1_IRQHandler
                0x0800088c                SPI1_IRQHandler
                0x0800088c                OCTOSPI1_IRQHandler
                0x0800088c                GPDMA1_Channel2_IRQHandler
                0x0800088c                TIM8_UP_IRQHandler
                0x0800088c                RCC_S_IRQHandler
                0x0800088c                OCTOSPI2_IRQHandler
                0x0800088c                SAI2_IRQHandler
                0x0800088c                MDF1_FLT1_IRQHandler
                0x0800088c                PKA_IRQHandler
                0x0800088c                USART6_IRQHandler
                0x0800088c                MDF1_FLT5_IRQHandler
                0x0800088c                EXTI15_IRQHandler
                0x0800088c                TIM17_IRQHandler
                0x0800088c                USART3_IRQHandler
                0x0800088c                RTC_IRQHandler
                0x0800088c                EXTI9_IRQHandler
                0x0800088c                HSPI1_IRQHandler
                0x0800088c                UART5_IRQHandler
                0x0800088c                TIM4_IRQHandler
                0x0800088c                I2C1_EV_IRQHandler
                0x0800088c                GPDMA1_Channel12_IRQHandler
                0x0800088c                GPDMA1_Channel1_IRQHandler
                0x0800088c                TIM16_IRQHandler
                0x0800088c                GPDMA1_Channel15_IRQHandler
                0x0800088c                UART4_IRQHandler
                0x0800088c                SecureFault_Handler
                0x0800088c                TIM3_IRQHandler
                0x0800088c                RCC_IRQHandler
                0x0800088c                TIM1_TRG_COM_IRQHandler
                0x0800088c                Default_Handler
                0x0800088c                GPDMA1_Channel8_IRQHandler
                0x0800088c                FMAC_IRQHandler
                0x0800088c                I2C5_ER_IRQHandler
                0x0800088c                OTFDEC1_IRQHandler
                0x0800088c                GPDMA1_Channel11_IRQHandler
                0x0800088c                GPU2D_ER_IRQHandler
                0x0800088c                TIM7_IRQHandler
                0x0800088c                SDMMC1_IRQHandler
                0x0800088c                SAES_IRQHandler
                0x0800088c                TIM5_IRQHandler
                0x0800088c                UCPD1_IRQHandler
                0x0800088c                GPDMA1_Channel0_IRQHandler
                0x0800088c                TIM15_IRQHandler
                0x0800088c                I2C3_EV_IRQHandler
                0x0800088c                LPDMA1_Channel0_IRQHandler
                0x0800088c                LTDC_IRQHandler
                0x0800088c                PVD_PVM_IRQHandler
                0x0800088c                SPI2_IRQHandler
                0x0800088c                LPDMA1_Channel1_IRQHandler
                0x0800088c                EXTI14_IRQHandler
                0x0800088c                EXTI11_IRQHandler
                0x0800088c                OTFDEC2_IRQHandler
                0x0800088c                CRS_IRQHandler
                0x0800088c                GPDMA1_Channel14_IRQHandler
                0x0800088c                LSECSSD_IRQHandler
                0x0800088c                EXTI4_IRQHandler
                0x0800088c                RTC_S_IRQHandler
                0x0800088c                GPDMA1_Channel13_IRQHandler
                0x0800088c                RNG_IRQHandler
                0x0800088c                COMP_IRQHandler
                0x0800088c                DSI_IRQHandler
                0x0800088c                TIM1_UP_IRQHandler
                0x0800088c                ADC4_IRQHandler
                0x0800088c                WWDG_IRQHandler
                0x0800088c                I2C4_EV_IRQHandler
                0x0800088c                ADF1_IRQHandler
                0x0800088c                IWDG_IRQHandler
                0x0800088c                I2C6_ER_IRQHandler
                0x0800088c                LPUART1_IRQHandler
                0x0800088c                MDF1_FLT0_IRQHandler
                0x0800088c                FDCAN1_IT0_IRQHandler
                0x0800088c                TIM2_IRQHandler
                0x0800088c                GPDMA1_Channel4_IRQHandler
                0x0800088c                EXTI7_IRQHandler
                0x0800088c                DMA2D_IRQHandler
                0x0800088c                TIM1_BRK_IRQHandler
                0x0800088c                EXTI1_IRQHandler
                0x0800088c                SDMMC2_IRQHandler
                0x0800088c                AES_IRQHandler
                0x0800088c                DAC1_IRQHandler
                0x0800088c                GTZC_IRQHandler
                0x0800088c                MDF1_FLT3_IRQHandler
                0x0800088c                USART2_IRQHandler
                0x0800088c                I2C6_EV_IRQHandler
                0x0800088c                GPDMA1_Channel6_IRQHandler
                0x0800088c                I2C2_ER_IRQHandler
                0x0800088c                TIM8_BRK_IRQHandler
                0x0800088c                FLASH_IRQHandler
                0x0800088c                USART1_IRQHandler
                0x0800088c                EXTI10_IRQHandler
                0x0800088c                SPI3_IRQHandler
                0x0800088c                LPDMA1_Channel2_IRQHandler
                0x0800088c                I2C1_ER_IRQHandler
                0x0800088c                FMC_IRQHandler
                0x0800088c                EXTI6_IRQHandler
                0x0800088c                LPTIM1_IRQHandler
                0x0800088c                DCMI_PSSI_IRQHandler
                0x0800088c                I2C4_ER_IRQHandler
                0x0800088c                GPDMA1_Channel10_IRQHandler
                0x0800088c                ICACHE_IRQHandler
                0x0800088c                SAI1_IRQHandler
                0x0800088c                HASH_IRQHandler
 *fill*         0x0800088e        0x2 
 .text.HAL_Init
                0x08000890       0x60 ./Drivers/STM32U5xx_HAL_Driver/Src/stm32u5xx_hal.o
                0x08000890                HAL_Init
 .text.HAL_IncTick
                0x080008f0       0x28 ./Drivers/STM32U5xx_HAL_Driver/Src/stm32u5xx_hal.o
                0x080008f0                HAL_IncTick
 .text.HAL_GetTick
                0x08000918       0x18 ./Drivers/STM32U5xx_HAL_Driver/Src/stm32u5xx_hal.o
                0x08000918                HAL_GetTick
 .text.HAL_Delay
                0x08000930       0x48 ./Drivers/STM32U5xx_HAL_Driver/Src/stm32u5xx_hal.o
                0x08000930                HAL_Delay
 .text.HAL_SYSCFG_EnableOTGPHY
                0x08000978       0x28 ./Drivers/STM32U5xx_HAL_Driver/Src/stm32u5xx_hal.o
                0x08000978                HAL_SYSCFG_EnableOTGPHY
 .text.HAL_SYSCFG_SetOTGPHYReferenceClockSelection
                0x080009a0       0x28 ./Drivers/STM32U5xx_HAL_Driver/Src/stm32u5xx_hal.o
                0x080009a0                HAL_SYSCFG_SetOTGPHYReferenceClockSelection
 .text.__NVIC_SetPriorityGrouping
                0x080009c8       0x48 ./Drivers/STM32U5xx_HAL_Driver/Src/stm32u5xx_hal_cortex.o
 .text.__NVIC_GetPriorityGrouping
                0x08000a10       0x1c ./Drivers/STM32U5xx_HAL_Driver/Src/stm32u5xx_hal_cortex.o
 .text.__NVIC_EnableIRQ
                0x08000a2c       0x3c ./Drivers/STM32U5xx_HAL_Driver/Src/stm32u5xx_hal_cortex.o
 .text.__NVIC_SetPriority
                0x08000a68       0x54 ./Drivers/STM32U5xx_HAL_Driver/Src/stm32u5xx_hal_cortex.o
 .text.NVIC_EncodePriority
                0x08000abc       0x66 ./Drivers/STM32U5xx_HAL_Driver/Src/stm32u5xx_hal_cortex.o
 .text.HAL_NVIC_SetPriorityGrouping
                0x08000b22       0x16 ./Drivers/STM32U5xx_HAL_Driver/Src/stm32u5xx_hal_cortex.o
                0x08000b22                HAL_NVIC_SetPriorityGrouping
 .text.HAL_NVIC_SetPriority
                0x08000b38       0x34 ./Drivers/STM32U5xx_HAL_Driver/Src/stm32u5xx_hal_cortex.o
                0x08000b38                HAL_NVIC_SetPriority
 .text.HAL_NVIC_EnableIRQ
                0x08000b6c       0x1c ./Drivers/STM32U5xx_HAL_Driver/Src/stm32u5xx_hal_cortex.o
                0x08000b6c                HAL_NVIC_EnableIRQ
 .text.HAL_SYSTICK_CLKSourceConfig
                0x08000b88       0xb0 ./Drivers/STM32U5xx_HAL_Driver/Src/stm32u5xx_hal_cortex.o
                0x08000b88                HAL_SYSTICK_CLKSourceConfig
 .text.HAL_GPIO_Init
                0x08000c38      0x3b0 ./Drivers/STM32U5xx_HAL_Driver/Src/stm32u5xx_hal_gpio.o
                0x08000c38                HAL_GPIO_Init
 .text.HAL_GPIO_WritePin
                0x08000fe8       0x30 ./Drivers/STM32U5xx_HAL_Driver/Src/stm32u5xx_hal_gpio.o
                0x08000fe8                HAL_GPIO_WritePin
 .text.HAL_ICACHE_ConfigAssociativityMode
                0x08001018       0x40 ./Drivers/STM32U5xx_HAL_Driver/Src/stm32u5xx_hal_icache.o
                0x08001018                HAL_ICACHE_ConfigAssociativityMode
 .text.HAL_ICACHE_Enable
                0x08001058       0x20 ./Drivers/STM32U5xx_HAL_Driver/Src/stm32u5xx_hal_icache.o
                0x08001058                HAL_ICACHE_Enable
 .text.HAL_PCD_Init
                0x08001078      0x218 ./Drivers/STM32U5xx_HAL_Driver/Src/stm32u5xx_hal_pcd.o
                0x08001078                HAL_PCD_Init
 .text.HAL_PCD_Start
                0x08001290       0x44 ./Drivers/STM32U5xx_HAL_Driver/Src/stm32u5xx_hal_pcd.o
                0x08001290                HAL_PCD_Start
 .text.HAL_PCD_IRQHandler
                0x080012d4      0x99c ./Drivers/STM32U5xx_HAL_Driver/Src/stm32u5xx_hal_pcd.o
                0x080012d4                HAL_PCD_IRQHandler
 .text.HAL_PCD_SetAddress
                0x08001c70       0x48 ./Drivers/STM32U5xx_HAL_Driver/Src/stm32u5xx_hal_pcd.o
                0x08001c70                HAL_PCD_SetAddress
 .text.HAL_PCD_EP_Open
                0x08001cb8       0xd4 ./Drivers/STM32U5xx_HAL_Driver/Src/stm32u5xx_hal_pcd.o
                0x08001cb8                HAL_PCD_EP_Open
 .text.HAL_PCD_EP_Close
                0x08001d8c       0x94 ./Drivers/STM32U5xx_HAL_Driver/Src/stm32u5xx_hal_pcd.o
                0x08001d8c                HAL_PCD_EP_Close
 .text.HAL_PCD_EP_Receive
                0x08001e20       0x76 ./Drivers/STM32U5xx_HAL_Driver/Src/stm32u5xx_hal_pcd.o
                0x08001e20                HAL_PCD_EP_Receive
 .text.HAL_PCD_EP_GetRxCount
                0x08001e96       0x30 ./Drivers/STM32U5xx_HAL_Driver/Src/stm32u5xx_hal_pcd.o
                0x08001e96                HAL_PCD_EP_GetRxCount
 .text.HAL_PCD_EP_Transmit
                0x08001ec6       0x74 ./Drivers/STM32U5xx_HAL_Driver/Src/stm32u5xx_hal_pcd.o
                0x08001ec6                HAL_PCD_EP_Transmit
 .text.HAL_PCD_EP_SetStall
                0x08001f3a       0xc6 ./Drivers/STM32U5xx_HAL_Driver/Src/stm32u5xx_hal_pcd.o
                0x08001f3a                HAL_PCD_EP_SetStall
 .text.HAL_PCD_EP_ClrStall
                0x08002000       0xac ./Drivers/STM32U5xx_HAL_Driver/Src/stm32u5xx_hal_pcd.o
                0x08002000                HAL_PCD_EP_ClrStall
 .text.HAL_PCD_EP_Abort
                0x080020ac       0x62 ./Drivers/STM32U5xx_HAL_Driver/Src/stm32u5xx_hal_pcd.o
                0x080020ac                HAL_PCD_EP_Abort
 .text.PCD_WriteEmptyTxFifo
                0x0800210e      0x118 ./Drivers/STM32U5xx_HAL_Driver/Src/stm32u5xx_hal_pcd.o
 *fill*         0x08002226        0x2 
 .text.PCD_EP_OutXfrComplete_int
                0x08002228      0x1d0 ./Drivers/STM32U5xx_HAL_Driver/Src/stm32u5xx_hal_pcd.o
 .text.PCD_EP_OutSetupPacket_int
                0x080023f8       0x8c ./Drivers/STM32U5xx_HAL_Driver/Src/stm32u5xx_hal_pcd.o
 .text.HAL_PCDEx_SetTxFiFo
                0x08002484       0x8e ./Drivers/STM32U5xx_HAL_Driver/Src/stm32u5xx_hal_pcd_ex.o
                0x08002484                HAL_PCDEx_SetTxFiFo
 .text.HAL_PCDEx_SetRxFiFo
                0x08002512       0x22 ./Drivers/STM32U5xx_HAL_Driver/Src/stm32u5xx_hal_pcd_ex.o
                0x08002512                HAL_PCDEx_SetRxFiFo
 .text.HAL_PCDEx_ActivateLPM
                0x08002534       0x48 ./Drivers/STM32U5xx_HAL_Driver/Src/stm32u5xx_hal_pcd_ex.o
                0x08002534                HAL_PCDEx_ActivateLPM
 .text.HAL_PCDEx_LPM_Callback
                0x0800257c       0x18 ./Drivers/STM32U5xx_HAL_Driver/Src/stm32u5xx_hal_pcd_ex.o
                0x0800257c                HAL_PCDEx_LPM_Callback
 .text.HAL_PWREx_ControlVoltageScaling
                0x08002594       0xfc ./Drivers/STM32U5xx_HAL_Driver/Src/stm32u5xx_hal_pwr_ex.o
                0x08002594                HAL_PWREx_ControlVoltageScaling
 .text.HAL_PWREx_GetVoltageRange
                0x08002690       0x1c ./Drivers/STM32U5xx_HAL_Driver/Src/stm32u5xx_hal_pwr_ex.o
                0x08002690                HAL_PWREx_GetVoltageRange
 .text.HAL_PWREx_EnableVddUSB
                0x080026ac       0x20 ./Drivers/STM32U5xx_HAL_Driver/Src/stm32u5xx_hal_pwr_ex.o
                0x080026ac                HAL_PWREx_EnableVddUSB
 .text.HAL_PWREx_EnableVddIO2
                0x080026cc       0x20 ./Drivers/STM32U5xx_HAL_Driver/Src/stm32u5xx_hal_pwr_ex.o
                0x080026cc                HAL_PWREx_EnableVddIO2
 .text.HAL_PWREx_EnableUSBHSTranceiverSupply
                0x080026ec       0x3c ./Drivers/STM32U5xx_HAL_Driver/Src/stm32u5xx_hal_pwr_ex.o
                0x080026ec                HAL_PWREx_EnableUSBHSTranceiverSupply
 .text.HAL_RCC_OscConfig
                0x08002728      0xdb8 ./Drivers/STM32U5xx_HAL_Driver/Src/stm32u5xx_hal_rcc.o
                0x08002728                HAL_RCC_OscConfig
 .text.HAL_RCC_ClockConfig
                0x080034e0      0x3e4 ./Drivers/STM32U5xx_HAL_Driver/Src/stm32u5xx_hal_rcc.o
                0x080034e0                HAL_RCC_ClockConfig
 .text.HAL_RCC_GetSysClockFreq
                0x080038c4      0x204 ./Drivers/STM32U5xx_HAL_Driver/Src/stm32u5xx_hal_rcc.o
                0x080038c4                HAL_RCC_GetSysClockFreq
 .text.HAL_RCC_GetHCLKFreq
                0x08003ac8       0x34 ./Drivers/STM32U5xx_HAL_Driver/Src/stm32u5xx_hal_rcc.o
                0x08003ac8                HAL_RCC_GetHCLKFreq
 .text.HAL_RCC_GetPCLK1Freq
                0x08003afc       0x28 ./Drivers/STM32U5xx_HAL_Driver/Src/stm32u5xx_hal_rcc.o
                0x08003afc                HAL_RCC_GetPCLK1Freq
 .text.HAL_RCC_GetClockConfig
                0x08003b24       0x70 ./Drivers/STM32U5xx_HAL_Driver/Src/stm32u5xx_hal_rcc.o
                0x08003b24                HAL_RCC_GetClockConfig
 .text.RCC_SetFlashLatencyFromMSIRange
                0x08003b94      0x10c ./Drivers/STM32U5xx_HAL_Driver/Src/stm32u5xx_hal_rcc.o
 .text.HAL_RCCEx_PeriphCLKConfig
                0x08003ca0      0xe70 ./Drivers/STM32U5xx_HAL_Driver/Src/stm32u5xx_hal_rcc_ex.o
                0x08003ca0                HAL_RCCEx_PeriphCLKConfig
 .text.RCCEx_PLL2_Config
                0x08004b10      0x130 ./Drivers/STM32U5xx_HAL_Driver/Src/stm32u5xx_hal_rcc_ex.o
 .text.RCCEx_PLL3_Config
                0x08004c40      0x130 ./Drivers/STM32U5xx_HAL_Driver/Src/stm32u5xx_hal_rcc_ex.o
 .text.HAL_TIM_Base_Init
                0x08004d70       0xae ./Drivers/STM32U5xx_HAL_Driver/Src/stm32u5xx_hal_tim.o
                0x08004d70                HAL_TIM_Base_Init
 .text.HAL_TIM_Base_MspInit
                0x08004e1e       0x14 ./Drivers/STM32U5xx_HAL_Driver/Src/stm32u5xx_hal_tim.o
                0x08004e1e                HAL_TIM_Base_MspInit
 *fill*         0x08004e32        0x2 
 .text.HAL_TIM_Base_Start_IT
                0x08004e34      0x140 ./Drivers/STM32U5xx_HAL_Driver/Src/stm32u5xx_hal_tim.o
                0x08004e34                HAL_TIM_Base_Start_IT
 .text.HAL_TIM_IRQHandler
                0x08004f74      0x29e ./Drivers/STM32U5xx_HAL_Driver/Src/stm32u5xx_hal_tim.o
                0x08004f74                HAL_TIM_IRQHandler
 .text.HAL_TIM_OC_DelayElapsedCallback
                0x08005212       0x14 ./Drivers/STM32U5xx_HAL_Driver/Src/stm32u5xx_hal_tim.o
                0x08005212                HAL_TIM_OC_DelayElapsedCallback
 .text.HAL_TIM_IC_CaptureCallback
                0x08005226       0x14 ./Drivers/STM32U5xx_HAL_Driver/Src/stm32u5xx_hal_tim.o
                0x08005226                HAL_TIM_IC_CaptureCallback
 .text.HAL_TIM_PWM_PulseFinishedCallback
                0x0800523a       0x14 ./Drivers/STM32U5xx_HAL_Driver/Src/stm32u5xx_hal_tim.o
                0x0800523a                HAL_TIM_PWM_PulseFinishedCallback
 .text.HAL_TIM_TriggerCallback
                0x0800524e       0x14 ./Drivers/STM32U5xx_HAL_Driver/Src/stm32u5xx_hal_tim.o
                0x0800524e                HAL_TIM_TriggerCallback
 *fill*         0x08005262        0x2 
 .text.TIM_Base_SetConfig
                0x08005264      0x200 ./Drivers/STM32U5xx_HAL_Driver/Src/stm32u5xx_hal_tim.o
                0x08005264                TIM_Base_SetConfig
 .text.HAL_TIMEx_CommutCallback
                0x08005464       0x14 ./Drivers/STM32U5xx_HAL_Driver/Src/stm32u5xx_hal_tim_ex.o
                0x08005464                HAL_TIMEx_CommutCallback
 .text.HAL_TIMEx_BreakCallback
                0x08005478       0x14 ./Drivers/STM32U5xx_HAL_Driver/Src/stm32u5xx_hal_tim_ex.o
                0x08005478                HAL_TIMEx_BreakCallback
 .text.HAL_TIMEx_Break2Callback
                0x0800548c       0x14 ./Drivers/STM32U5xx_HAL_Driver/Src/stm32u5xx_hal_tim_ex.o
                0x0800548c                HAL_TIMEx_Break2Callback
 .text.HAL_TIMEx_EncoderIndexCallback
                0x080054a0       0x14 ./Drivers/STM32U5xx_HAL_Driver/Src/stm32u5xx_hal_tim_ex.o
                0x080054a0                HAL_TIMEx_EncoderIndexCallback
 .text.HAL_TIMEx_DirectionChangeCallback
                0x080054b4       0x14 ./Drivers/STM32U5xx_HAL_Driver/Src/stm32u5xx_hal_tim_ex.o
                0x080054b4                HAL_TIMEx_DirectionChangeCallback
 .text.HAL_TIMEx_IndexErrorCallback
                0x080054c8       0x14 ./Drivers/STM32U5xx_HAL_Driver/Src/stm32u5xx_hal_tim_ex.o
                0x080054c8                HAL_TIMEx_IndexErrorCallback
 .text.HAL_TIMEx_TransitionErrorCallback
                0x080054dc       0x14 ./Drivers/STM32U5xx_HAL_Driver/Src/stm32u5xx_hal_tim_ex.o
                0x080054dc                HAL_TIMEx_TransitionErrorCallback
 .text.USB_CoreInit
                0x080054f0       0x5e ./Drivers/STM32U5xx_HAL_Driver/Src/stm32u5xx_ll_usb.o
                0x080054f0                USB_CoreInit
 *fill*         0x0800554e        0x2 
 .text.USB_SetTurnaroundTime
                0x08005550      0x144 ./Drivers/STM32U5xx_HAL_Driver/Src/stm32u5xx_ll_usb.o
                0x08005550                USB_SetTurnaroundTime
 .text.USB_EnableGlobalInt
                0x08005694       0x22 ./Drivers/STM32U5xx_HAL_Driver/Src/stm32u5xx_ll_usb.o
                0x08005694                USB_EnableGlobalInt
 .text.USB_DisableGlobalInt
                0x080056b6       0x22 ./Drivers/STM32U5xx_HAL_Driver/Src/stm32u5xx_ll_usb.o
                0x080056b6                USB_DisableGlobalInt
 .text.USB_SetCurrentMode
                0x080056d8       0x98 ./Drivers/STM32U5xx_HAL_Driver/Src/stm32u5xx_ll_usb.o
                0x080056d8                USB_SetCurrentMode
 .text.USB_DevInit
                0x08005770      0x2e0 ./Drivers/STM32U5xx_HAL_Driver/Src/stm32u5xx_ll_usb.o
                0x08005770                USB_DevInit
 .text.USB_FlushTxFifo
                0x08005a50       0x64 ./Drivers/STM32U5xx_HAL_Driver/Src/stm32u5xx_ll_usb.o
                0x08005a50                USB_FlushTxFifo
 .text.USB_FlushRxFifo
                0x08005ab4       0x5c ./Drivers/STM32U5xx_HAL_Driver/Src/stm32u5xx_ll_usb.o
                0x08005ab4                USB_FlushRxFifo
 .text.USB_SetDevSpeed
                0x08005b10       0x32 ./Drivers/STM32U5xx_HAL_Driver/Src/stm32u5xx_ll_usb.o
                0x08005b10                USB_SetDevSpeed
 .text.USB_GetDevSpeed
                0x08005b42       0x4a ./Drivers/STM32U5xx_HAL_Driver/Src/stm32u5xx_ll_usb.o
                0x08005b42                USB_GetDevSpeed
 .text.USB_ActivateEndpoint
                0x08005b8c      0x10e ./Drivers/STM32U5xx_HAL_Driver/Src/stm32u5xx_ll_usb.o
                0x08005b8c                USB_ActivateEndpoint
 *fill*         0x08005c9a        0x2 
 .text.USB_DeactivateEndpoint
                0x08005c9c      0x1b8 ./Drivers/STM32U5xx_HAL_Driver/Src/stm32u5xx_ll_usb.o
                0x08005c9c                USB_DeactivateEndpoint
 .text.USB_EPStartXfer
                0x08005e54      0x53c ./Drivers/STM32U5xx_HAL_Driver/Src/stm32u5xx_ll_usb.o
                0x08005e54                USB_EPStartXfer
 .text.USB_EPStopXfer
                0x08006390      0x154 ./Drivers/STM32U5xx_HAL_Driver/Src/stm32u5xx_ll_usb.o
                0x08006390                USB_EPStopXfer
 .text.USB_WritePacket
                0x080064e4       0x7c ./Drivers/STM32U5xx_HAL_Driver/Src/stm32u5xx_ll_usb.o
                0x080064e4                USB_WritePacket
 .text.USB_ReadPacket
                0x08006560       0xb0 ./Drivers/STM32U5xx_HAL_Driver/Src/stm32u5xx_ll_usb.o
                0x08006560                USB_ReadPacket
 .text.USB_EPSetStall
                0x08006610       0xdc ./Drivers/STM32U5xx_HAL_Driver/Src/stm32u5xx_ll_usb.o
                0x08006610                USB_EPSetStall
 .text.USB_EPClearStall
                0x080066ec       0xcc ./Drivers/STM32U5xx_HAL_Driver/Src/stm32u5xx_ll_usb.o
                0x080066ec                USB_EPClearStall
 .text.USB_SetDevAddress
                0x080067b8       0x4c ./Drivers/STM32U5xx_HAL_Driver/Src/stm32u5xx_ll_usb.o
                0x080067b8                USB_SetDevAddress
 .text.USB_DevConnect
                0x08006804       0x42 ./Drivers/STM32U5xx_HAL_Driver/Src/stm32u5xx_ll_usb.o
                0x08006804                USB_DevConnect
 .text.USB_DevDisconnect
                0x08006846       0x42 ./Drivers/STM32U5xx_HAL_Driver/Src/stm32u5xx_ll_usb.o
                0x08006846                USB_DevDisconnect
 .text.USB_ReadInterrupts
                0x08006888       0x26 ./Drivers/STM32U5xx_HAL_Driver/Src/stm32u5xx_ll_usb.o
                0x08006888                USB_ReadInterrupts
 .text.USB_ReadDevAllOutEpInterrupt
                0x080068ae       0x34 ./Drivers/STM32U5xx_HAL_Driver/Src/stm32u5xx_ll_usb.o
                0x080068ae                USB_ReadDevAllOutEpInterrupt
 .text.USB_ReadDevAllInEpInterrupt
                0x080068e2       0x34 ./Drivers/STM32U5xx_HAL_Driver/Src/stm32u5xx_ll_usb.o
                0x080068e2                USB_ReadDevAllInEpInterrupt
 .text.USB_ReadDevOutEPInterrupt
                0x08006916       0x3c ./Drivers/STM32U5xx_HAL_Driver/Src/stm32u5xx_ll_usb.o
                0x08006916                USB_ReadDevOutEPInterrupt
 .text.USB_ReadDevInEPInterrupt
                0x08006952       0x5c ./Drivers/STM32U5xx_HAL_Driver/Src/stm32u5xx_ll_usb.o
                0x08006952                USB_ReadDevInEPInterrupt
 .text.USB_GetMode
                0x080069ae       0x1c ./Drivers/STM32U5xx_HAL_Driver/Src/stm32u5xx_ll_usb.o
                0x080069ae                USB_GetMode
 .text.USB_ActivateSetup
                0x080069ca       0x46 ./Drivers/STM32U5xx_HAL_Driver/Src/stm32u5xx_ll_usb.o
                0x080069ca                USB_ActivateSetup
 .text.USB_EP0_OutStart
                0x08006a10       0xbc ./Drivers/STM32U5xx_HAL_Driver/Src/stm32u5xx_ll_usb.o
                0x08006a10                USB_EP0_OutStart
 .text.USB_CoreReset
                0x08006acc       0x62 ./Drivers/STM32U5xx_HAL_Driver/Src/stm32u5xx_ll_usb.o
 *fill*         0x08006b2e        0x2 
 .text.USBD_CDC_Init
                0x08006b30      0x1f0 ./Middlewares/ST/STM32_USB_Device_Library/Class/CDC/Src/usbd_cdc.o
 .text.USBD_CDC_DeInit
                0x08006d20      0x104 ./Middlewares/ST/STM32_USB_Device_Library/Class/CDC/Src/usbd_cdc.o
 .text.USBD_CDC_Setup
                0x08006e24      0x1b8 ./Middlewares/ST/STM32_USB_Device_Library/Class/CDC/Src/usbd_cdc.o
 .text.USBD_CDC_DataIn
                0x08006fdc       0xfe ./Middlewares/ST/STM32_USB_Device_Library/Class/CDC/Src/usbd_cdc.o
 .text.USBD_CDC_DataOut
                0x080070da       0x70 ./Middlewares/ST/STM32_USB_Device_Library/Class/CDC/Src/usbd_cdc.o
 .text.USBD_CDC_EP0_RxReady
                0x0800714a       0x74 ./Middlewares/ST/STM32_USB_Device_Library/Class/CDC/Src/usbd_cdc.o
 *fill*         0x080071be        0x2 
 .text.USBD_CDC_GetFSCfgDesc
                0x080071c0       0x70 ./Middlewares/ST/STM32_USB_Device_Library/Class/CDC/Src/usbd_cdc.o
 .text.USBD_CDC_GetHSCfgDesc
                0x08007230       0x70 ./Middlewares/ST/STM32_USB_Device_Library/Class/CDC/Src/usbd_cdc.o
 .text.USBD_CDC_GetOtherSpeedCfgDesc
                0x080072a0       0x70 ./Middlewares/ST/STM32_USB_Device_Library/Class/CDC/Src/usbd_cdc.o
 .text.USBD_CDC_GetDeviceQualifierDescriptor
                0x08007310       0x20 ./Middlewares/ST/STM32_USB_Device_Library/Class/CDC/Src/usbd_cdc.o
                0x08007310                USBD_CDC_GetDeviceQualifierDescriptor
 .text.USBD_CDC_RegisterInterface
                0x08007330       0x34 ./Middlewares/ST/STM32_USB_Device_Library/Class/CDC/Src/usbd_cdc.o
                0x08007330                USBD_CDC_RegisterInterface
 .text.USBD_CDC_SetTxBuffer
                0x08007364       0x44 ./Middlewares/ST/STM32_USB_Device_Library/Class/CDC/Src/usbd_cdc.o
                0x08007364                USBD_CDC_SetTxBuffer
 .text.USBD_CDC_SetRxBuffer
                0x080073a8       0x3a ./Middlewares/ST/STM32_USB_Device_Library/Class/CDC/Src/usbd_cdc.o
                0x080073a8                USBD_CDC_SetRxBuffer
 *fill*         0x080073e2        0x2 
 .text.USBD_CDC_TransmitPacket
                0x080073e4       0x80 ./Middlewares/ST/STM32_USB_Device_Library/Class/CDC/Src/usbd_cdc.o
                0x080073e4                USBD_CDC_TransmitPacket
 .text.USBD_CDC_ReceivePacket
                0x08007464       0x6c ./Middlewares/ST/STM32_USB_Device_Library/Class/CDC/Src/usbd_cdc.o
                0x08007464                USBD_CDC_ReceivePacket
 .text.USBD_Init
                0x080074d0       0x60 ./Middlewares/ST/STM32_USB_Device_Library/Core/Src/usbd_core.o
                0x080074d0                USBD_Init
 .text.USBD_RegisterClass
                0x08007530       0x6c ./Middlewares/ST/STM32_USB_Device_Library/Core/Src/usbd_core.o
                0x08007530                USBD_RegisterClass
 .text.USBD_Start
                0x0800759c       0x18 ./Middlewares/ST/STM32_USB_Device_Library/Core/Src/usbd_core.o
                0x0800759c                USBD_Start
 .text.USBD_RunTestMode
                0x080075b4       0x16 ./Middlewares/ST/STM32_USB_Device_Library/Core/Src/usbd_core.o
                0x080075b4                USBD_RunTestMode
 .text.USBD_SetClassConfig
                0x080075ca       0x38 ./Middlewares/ST/STM32_USB_Device_Library/Core/Src/usbd_core.o
                0x080075ca                USBD_SetClassConfig
 .text.USBD_ClrClassConfig
                0x08007602       0x34 ./Middlewares/ST/STM32_USB_Device_Library/Core/Src/usbd_core.o
                0x08007602                USBD_ClrClassConfig
 .text.USBD_LL_SetupStage
                0x08007636       0xaa ./Middlewares/ST/STM32_USB_Device_Library/Core/Src/usbd_core.o
                0x08007636                USBD_LL_SetupStage
 .text.USBD_LL_DataOutStage
                0x080076e0      0x166 ./Middlewares/ST/STM32_USB_Device_Library/Core/Src/usbd_core.o
                0x080076e0                USBD_LL_DataOutStage
 .text.USBD_LL_DataInStage
                0x08007846      0x164 ./Middlewares/ST/STM32_USB_Device_Library/Core/Src/usbd_core.o
                0x08007846                USBD_LL_DataInStage
 .text.USBD_LL_Reset
                0x080079aa       0xa4 ./Middlewares/ST/STM32_USB_Device_Library/Core/Src/usbd_core.o
                0x080079aa                USBD_LL_Reset
 .text.USBD_LL_SetSpeed
                0x08007a4e       0x20 ./Middlewares/ST/STM32_USB_Device_Library/Core/Src/usbd_core.o
                0x08007a4e                USBD_LL_SetSpeed
 .text.USBD_LL_Suspend
                0x08007a6e       0x38 ./Middlewares/ST/STM32_USB_Device_Library/Core/Src/usbd_core.o
                0x08007a6e                USBD_LL_Suspend
 .text.USBD_LL_Resume
                0x08007aa6       0x30 ./Middlewares/ST/STM32_USB_Device_Library/Core/Src/usbd_core.o
                0x08007aa6                USBD_LL_Resume
 .text.USBD_LL_SOF
                0x08007ad6       0x40 ./Middlewares/ST/STM32_USB_Device_Library/Core/Src/usbd_core.o
                0x08007ad6                USBD_LL_SOF
 .text.USBD_LL_IsoINIncomplete
                0x08007b16       0x64 ./Middlewares/ST/STM32_USB_Device_Library/Core/Src/usbd_core.o
                0x08007b16                USBD_LL_IsoINIncomplete
 .text.USBD_LL_IsoOUTIncomplete
                0x08007b7a       0x64 ./Middlewares/ST/STM32_USB_Device_Library/Core/Src/usbd_core.o
                0x08007b7a                USBD_LL_IsoOUTIncomplete
 .text.USBD_LL_DevConnected
                0x08007bde       0x16 ./Middlewares/ST/STM32_USB_Device_Library/Core/Src/usbd_core.o
                0x08007bde                USBD_LL_DevConnected
 .text.USBD_LL_DevDisconnected
                0x08007bf4       0x46 ./Middlewares/ST/STM32_USB_Device_Library/Core/Src/usbd_core.o
                0x08007bf4                USBD_LL_DevDisconnected
 .text.USBD_CoreFindIF
                0x08007c3a       0x1a ./Middlewares/ST/STM32_USB_Device_Library/Core/Src/usbd_core.o
                0x08007c3a                USBD_CoreFindIF
 .text.USBD_CoreFindEP
                0x08007c54       0x1a ./Middlewares/ST/STM32_USB_Device_Library/Core/Src/usbd_core.o
                0x08007c54                USBD_CoreFindEP
 .text.USBD_GetEpDesc
                0x08007c6e       0x70 ./Middlewares/ST/STM32_USB_Device_Library/Core/Src/usbd_core.o
                0x08007c6e                USBD_GetEpDesc
 .text.USBD_GetNextDesc
                0x08007cde       0x38 ./Middlewares/ST/STM32_USB_Device_Library/Core/Src/usbd_core.o
                0x08007cde                USBD_GetNextDesc
 .text.SWAPBYTE
                0x08007d16       0x3c ./Middlewares/ST/STM32_USB_Device_Library/Core/Src/usbd_ctlreq.o
 *fill*         0x08007d52        0x2 
 .text.USBD_StdDevReq
                0x08007d54       0xe4 ./Middlewares/ST/STM32_USB_Device_Library/Core/Src/usbd_ctlreq.o
                0x08007d54                USBD_StdDevReq
 .text.USBD_StdItfReq
                0x08007e38       0xd8 ./Middlewares/ST/STM32_USB_Device_Library/Core/Src/usbd_ctlreq.o
                0x08007e38                USBD_StdItfReq
 .text.USBD_StdEPReq
                0x08007f10      0x33a ./Middlewares/ST/STM32_USB_Device_Library/Core/Src/usbd_ctlreq.o
                0x08007f10                USBD_StdEPReq
 *fill*         0x0800824a        0x2 
 .text.USBD_GetDescriptor
                0x0800824c      0x328 ./Middlewares/ST/STM32_USB_Device_Library/Core/Src/usbd_ctlreq.o
 .text.USBD_SetAddress
                0x08008574       0x88 ./Middlewares/ST/STM32_USB_Device_Library/Core/Src/usbd_ctlreq.o
 .text.USBD_SetConfig
                0x080085fc      0x154 ./Middlewares/ST/STM32_USB_Device_Library/Core/Src/usbd_ctlreq.o
 .text.USBD_GetConfig
                0x08008750       0x6c ./Middlewares/ST/STM32_USB_Device_Library/Core/Src/usbd_ctlreq.o
 .text.USBD_GetStatus
                0x080087bc       0x68 ./Middlewares/ST/STM32_USB_Device_Library/Core/Src/usbd_ctlreq.o
 .text.USBD_SetFeature
                0x08008824       0x52 ./Middlewares/ST/STM32_USB_Device_Library/Core/Src/usbd_ctlreq.o
 .text.USBD_ClrFeature
                0x08008876       0x44 ./Middlewares/ST/STM32_USB_Device_Library/Core/Src/usbd_ctlreq.o
 .text.USBD_ParseSetupRequest
                0x080088ba       0x74 ./Middlewares/ST/STM32_USB_Device_Library/Core/Src/usbd_ctlreq.o
                0x080088ba                USBD_ParseSetupRequest
 .text.USBD_CtlError
                0x0800892e       0x22 ./Middlewares/ST/STM32_USB_Device_Library/Core/Src/usbd_ctlreq.o
                0x0800892e                USBD_CtlError
 .text.USBD_GetString
                0x08008950       0xa4 ./Middlewares/ST/STM32_USB_Device_Library/Core/Src/usbd_ctlreq.o
                0x08008950                USBD_GetString
 .text.USBD_GetLen
                0x080089f4       0x34 ./Middlewares/ST/STM32_USB_Device_Library/Core/Src/usbd_ctlreq.o
 .text.USBD_CtlSendData
                0x08008a28       0x36 ./Middlewares/ST/STM32_USB_Device_Library/Core/Src/usbd_ioreq.o
                0x08008a28                USBD_CtlSendData
 .text.USBD_CtlContinueSendData
                0x08008a5e       0x22 ./Middlewares/ST/STM32_USB_Device_Library/Core/Src/usbd_ioreq.o
                0x08008a5e                USBD_CtlContinueSendData
 .text.USBD_CtlPrepareRx
                0x08008a80       0x3a ./Middlewares/ST/STM32_USB_Device_Library/Core/Src/usbd_ioreq.o
                0x08008a80                USBD_CtlPrepareRx
 .text.USBD_CtlContinueRx
                0x08008aba       0x22 ./Middlewares/ST/STM32_USB_Device_Library/Core/Src/usbd_ioreq.o
                0x08008aba                USBD_CtlContinueRx
 .text.USBD_CtlSendStatus
                0x08008adc       0x26 ./Middlewares/ST/STM32_USB_Device_Library/Core/Src/usbd_ioreq.o
                0x08008adc                USBD_CtlSendStatus
 .text.USBD_CtlReceiveStatus
                0x08008b02       0x26 ./Middlewares/ST/STM32_USB_Device_Library/Core/Src/usbd_ioreq.o
                0x08008b02                USBD_CtlReceiveStatus
 .text.MX_USB_DEVICE_Init
                0x08008b28       0x60 ./USB_DEVICE/App/usb_device.o
                0x08008b28                MX_USB_DEVICE_Init
 .text.CDC_Init_HS
                0x08008b88       0x28 ./USB_DEVICE/App/usbd_cdc_if.o
 .text.CDC_DeInit_HS
                0x08008bb0       0x10 ./USB_DEVICE/App/usbd_cdc_if.o
 .text.CDC_Control_HS
                0x08008bc0       0xbc ./USB_DEVICE/App/usbd_cdc_if.o
 .text.CDC_Receive_HS
                0x08008c7c       0x40 ./USB_DEVICE/App/usbd_cdc_if.o
 .text.CDC_Transmit_HS
                0x08008cbc       0x54 ./USB_DEVICE/App/usbd_cdc_if.o
                0x08008cbc                CDC_Transmit_HS
 .text.CDC_TransmitCplt_HS
                0x08008d10       0x22 ./USB_DEVICE/App/usbd_cdc_if.o
 *fill*         0x08008d32        0x2 
 .text.USBD_HS_DeviceDescriptor
                0x08008d34       0x24 ./USB_DEVICE/App/usbd_desc.o
                0x08008d34                USBD_HS_DeviceDescriptor
 .text.USBD_HS_LangIDStrDescriptor
                0x08008d58       0x24 ./USB_DEVICE/App/usbd_desc.o
                0x08008d58                USBD_HS_LangIDStrDescriptor
 .text.USBD_HS_ProductStrDescriptor
                0x08008d7c       0x3c ./USB_DEVICE/App/usbd_desc.o
                0x08008d7c                USBD_HS_ProductStrDescriptor
 .text.USBD_HS_ManufacturerStrDescriptor
                0x08008db8       0x28 ./USB_DEVICE/App/usbd_desc.o
                0x08008db8                USBD_HS_ManufacturerStrDescriptor
 .text.USBD_HS_SerialStrDescriptor
                0x08008de0       0x24 ./USB_DEVICE/App/usbd_desc.o
                0x08008de0                USBD_HS_SerialStrDescriptor
 .text.USBD_HS_ConfigStrDescriptor
                0x08008e04       0x3c ./USB_DEVICE/App/usbd_desc.o
                0x08008e04                USBD_HS_ConfigStrDescriptor
 .text.USBD_HS_InterfaceStrDescriptor
                0x08008e40       0x3c ./USB_DEVICE/App/usbd_desc.o
                0x08008e40                USBD_HS_InterfaceStrDescriptor
 .text.Get_SerialNum
                0x08008e7c       0x58 ./USB_DEVICE/App/usbd_desc.o
 .text.IntToUnicode
                0x08008ed4       0x7e ./USB_DEVICE/App/usbd_desc.o
 .text.HAL_PCD_SetupStageCallback
                0x08008f52       0x24 ./USB_DEVICE/Target/usbd_conf.o
                0x08008f52                HAL_PCD_SetupStageCallback
 .text.HAL_PCD_DataOutStageCallback
                0x08008f76       0x36 ./USB_DEVICE/Target/usbd_conf.o
                0x08008f76                HAL_PCD_DataOutStageCallback
 .text.HAL_PCD_DataInStageCallback
                0x08008fac       0x34 ./USB_DEVICE/Target/usbd_conf.o
                0x08008fac                HAL_PCD_DataInStageCallback
 .text.HAL_PCD_SOFCallback
                0x08008fe0       0x1c ./USB_DEVICE/Target/usbd_conf.o
                0x08008fe0                HAL_PCD_SOFCallback
 .text.HAL_PCD_ResetCallback
                0x08008ffc       0x50 ./USB_DEVICE/Target/usbd_conf.o
                0x08008ffc                HAL_PCD_ResetCallback
 .text.HAL_PCD_SuspendCallback
                0x0800904c       0x4c ./USB_DEVICE/Target/usbd_conf.o
                0x0800904c                HAL_PCD_SuspendCallback
 .text.HAL_PCD_ResumeCallback
                0x08009098       0x1c ./USB_DEVICE/Target/usbd_conf.o
                0x08009098                HAL_PCD_ResumeCallback
 .text.HAL_PCD_ISOOUTIncompleteCallback
                0x080090b4       0x24 ./USB_DEVICE/Target/usbd_conf.o
                0x080090b4                HAL_PCD_ISOOUTIncompleteCallback
 .text.HAL_PCD_ISOINIncompleteCallback
                0x080090d8       0x24 ./USB_DEVICE/Target/usbd_conf.o
                0x080090d8                HAL_PCD_ISOINIncompleteCallback
 .text.HAL_PCD_ConnectCallback
                0x080090fc       0x1c ./USB_DEVICE/Target/usbd_conf.o
                0x080090fc                HAL_PCD_ConnectCallback
 .text.HAL_PCD_DisconnectCallback
                0x08009118       0x1c ./USB_DEVICE/Target/usbd_conf.o
                0x08009118                HAL_PCD_DisconnectCallback
 .text.USBD_LL_Init
                0x08009134       0xa4 ./USB_DEVICE/Target/usbd_conf.o
                0x08009134                USBD_LL_Init
 .text.USBD_LL_Start
                0x080091d8       0x36 ./USB_DEVICE/Target/usbd_conf.o
                0x080091d8                USBD_LL_Start
 .text.USBD_LL_OpenEP
                0x0800920e       0x4c ./USB_DEVICE/Target/usbd_conf.o
                0x0800920e                USBD_LL_OpenEP
 .text.USBD_LL_CloseEP
                0x0800925a       0x3e ./USB_DEVICE/Target/usbd_conf.o
                0x0800925a                USBD_LL_CloseEP
 .text.USBD_LL_StallEP
                0x08009298       0x3e ./USB_DEVICE/Target/usbd_conf.o
                0x08009298                USBD_LL_StallEP
 .text.USBD_LL_ClearStallEP
                0x080092d6       0x3e ./USB_DEVICE/Target/usbd_conf.o
                0x080092d6                USBD_LL_ClearStallEP
 .text.USBD_LL_IsStallEP
                0x08009314       0x58 ./USB_DEVICE/Target/usbd_conf.o
                0x08009314                USBD_LL_IsStallEP
 .text.USBD_LL_SetUSBAddress
                0x0800936c       0x3e ./USB_DEVICE/Target/usbd_conf.o
                0x0800936c                USBD_LL_SetUSBAddress
 .text.USBD_LL_Transmit
                0x080093aa       0x42 ./USB_DEVICE/Target/usbd_conf.o
                0x080093aa                USBD_LL_Transmit
 .text.USBD_LL_PrepareReceive
                0x080093ec       0x42 ./USB_DEVICE/Target/usbd_conf.o
                0x080093ec                USBD_LL_PrepareReceive
 .text.USBD_LL_GetRxDataSize
                0x0800942e       0x26 ./USB_DEVICE/Target/usbd_conf.o
                0x0800942e                USBD_LL_GetRxDataSize
 .text.USBD_static_malloc
                0x08009454       0x1c ./USB_DEVICE/Target/usbd_conf.o
                0x08009454                USBD_static_malloc
 .text.USBD_static_free
                0x08009470       0x14 ./USB_DEVICE/Target/usbd_conf.o
                0x08009470                USBD_static_free
 .text.USBD_Get_USB_Status
                0x08009484       0x58 ./USB_DEVICE/Target/usbd_conf.o
                0x08009484                USBD_Get_USB_Status
 .text.memset   0x080094dc       0x10 C:/ST/STM32CubeIDE_1.14.0/STM32CubeIDE/plugins/com.st.stm32cube.ide.mcu.externaltools.gnu-tools-for-stm32.12.3.rel1.win32_1.1.0.202410251130/tools/bin/../lib/gcc/arm-none-eabi/12.3.1/../../../../arm-none-eabi/lib/thumb/v8-m.main+fp/hard\libc_nano.a(libc_a-memset.o)
                0x080094dc                memset
 .text.__libc_init_array
                0x080094ec       0x48 C:/ST/STM32CubeIDE_1.14.0/STM32CubeIDE/plugins/com.st.stm32cube.ide.mcu.externaltools.gnu-tools-for-stm32.12.3.rel1.win32_1.1.0.202410251130/tools/bin/../lib/gcc/arm-none-eabi/12.3.1/../../../../arm-none-eabi/lib/thumb/v8-m.main+fp/hard\libc_nano.a(libc_a-init.o)
                0x080094ec                __libc_init_array
 *(.glue_7)
 .glue_7        0x08009534        0x0 linker stubs
 *(.glue_7t)
 .glue_7t       0x08009534        0x0 linker stubs
 *(.eh_frame)
 .eh_frame      0x08009534        0x0 C:/ST/STM32CubeIDE_1.14.0/STM32CubeIDE/plugins/com.st.stm32cube.ide.mcu.externaltools.gnu-tools-for-stm32.12.3.rel1.win32_1.1.0.202410251130/tools/bin/../lib/gcc/arm-none-eabi/12.3.1/thumb/v8-m.main+fp/hard/crtbegin.o
 *(.init)
 .init          0x08009534        0x4 C:/ST/STM32CubeIDE_1.14.0/STM32CubeIDE/plugins/com.st.stm32cube.ide.mcu.externaltools.gnu-tools-for-stm32.12.3.rel1.win32_1.1.0.202410251130/tools/bin/../lib/gcc/arm-none-eabi/12.3.1/thumb/v8-m.main+fp/hard/crti.o
                0x08009534                _init
 .init          0x08009538        0x8 C:/ST/STM32CubeIDE_1.14.0/STM32CubeIDE/plugins/com.st.stm32cube.ide.mcu.externaltools.gnu-tools-for-stm32.12.3.rel1.win32_1.1.0.202410251130/tools/bin/../lib/gcc/arm-none-eabi/12.3.1/thumb/v8-m.main+fp/hard/crtn.o
 *(.fini)
 .fini          0x08009540        0x4 C:/ST/STM32CubeIDE_1.14.0/STM32CubeIDE/plugins/com.st.stm32cube.ide.mcu.externaltools.gnu-tools-for-stm32.12.3.rel1.win32_1.1.0.202410251130/tools/bin/../lib/gcc/arm-none-eabi/12.3.1/thumb/v8-m.main+fp/hard/crti.o
                0x08009540                _fini
 .fini          0x08009544        0x8 C:/ST/STM32CubeIDE_1.14.0/STM32CubeIDE/plugins/com.st.stm32cube.ide.mcu.externaltools.gnu-tools-for-stm32.12.3.rel1.win32_1.1.0.202410251130/tools/bin/../lib/gcc/arm-none-eabi/12.3.1/thumb/v8-m.main+fp/hard/crtn.o
                0x0800954c                        . = ALIGN (0x4)
                0x0800954c                        _etext = .

.vfp11_veneer   0x0800954c        0x0
 .vfp11_veneer  0x0800954c        0x0 linker stubs

.v4_bx          0x0800954c        0x0
 .v4_bx         0x0800954c        0x0 linker stubs

.iplt           0x0800954c        0x0
 .iplt          0x0800954c        0x0 C:/ST/STM32CubeIDE_1.14.0/STM32CubeIDE/plugins/com.st.stm32cube.ide.mcu.externaltools.gnu-tools-for-stm32.12.3.rel1.win32_1.1.0.202410251130/tools/bin/../lib/gcc/arm-none-eabi/12.3.1/thumb/v8-m.main+fp/hard/crtbegin.o

.rodata         0x0800954c      0x134
                0x0800954c                        . = ALIGN (0x4)
 *(.rodata)
 .rodata        0x0800954c       0x12 ./Core/Src/main.o
 *fill*         0x0800955e        0x2 
 .rodata        0x08009560       0x46 ./USB_DEVICE/App/usbd_desc.o
 *(.rodata*)
 *fill*         0x080095a6        0x2 
 .rodata.AHBPrescTable
                0x080095a8       0x10 ./Core/Src/system_stm32u5xx.o
                0x080095a8                AHBPrescTable
 .rodata.APBPrescTable
                0x080095b8        0x8 ./Core/Src/system_stm32u5xx.o
                0x080095b8                APBPrescTable
 .rodata.MSIRangeTable
                0x080095c0       0x40 ./Core/Src/system_stm32u5xx.o
                0x080095c0                MSIRangeTable
 .rodata.LPGPIO_Map
                0x08009600       0x80 ./Drivers/STM32U5xx_HAL_Driver/Src/stm32u5xx_hal_gpio.o
                0x08009680                        . = ALIGN (0x4)

.ARM.extab      0x08009680        0x0
                0x08009680                        . = ALIGN (0x4)
 *(.ARM.extab* .gnu.linkonce.armextab.*)
                0x08009680                        . = ALIGN (0x4)

.ARM            0x08009680        0x0
                0x08009680                        . = ALIGN (0x4)
                0x08009680                        __exidx_start = .
 *(.ARM.exidx*)
                0x08009680                        __exidx_end = .
                0x08009680                        . = ALIGN (0x4)

.preinit_array  0x08009680        0x0
                0x08009680                        . = ALIGN (0x4)
                0x08009680                        PROVIDE (__preinit_array_start = .)
 *(.preinit_array*)
                0x08009680                        PROVIDE (__preinit_array_end = .)
                0x08009680                        . = ALIGN (0x4)

.init_array     0x08009680        0x4
                0x08009680                        . = ALIGN (0x4)
                0x08009680                        PROVIDE (__init_array_start = .)
 *(SORT_BY_NAME(.init_array.*))
 *(.init_array*)
 .init_array    0x08009680        0x4 C:/ST/STM32CubeIDE_1.14.0/STM32CubeIDE/plugins/com.st.stm32cube.ide.mcu.externaltools.gnu-tools-for-stm32.12.3.rel1.win32_1.1.0.202410251130/tools/bin/../lib/gcc/arm-none-eabi/12.3.1/thumb/v8-m.main+fp/hard/crtbegin.o
                0x08009684                        PROVIDE (__init_array_end = .)
                0x08009684                        . = ALIGN (0x4)

.fini_array     0x08009684        0x4
                0x08009684                        . = ALIGN (0x4)
                [!provide]                        PROVIDE (__fini_array_start = .)
 *(SORT_BY_NAME(.fini_array.*))
 *(.fini_array*)
 .fini_array    0x08009684        0x4 C:/ST/STM32CubeIDE_1.14.0/STM32CubeIDE/plugins/com.st.stm32cube.ide.mcu.externaltools.gnu-tools-for-stm32.12.3.rel1.win32_1.1.0.202410251130/tools/bin/../lib/gcc/arm-none-eabi/12.3.1/thumb/v8-m.main+fp/hard/crtbegin.o
                [!provide]                        PROVIDE (__fini_array_end = .)
                0x08009688                        . = ALIGN (0x4)
                0x08009688                        _sidata = LOADADDR (.data)

.rel.dyn        0x08009688        0x0
 .rel.iplt      0x08009688        0x0 C:/ST/STM32CubeIDE_1.14.0/STM32CubeIDE/plugins/com.st.stm32cube.ide.mcu.externaltools.gnu-tools-for-stm32.12.3.rel1.win32_1.1.0.202410251130/tools/bin/../lib/gcc/arm-none-eabi/12.3.1/thumb/v8-m.main+fp/hard/crtbegin.o

.data           0x20000000      0x100 load address 0x08009688
                0x20000000                        . = ALIGN (0x4)
                0x20000000                        _sdata = .
 *(.data)
 *(.data*)
 .data.SystemCoreClock
                0x20000000        0x4 ./Core/Src/system_stm32u5xx.o
                0x20000000                SystemCoreClock
 .data.uwTickPrio
                0x20000004        0x4 ./Drivers/STM32U5xx_HAL_Driver/Src/stm32u5xx_hal.o
                0x20000004                uwTickPrio
 .data.uwTickFreq
                0x20000008        0x1 ./Drivers/STM32U5xx_HAL_Driver/Src/stm32u5xx_hal.o
                0x20000008                uwTickFreq
 *fill*         0x20000009        0x3 
 .data.USBD_CDC_DeviceQualifierDesc
                0x2000000c        0xa ./Middlewares/ST/STM32_USB_Device_Library/Class/CDC/Src/usbd_cdc.o
 *fill*         0x20000016        0x2 
 .data.USBD_CDC
                0x20000018       0x38 ./Middlewares/ST/STM32_USB_Device_Library/Class/CDC/Src/usbd_cdc.o
                0x20000018                USBD_CDC
 .data.USBD_CDC_CfgDesc
                0x20000050       0x43 ./Middlewares/ST/STM32_USB_Device_Library/Class/CDC/Src/usbd_cdc.o
 .data.CDCInEpAdd
                0x20000093        0x1 ./Middlewares/ST/STM32_USB_Device_Library/Class/CDC/Src/usbd_cdc.o
 .data.CDCOutEpAdd
                0x20000094        0x1 ./Middlewares/ST/STM32_USB_Device_Library/Class/CDC/Src/usbd_cdc.o
 .data.CDCCmdEpAdd
                0x20000095        0x1 ./Middlewares/ST/STM32_USB_Device_Library/Class/CDC/Src/usbd_cdc.o
 *fill*         0x20000096        0x2 
 .data.USBD_Interface_fops_HS
                0x20000098       0x14 ./USB_DEVICE/App/usbd_cdc_if.o
                0x20000098                USBD_Interface_fops_HS
 .data.HS_Desc  0x200000ac       0x20 ./USB_DEVICE/App/usbd_desc.o
                0x200000ac                HS_Desc
 .data.USBD_HS_DeviceDesc
                0x200000cc       0x12 ./USB_DEVICE/App/usbd_desc.o
                0x200000cc                USBD_HS_DeviceDesc
 *fill*         0x200000de        0x2 
 .data.USBD_LangIDDesc
                0x200000e0        0x4 ./USB_DEVICE/App/usbd_desc.o
                0x200000e0                USBD_LangIDDesc
 .data.USBD_StringSerial
                0x200000e4       0x1a ./USB_DEVICE/App/usbd_desc.o
                0x200000e4                USBD_StringSerial
 *(.RamFunc)
 *(.RamFunc*)
                0x20000100                        . = ALIGN (0x4)
 *fill*         0x200000fe        0x2 
                0x20000100                        _edata = .

.igot.plt       0x20000100        0x0 load address 0x08009788
 .igot.plt      0x20000100        0x0 C:/ST/STM32CubeIDE_1.14.0/STM32CubeIDE/plugins/com.st.stm32cube.ide.mcu.externaltools.gnu-tools-for-stm32.12.3.rel1.win32_1.1.0.202410251130/tools/bin/../lib/gcc/arm-none-eabi/12.3.1/thumb/v8-m.main+fp/hard/crtbegin.o
                0x20000100                        . = ALIGN (0x4)

.bss            0x20000100     0x1c50 load address 0x08009788
                0x20000100                        _sbss = .
                0x20000100                        __bss_start__ = _sbss
 *(.bss)
 .bss           0x20000100       0x1c C:/ST/STM32CubeIDE_1.14.0/STM32CubeIDE/plugins/com.st.stm32cube.ide.mcu.externaltools.gnu-tools-for-stm32.12.3.rel1.win32_1.1.0.202410251130/tools/bin/../lib/gcc/arm-none-eabi/12.3.1/thumb/v8-m.main+fp/hard/crtbegin.o
 *(.bss*)
 .bss.hpcd_USB_OTG_HS
                0x2000011c      0x4e4 ./Core/Src/main.o
                0x2000011c                hpcd_USB_OTG_HS
 .bss.htim6     0x20000600       0x4c ./Core/Src/stm32u5xx_hal_timebase_tim.o
                0x20000600                htim6
 .bss.uwTick    0x2000064c        0x4 ./Drivers/STM32U5xx_HAL_Driver/Src/stm32u5xx_hal.o
                0x2000064c                uwTick
 .bss.cfgidx.0  0x20000650        0x1 ./Middlewares/ST/STM32_USB_Device_Library/Core/Src/usbd_ctlreq.o
 *fill*         0x20000651        0x3 
 .bss.hUsbDeviceHS
                0x20000654      0x2dc ./USB_DEVICE/App/usb_device.o
                0x20000654                hUsbDeviceHS
 .bss.UserRxBufferHS
                0x20000930      0x800 ./USB_DEVICE/App/usbd_cdc_if.o
                0x20000930                UserRxBufferHS
 .bss.UserTxBufferHS
                0x20001130      0x800 ./USB_DEVICE/App/usbd_cdc_if.o
                0x20001130                UserTxBufferHS
 .bss.USBD_StrDesc
                0x20001930      0x200 ./USB_DEVICE/App/usbd_desc.o
                0x20001930                USBD_StrDesc
 .bss.mem.0     0x20001b30      0x220 ./USB_DEVICE/Target/usbd_conf.o
 *(COMMON)
                0x20001d50                        . = ALIGN (0x4)
                0x20001d50                        _ebss = .
                0x20001d50                        __bss_end__ = _ebss

._user_heap_stack
                0x20001d50      0x600 load address 0x08009788
                0x20001d50                        . = ALIGN (0x8)
                [!provide]                        PROVIDE (end = .)
                0x20001d50                        PROVIDE (_end = .)
                0x20001f50                        . = (. + _Min_Heap_Size)
 *fill*         0x20001d50      0x200 
                0x20002350                        . = (. + _Min_Stack_Size)
 *fill*         0x20001f50      0x400 
                0x20002350                        . = ALIGN (0x8)

/DISCARD/
 libc.a(*)
 libm.a(*)
 libgcc.a(*)

.ARM.attributes
                0x00000000       0x36
 *(.ARM.attributes)
 .ARM.attributes
                0x00000000       0x26 C:/ST/STM32CubeIDE_1.14.0/STM32CubeIDE/plugins/com.st.stm32cube.ide.mcu.externaltools.gnu-tools-for-stm32.12.3.rel1.win32_1.1.0.202410251130/tools/bin/../lib/gcc/arm-none-eabi/12.3.1/thumb/v8-m.main+fp/hard/crti.o
 .ARM.attributes
                0x00000026       0x38 C:/ST/STM32CubeIDE_1.14.0/STM32CubeIDE/plugins/com.st.stm32cube.ide.mcu.externaltools.gnu-tools-for-stm32.12.3.rel1.win32_1.1.0.202410251130/tools/bin/../lib/gcc/arm-none-eabi/12.3.1/thumb/v8-m.main+fp/hard/crtbegin.o
 .ARM.attributes
                0x0000005e       0x3a ./Core/Src/main.o
 .ARM.attributes
                0x00000098       0x3a ./Core/Src/stm32u5xx_hal_msp.o
 .ARM.attributes
                0x000000d2       0x3a ./Core/Src/stm32u5xx_hal_timebase_tim.o
 .ARM.attributes
                0x0000010c       0x3a ./Core/Src/stm32u5xx_it.o
 .ARM.attributes
                0x00000146       0x3a ./Core/Src/system_stm32u5xx.o
 .ARM.attributes
                0x00000180       0x24 ./Core/Startup/startup_stm32u5g9zjtxq.o
 .ARM.attributes
                0x000001a4       0x3a ./Drivers/STM32U5xx_HAL_Driver/Src/stm32u5xx_hal.o
 .ARM.attributes
                0x000001de       0x3a ./Drivers/STM32U5xx_HAL_Driver/Src/stm32u5xx_hal_cortex.o
 .ARM.attributes
                0x00000218       0x3a ./Drivers/STM32U5xx_HAL_Driver/Src/stm32u5xx_hal_gpio.o
 .ARM.attributes
                0x00000252       0x3a ./Drivers/STM32U5xx_HAL_Driver/Src/stm32u5xx_hal_icache.o
 .ARM.attributes
                0x0000028c       0x3a ./Drivers/STM32U5xx_HAL_Driver/Src/stm32u5xx_hal_pcd.o
 .ARM.attributes
                0x000002c6       0x3a ./Drivers/STM32U5xx_HAL_Driver/Src/stm32u5xx_hal_pcd_ex.o
 .ARM.attributes
                0x00000300       0x3a ./Drivers/STM32U5xx_HAL_Driver/Src/stm32u5xx_hal_pwr_ex.o
 .ARM.attributes
                0x0000033a       0x3a ./Drivers/STM32U5xx_HAL_Driver/Src/stm32u5xx_hal_rcc.o
 .ARM.attributes
                0x00000374       0x3a ./Drivers/STM32U5xx_HAL_Driver/Src/stm32u5xx_hal_rcc_ex.o
 .ARM.attributes
                0x000003ae       0x3a ./Drivers/STM32U5xx_HAL_Driver/Src/stm32u5xx_hal_tim.o
 .ARM.attributes
                0x000003e8       0x3a ./Drivers/STM32U5xx_HAL_Driver/Src/stm32u5xx_hal_tim_ex.o
 .ARM.attributes
                0x00000422       0x3a ./Drivers/STM32U5xx_HAL_Driver/Src/stm32u5xx_ll_usb.o
 .ARM.attributes
                0x0000045c       0x3a ./Middlewares/ST/STM32_USB_Device_Library/Class/CDC/Src/usbd_cdc.o
 .ARM.attributes
                0x00000496       0x3a ./Middlewares/ST/STM32_USB_Device_Library/Core/Src/usbd_core.o
 .ARM.attributes
                0x000004d0       0x3a ./Middlewares/ST/STM32_USB_Device_Library/Core/Src/usbd_ctlreq.o
 .ARM.attributes
                0x0000050a       0x3a ./Middlewares/ST/STM32_USB_Device_Library/Core/Src/usbd_ioreq.o
 .ARM.attributes
                0x00000544       0x3a ./USB_DEVICE/App/usb_device.o
 .ARM.attributes
                0x0000057e       0x3a ./USB_DEVICE/App/usbd_cdc_if.o
 .ARM.attributes
                0x000005b8       0x3a ./USB_DEVICE/App/usbd_desc.o
 .ARM.attributes
                0x000005f2       0x3a ./USB_DEVICE/Target/usbd_conf.o
 .ARM.attributes
                0x0000062c       0x38 C:/ST/STM32CubeIDE_1.14.0/STM32CubeIDE/plugins/com.st.stm32cube.ide.mcu.externaltools.gnu-tools-for-stm32.12.3.rel1.win32_1.1.0.202410251130/tools/bin/../lib/gcc/arm-none-eabi/12.3.1/../../../../arm-none-eabi/lib/thumb/v8-m.main+fp/hard\libc_nano.a(libc_a-memset.o)
 .ARM.attributes
                0x00000664       0x38 C:/ST/STM32CubeIDE_1.14.0/STM32CubeIDE/plugins/com.st.stm32cube.ide.mcu.externaltools.gnu-tools-for-stm32.12.3.rel1.win32_1.1.0.202410251130/tools/bin/../lib/gcc/arm-none-eabi/12.3.1/../../../../arm-none-eabi/lib/thumb/v8-m.main+fp/hard\libc_nano.a(libc_a-init.o)
 .ARM.attributes
                0x0000069c       0x26 C:/ST/STM32CubeIDE_1.14.0/STM32CubeIDE/plugins/com.st.stm32cube.ide.mcu.externaltools.gnu-tools-for-stm32.12.3.rel1.win32_1.1.0.202410251130/tools/bin/../lib/gcc/arm-none-eabi/12.3.1/thumb/v8-m.main+fp/hard/crtn.o
OUTPUT(u5g9_sbstack.elf elf32-littlearm)
LOAD linker stubs
LOAD C:/ST/STM32CubeIDE_1.14.0/STM32CubeIDE/plugins/com.st.stm32cube.ide.mcu.externaltools.gnu-tools-for-stm32.12.3.rel1.win32_1.1.0.202410251130/tools/bin/../lib/gcc/arm-none-eabi/12.3.1/../../../../arm-none-eabi/lib/thumb/v8-m.main+fp/hard\libc.a
LOAD C:/ST/STM32CubeIDE_1.14.0/STM32CubeIDE/plugins/com.st.stm32cube.ide.mcu.externaltools.gnu-tools-for-stm32.12.3.rel1.win32_1.1.0.202410251130/tools/bin/../lib/gcc/arm-none-eabi/12.3.1/../../../../arm-none-eabi/lib/thumb/v8-m.main+fp/hard\libm.a
LOAD C:/ST/STM32CubeIDE_1.14.0/STM32CubeIDE/plugins/com.st.stm32cube.ide.mcu.externaltools.gnu-tools-for-stm32.12.3.rel1.win32_1.1.0.202410251130/tools/bin/../lib/gcc/arm-none-eabi/12.3.1/thumb/v8-m.main+fp/hard\libgcc.a

.debug_info     0x00000000    0x1ac5c
 .debug_info    0x00000000     0x17b3 ./Core/Src/main.o
 .debug_info    0x000017b3     0x1279 ./Core/Src/stm32u5xx_hal_msp.o
 .debug_info    0x00002a2c     0x11ee ./Core/Src/stm32u5xx_hal_timebase_tim.o
 .debug_info    0x00003c1a      0xedc ./Core/Src/stm32u5xx_it.o
 .debug_info    0x00004af6      0x929 ./Core/Src/system_stm32u5xx.o
 .debug_info    0x0000541f       0x30 ./Core/Startup/startup_stm32u5g9zjtxq.o
 .debug_info    0x0000544f     0x14a3 ./Drivers/STM32U5xx_HAL_Driver/Src/stm32u5xx_hal.o
 .debug_info    0x000068f2     0x16b2 ./Drivers/STM32U5xx_HAL_Driver/Src/stm32u5xx_hal_cortex.o
 .debug_info    0x00007fa4      0x859 ./Drivers/STM32U5xx_HAL_Driver/Src/stm32u5xx_hal_gpio.o
 .debug_info    0x000087fd      0x4d6 ./Drivers/STM32U5xx_HAL_Driver/Src/stm32u5xx_hal_icache.o
 .debug_info    0x00008cd3     0x153b ./Drivers/STM32U5xx_HAL_Driver/Src/stm32u5xx_hal_pcd.o
 .debug_info    0x0000a20e      0x8bd ./Drivers/STM32U5xx_HAL_Driver/Src/stm32u5xx_hal_pcd_ex.o
 .debug_info    0x0000aacb      0xf1a ./Drivers/STM32U5xx_HAL_Driver/Src/stm32u5xx_hal_pwr_ex.o
 .debug_info    0x0000b9e5     0x12bc ./Drivers/STM32U5xx_HAL_Driver/Src/stm32u5xx_hal_rcc.o
 .debug_info    0x0000cca1     0x1639 ./Drivers/STM32U5xx_HAL_Driver/Src/stm32u5xx_hal_rcc_ex.o
 .debug_info    0x0000e2da     0x2e54 ./Drivers/STM32U5xx_HAL_Driver/Src/stm32u5xx_hal_tim.o
 .debug_info    0x0001112e     0x1efe ./Drivers/STM32U5xx_HAL_Driver/Src/stm32u5xx_hal_tim_ex.o
 .debug_info    0x0001302c     0x1aa2 ./Drivers/STM32U5xx_HAL_Driver/Src/stm32u5xx_ll_usb.o
 .debug_info    0x00014ace     0x1350 ./Middlewares/ST/STM32_USB_Device_Library/Class/CDC/Src/usbd_cdc.o
 .debug_info    0x00015e1e      0xe20 ./Middlewares/ST/STM32_USB_Device_Library/Core/Src/usbd_core.o
 .debug_info    0x00016c3e      0xaf9 ./Middlewares/ST/STM32_USB_Device_Library/Core/Src/usbd_ctlreq.o
 .debug_info    0x00017737      0x770 ./Middlewares/ST/STM32_USB_Device_Library/Core/Src/usbd_ioreq.o
 .debug_info    0x00017ea7      0x71c ./USB_DEVICE/App/usb_device.o
 .debug_info    0x000185c3      0x915 ./USB_DEVICE/App/usbd_cdc_if.o
 .debug_info    0x00018ed8      0x4c5 ./USB_DEVICE/App/usbd_desc.o
 .debug_info    0x0001939d     0x18bf ./USB_DEVICE/Target/usbd_conf.o

.debug_abbrev   0x00000000     0x3c54
 .debug_abbrev  0x00000000      0x385 ./Core/Src/main.o
 .debug_abbrev  0x00000385      0x21b ./Core/Src/stm32u5xx_hal_msp.o
 .debug_abbrev  0x000005a0      0x229 ./Core/Src/stm32u5xx_hal_timebase_tim.o
 .debug_abbrev  0x000007c9      0x1e9 ./Core/Src/stm32u5xx_it.o
 .debug_abbrev  0x000009b2      0x129 ./Core/Src/system_stm32u5xx.o
 .debug_abbrev  0x00000adb       0x24 ./Core/Startup/startup_stm32u5g9zjtxq.o
 .debug_abbrev  0x00000aff      0x2a4 ./Drivers/STM32U5xx_HAL_Driver/Src/stm32u5xx_hal.o
 .debug_abbrev  0x00000da3      0x311 ./Drivers/STM32U5xx_HAL_Driver/Src/stm32u5xx_hal_cortex.o
 .debug_abbrev  0x000010b4      0x25a ./Drivers/STM32U5xx_HAL_Driver/Src/stm32u5xx_hal_gpio.o
 .debug_abbrev  0x0000130e      0x228 ./Drivers/STM32U5xx_HAL_Driver/Src/stm32u5xx_hal_icache.o
 .debug_abbrev  0x00001536      0x2bc ./Drivers/STM32U5xx_HAL_Driver/Src/stm32u5xx_hal_pcd.o
 .debug_abbrev  0x000017f2      0x25a ./Drivers/STM32U5xx_HAL_Driver/Src/stm32u5xx_hal_pcd_ex.o
 .debug_abbrev  0x00001a4c      0x243 ./Drivers/STM32U5xx_HAL_Driver/Src/stm32u5xx_hal_pwr_ex.o
 .debug_abbrev  0x00001c8f      0x2cb ./Drivers/STM32U5xx_HAL_Driver/Src/stm32u5xx_hal_rcc.o
 .debug_abbrev  0x00001f5a      0x23d ./Drivers/STM32U5xx_HAL_Driver/Src/stm32u5xx_hal_rcc_ex.o
 .debug_abbrev  0x00002197      0x2bd ./Drivers/STM32U5xx_HAL_Driver/Src/stm32u5xx_hal_tim.o
 .debug_abbrev  0x00002454      0x2c7 ./Drivers/STM32U5xx_HAL_Driver/Src/stm32u5xx_hal_tim_ex.o
 .debug_abbrev  0x0000271b      0x2b0 ./Drivers/STM32U5xx_HAL_Driver/Src/stm32u5xx_ll_usb.o
 .debug_abbrev  0x000029cb      0x2d1 ./Middlewares/ST/STM32_USB_Device_Library/Class/CDC/Src/usbd_cdc.o
 .debug_abbrev  0x00002c9c      0x27c ./Middlewares/ST/STM32_USB_Device_Library/Core/Src/usbd_core.o
 .debug_abbrev  0x00002f18      0x26f ./Middlewares/ST/STM32_USB_Device_Library/Core/Src/usbd_ctlreq.o
 .debug_abbrev  0x00003187      0x19a ./Middlewares/ST/STM32_USB_Device_Library/Core/Src/usbd_ioreq.o
 .debug_abbrev  0x00003321      0x195 ./USB_DEVICE/App/usb_device.o
 .debug_abbrev  0x000034b6      0x29d ./USB_DEVICE/App/usbd_cdc_if.o
 .debug_abbrev  0x00003753      0x1f5 ./USB_DEVICE/App/usbd_desc.o
 .debug_abbrev  0x00003948      0x30c ./USB_DEVICE/Target/usbd_conf.o

.debug_aranges  0x00000000     0x1740
 .debug_aranges
                0x00000000       0x50 ./Core/Src/main.o
 .debug_aranges
                0x00000050       0x30 ./Core/Src/stm32u5xx_hal_msp.o
 .debug_aranges
                0x00000080       0x30 ./Core/Src/stm32u5xx_hal_timebase_tim.o
 .debug_aranges
                0x000000b0       0x70 ./Core/Src/stm32u5xx_it.o
 .debug_aranges
                0x00000120       0x28 ./Core/Src/system_stm32u5xx.o
 .debug_aranges
                0x00000148       0x28 ./Core/Startup/startup_stm32u5g9zjtxq.o
 .debug_aranges
                0x00000170      0x1a8 ./Drivers/STM32U5xx_HAL_Driver/Src/stm32u5xx_hal.o
 .debug_aranges
                0x00000318      0x140 ./Drivers/STM32U5xx_HAL_Driver/Src/stm32u5xx_hal_cortex.o
 .debug_aranges
                0x00000458       0x78 ./Drivers/STM32U5xx_HAL_Driver/Src/stm32u5xx_hal_gpio.o
 .debug_aranges
                0x000004d0       0xa8 ./Drivers/STM32U5xx_HAL_Driver/Src/stm32u5xx_hal_icache.o
 .debug_aranges
                0x00000578      0x140 ./Drivers/STM32U5xx_HAL_Driver/Src/stm32u5xx_hal_pcd.o
 .debug_aranges
                0x000006b8       0x60 ./Drivers/STM32U5xx_HAL_Driver/Src/stm32u5xx_hal_pcd_ex.o
 .debug_aranges
                0x00000718      0x230 ./Drivers/STM32U5xx_HAL_Driver/Src/stm32u5xx_hal_pwr_ex.o
 .debug_aranges
                0x00000948       0xa8 ./Drivers/STM32U5xx_HAL_Driver/Src/stm32u5xx_hal_rcc.o
 .debug_aranges
                0x000009f0      0x160 ./Drivers/STM32U5xx_HAL_Driver/Src/stm32u5xx_hal_rcc_ex.o
 .debug_aranges
                0x00000b50      0x3e8 ./Drivers/STM32U5xx_HAL_Driver/Src/stm32u5xx_hal_tim.o
 .debug_aranges
                0x00000f38      0x250 ./Drivers/STM32U5xx_HAL_Driver/Src/stm32u5xx_hal_tim_ex.o
 .debug_aranges
                0x00001188      0x1a0 ./Drivers/STM32U5xx_HAL_Driver/Src/stm32u5xx_ll_usb.o
 .debug_aranges
                0x00001328       0x90 ./Middlewares/ST/STM32_USB_Device_Library/Class/CDC/Src/usbd_cdc.o
 .debug_aranges
                0x000013b8       0xd8 ./Middlewares/ST/STM32_USB_Device_Library/Core/Src/usbd_core.o
 .debug_aranges
                0x00001490       0x90 ./Middlewares/ST/STM32_USB_Device_Library/Core/Src/usbd_ctlreq.o
 .debug_aranges
                0x00001520       0x50 ./Middlewares/ST/STM32_USB_Device_Library/Core/Src/usbd_ioreq.o
 .debug_aranges
                0x00001570       0x20 ./USB_DEVICE/App/usb_device.o
 .debug_aranges
                0x00001590       0x48 ./USB_DEVICE/App/usbd_cdc_if.o
 .debug_aranges
                0x000015d8       0x68 ./USB_DEVICE/App/usbd_desc.o
 .debug_aranges
                0x00001640      0x100 ./USB_DEVICE/Target/usbd_conf.o

.debug_rnglists
                0x00000000     0x11b2
 .debug_rnglists
                0x00000000       0x39 ./Core/Src/main.o
 .debug_rnglists
                0x00000039       0x20 ./Core/Src/stm32u5xx_hal_msp.o
 .debug_rnglists
                0x00000059       0x20 ./Core/Src/stm32u5xx_hal_timebase_tim.o
 .debug_rnglists
                0x00000079       0x4f ./Core/Src/stm32u5xx_it.o
 .debug_rnglists
                0x000000c8       0x1a ./Core/Src/system_stm32u5xx.o
 .debug_rnglists
                0x000000e2       0x19 ./Core/Startup/startup_stm32u5g9zjtxq.o
 .debug_rnglists
                0x000000fb      0x13b ./Drivers/STM32U5xx_HAL_Driver/Src/stm32u5xx_hal.o
 .debug_rnglists
                0x00000236       0xec ./Drivers/STM32U5xx_HAL_Driver/Src/stm32u5xx_hal_cortex.o
 .debug_rnglists
                0x00000322       0x5a ./Drivers/STM32U5xx_HAL_Driver/Src/stm32u5xx_hal_gpio.o
 .debug_rnglists
                0x0000037c       0x7a ./Drivers/STM32U5xx_HAL_Driver/Src/stm32u5xx_hal_icache.o
 .debug_rnglists
                0x000003f6       0xf4 ./Drivers/STM32U5xx_HAL_Driver/Src/stm32u5xx_hal_pcd.o
 .debug_rnglists
                0x000004ea       0x45 ./Drivers/STM32U5xx_HAL_Driver/Src/stm32u5xx_hal_pcd_ex.o
 .debug_rnglists
                0x0000052f      0x1aa ./Drivers/STM32U5xx_HAL_Driver/Src/stm32u5xx_hal_pwr_ex.o
 .debug_rnglists
                0x000006d9       0x7f ./Drivers/STM32U5xx_HAL_Driver/Src/stm32u5xx_hal_rcc.o
 .debug_rnglists
                0x00000758      0x113 ./Drivers/STM32U5xx_HAL_Driver/Src/stm32u5xx_hal_rcc_ex.o
 .debug_rnglists
                0x0000086b      0x32e ./Drivers/STM32U5xx_HAL_Driver/Src/stm32u5xx_hal_tim.o
 .debug_rnglists
                0x00000b99      0x1d7 ./Drivers/STM32U5xx_HAL_Driver/Src/stm32u5xx_hal_tim_ex.o
 .debug_rnglists
                0x00000d70      0x146 ./Drivers/STM32U5xx_HAL_Driver/Src/stm32u5xx_ll_usb.o
 .debug_rnglists
                0x00000eb6       0x6c ./Middlewares/ST/STM32_USB_Device_Library/Class/CDC/Src/usbd_cdc.o
 .debug_rnglists
                0x00000f22       0xa1 ./Middlewares/ST/STM32_USB_Device_Library/Core/Src/usbd_core.o
 .debug_rnglists
                0x00000fc3       0x6e ./Middlewares/ST/STM32_USB_Device_Library/Core/Src/usbd_ctlreq.o
 .debug_rnglists
                0x00001031       0x37 ./Middlewares/ST/STM32_USB_Device_Library/Core/Src/usbd_ioreq.o
 .debug_rnglists
                0x00001068       0x13 ./USB_DEVICE/App/usb_device.o
 .debug_rnglists
                0x0000107b       0x32 ./USB_DEVICE/App/usbd_cdc_if.o
 .debug_rnglists
                0x000010ad       0x49 ./USB_DEVICE/App/usbd_desc.o
 .debug_rnglists
                0x000010f6       0xbc ./USB_DEVICE/Target/usbd_conf.o

.debug_macro    0x00000000    0x40b13
 .debug_macro   0x00000000      0x356 ./Core/Src/main.o
 .debug_macro   0x00000356      0xaba ./Core/Src/main.o
 .debug_macro   0x00000e10      0x201 ./Core/Src/main.o
 .debug_macro   0x00001011       0x2e ./Core/Src/main.o
 .debug_macro   0x0000103f       0x42 ./Core/Src/main.o
 .debug_macro   0x00001081       0x22 ./Core/Src/main.o
 .debug_macro   0x000010a3       0x8e ./Core/Src/main.o
 .debug_macro   0x00001131       0x51 ./Core/Src/main.o
 .debug_macro   0x00001182      0x103 ./Core/Src/main.o
 .debug_macro   0x00001285       0x6a ./Core/Src/main.o
 .debug_macro   0x000012ef      0x1df ./Core/Src/main.o
 .debug_macro   0x000014ce       0x1c ./Core/Src/main.o
 .debug_macro   0x000014ea       0x29 ./Core/Src/main.o
 .debug_macro   0x00001513       0xfb ./Core/Src/main.o
 .debug_macro   0x0000160e     0x1685 ./Core/Src/main.o
 .debug_macro   0x00002c93       0x5e ./Core/Src/main.o
 .debug_macro   0x00002cf1    0x2e042 ./Core/Src/main.o
 .debug_macro   0x00030d33       0x6d ./Core/Src/main.o
 .debug_macro   0x00030da0     0x393e ./Core/Src/main.o
 .debug_macro   0x000346de      0x189 ./Core/Src/main.o
 .debug_macro   0x00034867       0x61 ./Core/Src/main.o
 .debug_macro   0x000348c8       0x2a ./Core/Src/main.o
 .debug_macro   0x000348f2       0x43 ./Core/Src/main.o
 .debug_macro   0x00034935       0x34 ./Core/Src/main.o
 .debug_macro   0x00034969       0x16 ./Core/Src/main.o
 .debug_macro   0x0003497f       0x43 ./Core/Src/main.o
 .debug_macro   0x000349c2       0x34 ./Core/Src/main.o
 .debug_macro   0x000349f6       0x10 ./Core/Src/main.o
 .debug_macro   0x00034a06       0x58 ./Core/Src/main.o
 .debug_macro   0x00034a5e       0x8e ./Core/Src/main.o
 .debug_macro   0x00034aec       0x1c ./Core/Src/main.o
 .debug_macro   0x00034b08      0x177 ./Core/Src/main.o
 .debug_macro   0x00034c7f      0x369 ./Core/Src/main.o
 .debug_macro   0x00034fe8      0x19b ./Core/Src/main.o
 .debug_macro   0x00035183       0x5d ./Core/Src/main.o
 .debug_macro   0x000351e0     0x1ec7 ./Core/Src/main.o
 .debug_macro   0x000370a7      0x948 ./Core/Src/main.o
 .debug_macro   0x000379ef      0x166 ./Core/Src/main.o
 .debug_macro   0x00037b55      0x316 ./Core/Src/main.o
 .debug_macro   0x00037e6b       0xc9 ./Core/Src/main.o
 .debug_macro   0x00037f34      0x5f9 ./Core/Src/main.o
 .debug_macro   0x0003852d      0x4d3 ./Core/Src/main.o
 .debug_macro   0x00038a00       0xd6 ./Core/Src/main.o
 .debug_macro   0x00038ad6      0x1cd ./Core/Src/main.o
 .debug_macro   0x00038ca3      0x432 ./Core/Src/main.o
 .debug_macro   0x000390d5       0x95 ./Core/Src/main.o
 .debug_macro   0x0003916a      0x11c ./Core/Src/main.o
 .debug_macro   0x00039286      0x52c ./Core/Src/main.o
 .debug_macro   0x000397b2      0x63e ./Core/Src/main.o
 .debug_macro   0x00039df0      0xbcc ./Core/Src/main.o
 .debug_macro   0x0003a9bc      0x5b3 ./Core/Src/main.o
 .debug_macro   0x0003af6f      0x293 ./Core/Src/main.o
 .debug_macro   0x0003b202       0x82 ./Core/Src/main.o
 .debug_macro   0x0003b284      0x1d3 ./Core/Src/main.o
 .debug_macro   0x0003b457      0x448 ./Core/Src/main.o
 .debug_macro   0x0003b89f       0x34 ./Core/Src/main.o
 .debug_macro   0x0003b8d3       0x1c ./Core/Src/main.o
 .debug_macro   0x0003b8ef       0x35 ./Core/Src/main.o
 .debug_macro   0x0003b924       0x10 ./Core/Src/main.o
 .debug_macro   0x0003b934       0x1c ./Core/Src/main.o
 .debug_macro   0x0003b950       0x16 ./Core/Src/main.o
 .debug_macro   0x0003b966      0x146 ./Core/Src/main.o
 .debug_macro   0x0003baac       0x16 ./Core/Src/main.o
 .debug_macro   0x0003bac2       0x16 ./Core/Src/main.o
 .debug_macro   0x0003bad8       0x29 ./Core/Src/main.o
 .debug_macro   0x0003bb01       0x16 ./Core/Src/main.o
 .debug_macro   0x0003bb17       0x20 ./Core/Src/main.o
 .debug_macro   0x0003bb37       0x65 ./Core/Src/main.o
 .debug_macro   0x0003bb9c      0x20f ./Core/Src/main.o
 .debug_macro   0x0003bdab      0x296 ./Core/Src/stm32u5xx_hal_msp.o
 .debug_macro   0x0003c041      0x287 ./Core/Src/stm32u5xx_hal_timebase_tim.o
 .debug_macro   0x0003c2c8      0x2a0 ./Core/Src/stm32u5xx_it.o
 .debug_macro   0x0003c568      0x28e ./Core/Src/system_stm32u5xx.o
 .debug_macro   0x0003c7f6      0x2ab ./Drivers/STM32U5xx_HAL_Driver/Src/stm32u5xx_hal.o
 .debug_macro   0x0003caa1      0x287 ./Drivers/STM32U5xx_HAL_Driver/Src/stm32u5xx_hal_cortex.o
 .debug_macro   0x0003cd28      0x2bc ./Drivers/STM32U5xx_HAL_Driver/Src/stm32u5xx_hal_gpio.o
 .debug_macro   0x0003cfe4      0x2b9 ./Drivers/STM32U5xx_HAL_Driver/Src/stm32u5xx_hal_icache.o
 .debug_macro   0x0003d29d      0x293 ./Drivers/STM32U5xx_HAL_Driver/Src/stm32u5xx_hal_pcd.o
 .debug_macro   0x0003d530      0x287 ./Drivers/STM32U5xx_HAL_Driver/Src/stm32u5xx_hal_pcd_ex.o
 .debug_macro   0x0003d7b7      0x2b9 ./Drivers/STM32U5xx_HAL_Driver/Src/stm32u5xx_hal_pwr_ex.o
 .debug_macro   0x0003da70      0x38d ./Drivers/STM32U5xx_HAL_Driver/Src/stm32u5xx_hal_rcc.o
 .debug_macro   0x0003ddfd      0x3e8 ./Drivers/STM32U5xx_HAL_Driver/Src/stm32u5xx_hal_rcc_ex.o
 .debug_macro   0x0003e1e5      0x28f ./Drivers/STM32U5xx_HAL_Driver/Src/stm32u5xx_hal_tim.o
 .debug_macro   0x0003e474      0x28d ./Drivers/STM32U5xx_HAL_Driver/Src/stm32u5xx_hal_tim_ex.o
 .debug_macro   0x0003e701      0x287 ./Drivers/STM32U5xx_HAL_Driver/Src/stm32u5xx_ll_usb.o
 .debug_macro   0x0003e988      0x38d ./Middlewares/ST/STM32_USB_Device_Library/Class/CDC/Src/usbd_cdc.o
 .debug_macro   0x0003ed15       0x16 ./Middlewares/ST/STM32_USB_Device_Library/Class/CDC/Src/usbd_cdc.o
 .debug_macro   0x0003ed2b       0x9e ./Middlewares/ST/STM32_USB_Device_Library/Class/CDC/Src/usbd_cdc.o
 .debug_macro   0x0003edc9      0x10b ./Middlewares/ST/STM32_USB_Device_Library/Class/CDC/Src/usbd_cdc.o
 .debug_macro   0x0003eed4       0x16 ./Middlewares/ST/STM32_USB_Device_Library/Class/CDC/Src/usbd_cdc.o
 .debug_macro   0x0003eeea       0x95 ./Middlewares/ST/STM32_USB_Device_Library/Class/CDC/Src/usbd_cdc.o
 .debug_macro   0x0003ef7f      0x374 ./Middlewares/ST/STM32_USB_Device_Library/Core/Src/usbd_core.o
 .debug_macro   0x0003f2f3      0x215 ./Middlewares/ST/STM32_USB_Device_Library/Core/Src/usbd_core.o
 .debug_macro   0x0003f508      0x37e ./Middlewares/ST/STM32_USB_Device_Library/Core/Src/usbd_ctlreq.o
 .debug_macro   0x0003f886      0x37a ./Middlewares/ST/STM32_USB_Device_Library/Core/Src/usbd_ioreq.o
 .debug_macro   0x0003fc00      0x3a1 ./USB_DEVICE/App/usb_device.o
 .debug_macro   0x0003ffa1       0x3a ./USB_DEVICE/App/usb_device.o
 .debug_macro   0x0003ffdb       0x22 ./USB_DEVICE/App/usb_device.o
 .debug_macro   0x0003fffd       0x16 ./USB_DEVICE/App/usb_device.o
 .debug_macro   0x00040013      0x398 ./USB_DEVICE/App/usbd_cdc_if.o
 .debug_macro   0x000403ab       0x10 ./USB_DEVICE/App/usbd_cdc_if.o
 .debug_macro   0x000403bb      0x3b7 ./USB_DEVICE/App/usbd_desc.o
 .debug_macro   0x00040772       0x1c ./USB_DEVICE/App/usbd_desc.o
 .debug_macro   0x0004078e      0x385 ./USB_DEVICE/Target/usbd_conf.o

.debug_line     0x00000000    0x1cc44
 .debug_line    0x00000000      0xb7f ./Core/Src/main.o
 .debug_line    0x00000b7f      0x909 ./Core/Src/stm32u5xx_hal_msp.o
 .debug_line    0x00001488      0x913 ./Core/Src/stm32u5xx_hal_timebase_tim.o
 .debug_line    0x00001d9b      0x996 ./Core/Src/stm32u5xx_it.o
 .debug_line    0x00002731      0x9aa ./Core/Src/system_stm32u5xx.o
 .debug_line    0x000030db       0x79 ./Core/Startup/startup_stm32u5g9zjtxq.o
 .debug_line    0x00003154      0xe4a ./Drivers/STM32U5xx_HAL_Driver/Src/stm32u5xx_hal.o
 .debug_line    0x00003f9e      0xf19 ./Drivers/STM32U5xx_HAL_Driver/Src/stm32u5xx_hal_cortex.o
 .debug_line    0x00004eb7      0xe38 ./Drivers/STM32U5xx_HAL_Driver/Src/stm32u5xx_hal_gpio.o
 .debug_line    0x00005cef      0xb8e ./Drivers/STM32U5xx_HAL_Driver/Src/stm32u5xx_hal_icache.o
 .debug_line    0x0000687d     0x1603 ./Drivers/STM32U5xx_HAL_Driver/Src/stm32u5xx_hal_pcd.o
 .debug_line    0x00007e80      0xa9c ./Drivers/STM32U5xx_HAL_Driver/Src/stm32u5xx_hal_pcd_ex.o
 .debug_line    0x0000891c     0x135f ./Drivers/STM32U5xx_HAL_Driver/Src/stm32u5xx_hal_pwr_ex.o
 .debug_line    0x00009c7b     0x15d4 ./Drivers/STM32U5xx_HAL_Driver/Src/stm32u5xx_hal_rcc.o
 .debug_line    0x0000b24f     0x25f6 ./Drivers/STM32U5xx_HAL_Driver/Src/stm32u5xx_hal_rcc_ex.o
 .debug_line    0x0000d845     0x461c ./Drivers/STM32U5xx_HAL_Driver/Src/stm32u5xx_hal_tim.o
 .debug_line    0x00011e61     0x23b8 ./Drivers/STM32U5xx_HAL_Driver/Src/stm32u5xx_hal_tim_ex.o
 .debug_line    0x00014219     0x1f5a ./Drivers/STM32U5xx_HAL_Driver/Src/stm32u5xx_ll_usb.o
 .debug_line    0x00016173      0xf3a ./Middlewares/ST/STM32_USB_Device_Library/Class/CDC/Src/usbd_cdc.o
 .debug_line    0x000170ad      0xfb4 ./Middlewares/ST/STM32_USB_Device_Library/Core/Src/usbd_core.o
 .debug_line    0x00018061     0x11e1 ./Middlewares/ST/STM32_USB_Device_Library/Core/Src/usbd_ctlreq.o
 .debug_line    0x00019242      0xace ./Middlewares/ST/STM32_USB_Device_Library/Core/Src/usbd_ioreq.o
 .debug_line    0x00019d10      0xa8a ./USB_DEVICE/App/usb_device.o
 .debug_line    0x0001a79a      0xb04 ./USB_DEVICE/App/usbd_cdc_if.o
 .debug_line    0x0001b29e      0xb6e ./USB_DEVICE/App/usbd_desc.o
 .debug_line    0x0001be0c      0xe38 ./USB_DEVICE/Target/usbd_conf.o

.debug_str      0x00000000   0x1837e1
 .debug_str     0x00000000   0x178e73 ./Core/Src/main.o
                             0x179a8e (size before relaxing)
 .debug_str     0x00178e73      0xc81 ./Core/Src/stm32u5xx_hal_msp.o
                             0x178ba9 (size before relaxing)
 .debug_str     0x00179af4       0xf7 ./Core/Src/stm32u5xx_hal_timebase_tim.o
                             0x1789c8 (size before relaxing)
 .debug_str     0x00179beb      0x105 ./Core/Src/stm32u5xx_it.o
                             0x1783c2 (size before relaxing)
 .debug_str     0x00179cf0      0x1c9 ./Core/Src/system_stm32u5xx.o
                             0x177b3c (size before relaxing)
 .debug_str     0x00179eb9       0x45 ./Core/Startup/startup_stm32u5g9zjtxq.o
                                 0x8b (size before relaxing)
 .debug_str     0x00179efe      0x929 ./Drivers/STM32U5xx_HAL_Driver/Src/stm32u5xx_hal.o
                             0x178d67 (size before relaxing)
 .debug_str     0x0017a827      0x3db ./Drivers/STM32U5xx_HAL_Driver/Src/stm32u5xx_hal_cortex.o
                             0x17886c (size before relaxing)
 .debug_str     0x0017ac02      0x2fb ./Drivers/STM32U5xx_HAL_Driver/Src/stm32u5xx_hal_gpio.o
                             0x177b61 (size before relaxing)
 .debug_str     0x0017aefd      0x673 ./Drivers/STM32U5xx_HAL_Driver/Src/stm32u5xx_hal_icache.o
                             0x177e5e (size before relaxing)
 .debug_str     0x0017b570      0x806 ./Drivers/STM32U5xx_HAL_Driver/Src/stm32u5xx_hal_pcd.o
                             0x178425 (size before relaxing)
 .debug_str     0x0017bd76      0x174 ./Drivers/STM32U5xx_HAL_Driver/Src/stm32u5xx_hal_pcd_ex.o
                             0x177dc3 (size before relaxing)
 .debug_str     0x0017beea      0x91d ./Drivers/STM32U5xx_HAL_Driver/Src/stm32u5xx_hal_pwr_ex.o
                             0x178380 (size before relaxing)
 .debug_str     0x0017c807     0x12b7 ./Drivers/STM32U5xx_HAL_Driver/Src/stm32u5xx_hal_rcc.o
                             0x1792d5 (size before relaxing)
 .debug_str     0x0017dabe     0x2b0e ./Drivers/STM32U5xx_HAL_Driver/Src/stm32u5xx_hal_rcc_ex.o
                             0x17aad6 (size before relaxing)
 .debug_str     0x001805cc      0xfcf ./Drivers/STM32U5xx_HAL_Driver/Src/stm32u5xx_hal_tim.o
                             0x178f7f (size before relaxing)
 .debug_str     0x0018159b      0x9cb ./Drivers/STM32U5xx_HAL_Driver/Src/stm32u5xx_hal_tim_ex.o
                             0x178bd6 (size before relaxing)
 .debug_str     0x00181f66      0x4b9 ./Drivers/STM32U5xx_HAL_Driver/Src/stm32u5xx_ll_usb.o
                             0x17831f (size before relaxing)
 .debug_str     0x0018241f      0xa4c ./Middlewares/ST/STM32_USB_Device_Library/Class/CDC/Src/usbd_cdc.o
                             0x179923 (size before relaxing)
 .debug_str     0x00182e6b      0x35c ./Middlewares/ST/STM32_USB_Device_Library/Core/Src/usbd_core.o
                             0x179231 (size before relaxing)
 .debug_str     0x001831c7      0x139 ./Middlewares/ST/STM32_USB_Device_Library/Core/Src/usbd_ctlreq.o
                             0x17905c (size before relaxing)
 .debug_str     0x00183300       0x51 ./Middlewares/ST/STM32_USB_Device_Library/Core/Src/usbd_ioreq.o
                             0x178f31 (size before relaxing)
 .debug_str     0x00183351      0x105 ./USB_DEVICE/App/usb_device.o
                             0x1792e4 (size before relaxing)
 .debug_str     0x00183456       0x8a ./USB_DEVICE/App/usbd_cdc_if.o
                             0x179324 (size before relaxing)
 .debug_str     0x001834e0      0x298 ./USB_DEVICE/App/usbd_desc.o
                             0x178e5b (size before relaxing)
 .debug_str     0x00183778       0x69 ./USB_DEVICE/Target/usbd_conf.o
                             0x179b5b (size before relaxing)

.comment        0x00000000       0x43
 .comment       0x00000000       0x43 ./Core/Src/main.o
                                 0x44 (size before relaxing)
 .comment       0x00000043       0x44 ./Core/Src/stm32u5xx_hal_msp.o
 .comment       0x00000043       0x44 ./Core/Src/stm32u5xx_hal_timebase_tim.o
 .comment       0x00000043       0x44 ./Core/Src/stm32u5xx_it.o
 .comment       0x00000043       0x44 ./Core/Src/system_stm32u5xx.o
 .comment       0x00000043       0x44 ./Drivers/STM32U5xx_HAL_Driver/Src/stm32u5xx_hal.o
 .comment       0x00000043       0x44 ./Drivers/STM32U5xx_HAL_Driver/Src/stm32u5xx_hal_cortex.o
 .comment       0x00000043       0x44 ./Drivers/STM32U5xx_HAL_Driver/Src/stm32u5xx_hal_gpio.o
 .comment       0x00000043       0x44 ./Drivers/STM32U5xx_HAL_Driver/Src/stm32u5xx_hal_icache.o
 .comment       0x00000043       0x44 ./Drivers/STM32U5xx_HAL_Driver/Src/stm32u5xx_hal_pcd.o
 .comment       0x00000043       0x44 ./Drivers/STM32U5xx_HAL_Driver/Src/stm32u5xx_hal_pcd_ex.o
 .comment       0x00000043       0x44 ./Drivers/STM32U5xx_HAL_Driver/Src/stm32u5xx_hal_pwr_ex.o
 .comment       0x00000043       0x44 ./Drivers/STM32U5xx_HAL_Driver/Src/stm32u5xx_hal_rcc.o
 .comment       0x00000043       0x44 ./Drivers/STM32U5xx_HAL_Driver/Src/stm32u5xx_hal_rcc_ex.o
 .comment       0x00000043       0x44 ./Drivers/STM32U5xx_HAL_Driver/Src/stm32u5xx_hal_tim.o
 .comment       0x00000043       0x44 ./Drivers/STM32U5xx_HAL_Driver/Src/stm32u5xx_hal_tim_ex.o
 .comment       0x00000043       0x44 ./Drivers/STM32U5xx_HAL_Driver/Src/stm32u5xx_ll_usb.o
 .comment       0x00000043       0x44 ./Middlewares/ST/STM32_USB_Device_Library/Class/CDC/Src/usbd_cdc.o
 .comment       0x00000043       0x44 ./Middlewares/ST/STM32_USB_Device_Library/Core/Src/usbd_core.o
 .comment       0x00000043       0x44 ./Middlewares/ST/STM32_USB_Device_Library/Core/Src/usbd_ctlreq.o
 .comment       0x00000043       0x44 ./Middlewares/ST/STM32_USB_Device_Library/Core/Src/usbd_ioreq.o
 .comment       0x00000043       0x44 ./USB_DEVICE/App/usb_device.o
 .comment       0x00000043       0x44 ./USB_DEVICE/App/usbd_cdc_if.o
 .comment       0x00000043       0x44 ./USB_DEVICE/App/usbd_desc.o
 .comment       0x00000043       0x44 ./USB_DEVICE/Target/usbd_conf.o

.debug_frame    0x00000000     0x61b4
 .debug_frame   0x00000000       0xf4 ./Core/Src/main.o
 .debug_frame   0x000000f4       0x80 ./Core/Src/stm32u5xx_hal_msp.o